Archive member included to satisfy reference by file (symbol)

D:/Program Files/CubeIDE/STM32CubeIDE_1.18.1/STM32CubeIDE/plugins/com.st.stm32cube.ide.mcu.externaltools.gnu-tools-for-stm32.13.3.rel1.win32_1.0.0.202411081344/tools/bin/../lib/gcc/arm-none-eabi/13.3.1/../../../../arm-none-eabi/lib/thumb/v7e-m+fp/hard\libc_nano.a(libc_a-exit.o)
                              D:/Program Files/CubeIDE/STM32CubeIDE_1.18.1/STM32CubeIDE/plugins/com.st.stm32cube.ide.mcu.externaltools.gnu-tools-for-stm32.13.3.rel1.win32_1.0.0.202411081344/tools/bin/../lib/gcc/arm-none-eabi/13.3.1/../../../../arm-none-eabi/lib/thumb/v7e-m+fp/hard/crt0.o (exit)
D:/Program Files/CubeIDE/STM32CubeIDE_1.18.1/STM32CubeIDE/plugins/com.st.stm32cube.ide.mcu.externaltools.gnu-tools-for-stm32.13.3.rel1.win32_1.0.0.202411081344/tools/bin/../lib/gcc/arm-none-eabi/13.3.1/../../../../arm-none-eabi/lib/thumb/v7e-m+fp/hard\libc_nano.a(libc_a-malloc.o)
                              ./Core/Src/us100_uart.o (malloc)
D:/Program Files/CubeIDE/STM32CubeIDE_1.18.1/STM32CubeIDE/plugins/com.st.stm32cube.ide.mcu.externaltools.gnu-tools-for-stm32.13.3.rel1.win32_1.0.0.202411081344/tools/bin/../lib/gcc/arm-none-eabi/13.3.1/../../../../arm-none-eabi/lib/thumb/v7e-m+fp/hard\libc_nano.a(libc_a-mallocr.o)
                              D:/Program Files/CubeIDE/STM32CubeIDE_1.18.1/STM32CubeIDE/plugins/com.st.stm32cube.ide.mcu.externaltools.gnu-tools-for-stm32.13.3.rel1.win32_1.0.0.202411081344/tools/bin/../lib/gcc/arm-none-eabi/13.3.1/../../../../arm-none-eabi/lib/thumb/v7e-m+fp/hard\libc_nano.a(libc_a-malloc.o) (_malloc_r)
D:/Program Files/CubeIDE/STM32CubeIDE_1.18.1/STM32CubeIDE/plugins/com.st.stm32cube.ide.mcu.externaltools.gnu-tools-for-stm32.13.3.rel1.win32_1.0.0.202411081344/tools/bin/../lib/gcc/arm-none-eabi/13.3.1/../../../../arm-none-eabi/lib/thumb/v7e-m+fp/hard\libc_nano.a(libc_a-mlock.o)
                              D:/Program Files/CubeIDE/STM32CubeIDE_1.18.1/STM32CubeIDE/plugins/com.st.stm32cube.ide.mcu.externaltools.gnu-tools-for-stm32.13.3.rel1.win32_1.0.0.202411081344/tools/bin/../lib/gcc/arm-none-eabi/13.3.1/../../../../arm-none-eabi/lib/thumb/v7e-m+fp/hard\libc_nano.a(libc_a-mallocr.o) (__malloc_lock)
D:/Program Files/CubeIDE/STM32CubeIDE_1.18.1/STM32CubeIDE/plugins/com.st.stm32cube.ide.mcu.externaltools.gnu-tools-for-stm32.13.3.rel1.win32_1.0.0.202411081344/tools/bin/../lib/gcc/arm-none-eabi/13.3.1/../../../../arm-none-eabi/lib/thumb/v7e-m+fp/hard\libc_nano.a(libc_a-nano-vfprintf_float.o)
                              (_printf_float)
D:/Program Files/CubeIDE/STM32CubeIDE_1.18.1/STM32CubeIDE/plugins/com.st.stm32cube.ide.mcu.externaltools.gnu-tools-for-stm32.13.3.rel1.win32_1.0.0.202411081344/tools/bin/../lib/gcc/arm-none-eabi/13.3.1/../../../../arm-none-eabi/lib/thumb/v7e-m+fp/hard\libc_nano.a(libc_a-nano-vfprintf_i.o)
                              D:/Program Files/CubeIDE/STM32CubeIDE_1.18.1/STM32CubeIDE/plugins/com.st.stm32cube.ide.mcu.externaltools.gnu-tools-for-stm32.13.3.rel1.win32_1.0.0.202411081344/tools/bin/../lib/gcc/arm-none-eabi/13.3.1/../../../../arm-none-eabi/lib/thumb/v7e-m+fp/hard\libc_nano.a(libc_a-nano-vfprintf_float.o) (_printf_common)
D:/Program Files/CubeIDE/STM32CubeIDE_1.18.1/STM32CubeIDE/plugins/com.st.stm32cube.ide.mcu.externaltools.gnu-tools-for-stm32.13.3.rel1.win32_1.0.0.202411081344/tools/bin/../lib/gcc/arm-none-eabi/13.3.1/../../../../arm-none-eabi/lib/thumb/v7e-m+fp/hard\libc_nano.a(libc_a-findfp.o)
                              D:/Program Files/CubeIDE/STM32CubeIDE_1.18.1/STM32CubeIDE/plugins/com.st.stm32cube.ide.mcu.externaltools.gnu-tools-for-stm32.13.3.rel1.win32_1.0.0.202411081344/tools/bin/../lib/gcc/arm-none-eabi/13.3.1/../../../../arm-none-eabi/lib/thumb/v7e-m+fp/hard\libc_nano.a(libc_a-exit.o) (__stdio_exit_handler)
D:/Program Files/CubeIDE/STM32CubeIDE_1.18.1/STM32CubeIDE/plugins/com.st.stm32cube.ide.mcu.externaltools.gnu-tools-for-stm32.13.3.rel1.win32_1.0.0.202411081344/tools/bin/../lib/gcc/arm-none-eabi/13.3.1/../../../../arm-none-eabi/lib/thumb/v7e-m+fp/hard\libc_nano.a(libc_a-fwalk.o)
                              D:/Program Files/CubeIDE/STM32CubeIDE_1.18.1/STM32CubeIDE/plugins/com.st.stm32cube.ide.mcu.externaltools.gnu-tools-for-stm32.13.3.rel1.win32_1.0.0.202411081344/tools/bin/../lib/gcc/arm-none-eabi/13.3.1/../../../../arm-none-eabi/lib/thumb/v7e-m+fp/hard\libc_nano.a(libc_a-findfp.o) (_fwalk_sglue)
D:/Program Files/CubeIDE/STM32CubeIDE_1.18.1/STM32CubeIDE/plugins/com.st.stm32cube.ide.mcu.externaltools.gnu-tools-for-stm32.13.3.rel1.win32_1.0.0.202411081344/tools/bin/../lib/gcc/arm-none-eabi/13.3.1/../../../../arm-none-eabi/lib/thumb/v7e-m+fp/hard\libc_nano.a(libc_a-printf.o)
                              ./APP/MPU6050/inv_mpu.o (printf)
[...]
Memory Configuration

Name             Origin             Length             Attributes
CCMRAM           0x10000000         0x00010000         xrw
RAM              0x20000000         0x00020000         xrw
FLASH            0x08000000         0x00080000         xr
*default*        0x00000000         0xffffffff

Linker script and memory map

LOAD D:/Program Files/CubeIDE/STM32CubeIDE_1.18.1/STM32CubeIDE/plugins/com.st.stm32cube.ide.mcu.externaltools.gnu-tools-for-stm32.13.3.rel1.win32_1.0.0.202411081344/tools/bin/../lib/gcc/arm-none-eabi/13.3.1/thumb/v7e-m+fp/hard/crti.o
LOAD D:/Program Files/CubeIDE/STM32CubeIDE_1.18.1/STM32CubeIDE/plugins/com.st.stm32cube.ide.mcu.externaltools.gnu-tools-for-stm32.13.3.rel1.win32_1.0.0.202411081344/tools/bin/../lib/gcc/arm-none-eabi/13.3.1/thumb/v7e-m+fp/hard/crtbegin.o
LOAD D:/Program Files/CubeIDE/STM32CubeIDE_1.18.1/STM32CubeIDE/plugins/com.st.stm32cube.ide.mcu.externaltools.gnu-tools-for-stm32.13.3.rel1.win32_1.0.0.202411081344/tools/bin/../lib/gcc/arm-none-eabi/13.3.1/../../../../arm-none-eabi/lib/thumb/v7e-m+fp/hard/crt0.o
LOAD ./APP/MPU6050/inv_mpu.o
LOAD ./APP/MPU6050/inv_mpu_dmp_motion_driver.o
LOAD ./APP/MPU6050/mpu6050.o
LOAD ./Core/Src/OLED.o
LOAD ./Core/Src/Servo.o
LOAD ./Core/Src/gpio.o
LOAD ./Core/Src/i2c.o
LOAD ./Core/Src/main.o
LOAD ./Core/Src/motor.o
LOAD ./Core/Src/pid_controller.o
LOAD ./Core/Src/stm32f4xx_hal_msp.o
LOAD ./Core/Src/stm32f4xx_it.o
LOAD ./Core/Src/syscalls.o
LOAD ./Core/Src/sysmem.o
LOAD ./Core/Src/system_stm32f4xx.o
LOAD ./Core/Src/tim.o
LOAD ./Core/Src/ultrasonic_nonblocking.o
LOAD ./Core/Src/us100_uart.o
LOAD ./Core/Src/usart.o
LOAD ./Core/Startup/startup_stm32f407zetx.o
LOAD ./Drivers/STM32F4xx_HAL_Driver/Src/stm32f4xx_hal.o
LOAD ./Drivers/STM32F4xx_HAL_Driver/Src/stm32f4xx_hal_cortex.o
LOAD ./Drivers/STM32F4xx_HAL_Driver/Src/stm32f4xx_hal_dma.o
LOAD ./Drivers/STM32F4xx_HAL_Driver/Src/stm32f4xx_hal_dma_ex.o
LOAD ./Drivers/STM32F4xx_HAL_Driver/Src/stm32f4xx_hal_exti.o
LOAD ./Drivers/STM32F4xx_HAL_Driver/Src/stm32f4xx_hal_flash.o
LOAD ./Drivers/STM32F4xx_HAL_Driver/Src/stm32f4xx_hal_flash_ex.o
LOAD ./Drivers/STM32F4xx_HAL_Driver/Src/stm32f4xx_hal_flash_ramfunc.o
LOAD ./Drivers/STM32F4xx_HAL_Driver/Src/stm32f4xx_hal_gpio.o
LOAD ./Drivers/STM32F4xx_HAL_Driver/Src/stm32f4xx_hal_i2c.o
LOAD ./Drivers/STM32F4xx_HAL_Driver/Src/stm32f4xx_hal_i2c_ex.o
LOAD ./Drivers/STM32F4xx_HAL_Driver/Src/stm32f4xx_hal_pwr.o
LOAD ./Drivers/STM32F4xx_HAL_Driver/Src/stm32f4xx_hal_pwr_ex.o
LOAD ./Drivers/STM32F4xx_HAL_Driver/Src/stm32f4xx_hal_rcc.o
LOAD ./Drivers/STM32F4xx_HAL_Driver/Src/stm32f4xx_hal_rcc_ex.o
LOAD ./Drivers/STM32F4xx_HAL_Driver/Src/stm32f4xx_hal_tim.o
LOAD ./Drivers/STM32F4xx_HAL_Driver/Src/stm32f4xx_hal_tim_ex.o
LOAD ./Drivers/STM32F4xx_HAL_Driver/Src/stm32f4xx_hal_uart.o
START GROUP
LOAD D:/Program Files/CubeIDE/STM32CubeIDE_1.18.1/STM32CubeIDE/plugins/com.st.stm32cube.ide.mcu.externaltools.gnu-tools-for-stm32.13.3.rel1.win32_1.0.0.202411081344/tools/bin/../lib/gcc/arm-none-eabi/13.3.1/../../../../arm-none-eabi/lib/thumb/v7e-m+fp/hard\libc_nano.a
LOAD D:/Program Files/CubeIDE/STM32CubeIDE_1.18.1/STM32CubeIDE/plugins/com.st.stm32cube.ide.mcu.externaltools.gnu-tools-for-stm32.13.3.rel1.win32_1.0.0.202411081344/tools/bin/../lib/gcc/arm-none-eabi/13.3.1/../../../../arm-none-eabi/lib/thumb/v7e-m+fp/hard\libm.a
END GROUP
START GROUP
LOAD D:/Program Files/CubeIDE/STM32CubeIDE_1.18.1/STM32CubeIDE/plugins/com.st.stm32cube.ide.mcu.externaltools.gnu-tools-for-stm32.13.3.rel1.win32_1.0.0.202411081344/tools/bin/../lib/gcc/arm-none-eabi/13.3.1/thumb/v7e-m+fp/hard\libgcc.a
LOAD D:/Program Files/CubeIDE/STM32CubeIDE_1.18.1/STM32CubeIDE/plugins/com.st.stm32cube.ide.mcu.externaltools.gnu-tools-for-stm32.13.3.rel1.win32_1.0.0.202411081344/tools/bin/../lib/gcc/arm-none-eabi/13.3.1/../../../../arm-none-eabi/lib/thumb/v7e-m+fp/hard\libc_nano.a
END GROUP
START GROUP
LOAD D:/Program Files/CubeIDE/STM32CubeIDE_1.18.1/STM32CubeIDE/plugins/com.st.stm32cube.ide.mcu.externaltools.gnu-tools-for-stm32.13.3.rel1.win32_1.0.0.202411081344/tools/bin/../lib/gcc/arm-none-eabi/13.3.1/thumb/v7e-m+fp/hard\libgcc.a
LOAD D:/Program Files/CubeIDE/STM32CubeIDE_1.18.1/STM32CubeIDE/plugins/com.st.stm32cube.ide.mcu.externaltools.gnu-tools-for-stm32.13.3.rel1.win32_1.0.0.202411081344/tools/bin/../lib/gcc/arm-none-eabi/13.3.1/../../../../arm-none-eabi/lib/thumb/v7e-m+fp/hard\libc_nano.a
LOAD D:/Program Files/CubeIDE/STM32CubeIDE_1.18.1/STM32CubeIDE/plugins/com.st.stm32cube.ide.mcu.externaltools.gnu-tools-for-stm32.13.3.rel1.win32_1.0.0.202411081344/tools/bin/../lib/gcc/arm-none-eabi/13.3.1/../../../../arm-none-eabi/lib/thumb/v7e-m+fp/hard\libnosys.a
END GROUP
START GROUP
LOAD D:/Program Files/CubeIDE/STM32CubeIDE_1.18.1/STM32CubeIDE/plugins/com.st.stm32cube.ide.mcu.externaltools.gnu-tools-for-stm32.13.3.rel1.win32_1.0.0.202411081344/tools/bin/../lib/gcc/arm-none-eabi/13.3.1/thumb/v7e-m+fp/hard\libgcc.a
LOAD D:/Program Files/CubeIDE/STM32CubeIDE_1.18.1/STM32CubeIDE/plugins/com.st.stm32cube.ide.mcu.externaltools.gnu-tools-for-stm32.13.3.rel1.win32_1.0.0.202411081344/tools/bin/../lib/gcc/arm-none-eabi/13.3.1/../../../../arm-none-eabi/lib/thumb/v7e-m+fp/hard\libc_nano.a
LOAD D:/Program Files/CubeIDE/STM32CubeIDE_1.18.1/STM32CubeIDE/plugins/com.st.stm32cube.ide.mcu.externaltools.gnu-tools-for-stm32.13.3.rel1.win32_1.0.0.202411081344/tools/bin/../lib/gcc/arm-none-eabi/13.3.1/../../../../arm-none-eabi/lib/thumb/v7e-m+fp/hard\libnosys.a
END GROUP
LOAD D:/Program Files/CubeIDE/STM32CubeIDE_1.18.1/STM32CubeIDE/plugins/com.st.stm32cube.ide.mcu.externaltools.gnu-tools-for-stm32.13.3.rel1.win32_1.0.0.202411081344/tools/bin/../lib/gcc/arm-none-eabi/13.3.1/thumb/v7e-m+fp/hard/crtend.o
LOAD D:/Program Files/CubeIDE/STM32CubeIDE_1.18.1/STM32CubeIDE/plugins/com.st.stm32cube.ide.mcu.externaltools.gnu-tools-for-stm32.13.3.rel1.win32_1.0.0.202411081344/tools/bin/../lib/gcc/arm-none-eabi/13.3.1/thumb/v7e-m+fp/hard/crtn.o
                0x20020000                        _estack = (ORIGIN (RAM) + LENGTH (RAM))
                0x00000200                        _Min_Heap_Size = 0x200
                0x00000400                        _Min_Stack_Size = 0x400

.isr_vector     0x08000000      0x188
                0x08000000                        . = ALIGN (0x4)
 *(.isr_vector)
 .isr_vector    0x08000000      0x188 ./Core/Startup/startup_stm32f407zetx.o
                0x08000000                g_pfnVectors
                0x08000188                        . = ALIGN (0x4)

.text           0x08000190    0x14cdc
                0x08000190                        . = ALIGN (0x4)
 *(.text)
 .text          0x08000190       0x40 D:/Program Files/CubeIDE/STM32CubeIDE_1.18.1/STM32CubeIDE/plugins/com.st.stm32cube.ide.mcu.externaltools.gnu-tools-for-stm32.13.3.rel1.win32_1.0.0.202411081344/tools/bin/../lib/gcc/arm-none-eabi/13.3.1/thumb/v7e-m+fp/hard/crtbegin.o
 .text          0x080001d0       0xa0 D:/Program Files/CubeIDE/STM32CubeIDE_1.18.1/STM32CubeIDE/plugins/com.st.stm32cube.ide.mcu.externaltools.gnu-tools-for-stm32.13.3.rel1.win32_1.0.0.202411081344/tools/bin/../lib/gcc/arm-none-eabi/13.3.1/../../../../arm-none-eabi/lib/thumb/v7e-m+fp/hard\libc_nano.a(libc_a-memchr.o)
                0x080001d0                memchr
 .text          0x08000270       0x10 D:/Program Files/CubeIDE/STM32CubeIDE_1.18.1/STM32CubeIDE/plugins/com.st.stm32cube.ide.mcu.externaltools.gnu-tools-for-stm32.13.3.rel1.win32_1.0.0.202411081344/tools/bin/../lib/gcc/arm-none-eabi/13.3.1/../../../../arm-none-eabi/lib/thumb/v7e-m+fp/hard\libc_nano.a(libc_a-strlen.o)
                0x08000270                strlen
 .text          0x08000280      0x378 D:/Program Files/CubeIDE/STM32CubeIDE_1.18.1/STM32CubeIDE/plugins/com.st.stm32cube.ide.mcu.externaltools.gnu-tools-for-stm32.13.3.rel1.win32_1.0.0.202411081344/tools/bin/../lib/gcc/arm-none-eabi/13.3.1/thumb/v7e-m+fp/hard\libgcc.a(_arm_addsubdf3.o)
                0x08000280                __aeabi_drsub
                0x08000288                __aeabi_dsub
                0x08000288                __subdf3
                0x0800028c                __aeabi_dadd
                0x0800028c                __adddf3
                0x08000504                __floatunsidf
                0x08000504                __aeabi_ui2d
                0x08000524                __floatsidf
                0x08000524                __aeabi_i2d
                0x08000548                __aeabi_f2d
                0x08000548                __extendsfdf2
                0x0800058c                __floatundidf
                0x0800058c                __aeabi_ul2d
                0x0800059c                __floatdidf
                0x0800059c                __aeabi_l2d
 .text          0x080005f8      0x424 D:/Program Files/CubeIDE/STM32CubeIDE_1.18.1/STM32CubeIDE/plugins/com.st.stm32cube.ide.mcu.externaltools.gnu-tools-for-stm32.13.3.rel1.win32_1.0.0.202411081344/tools/bin/../lib/gcc/arm-none-eabi/13.3.1/thumb/v7e-m+fp/hard\libgcc.a(_arm_muldivdf3.o)
                0x080005f8                __aeabi_dmul
                0x080005f8                __muldf3
                0x0800084c                __divdf3
                0x0800084c                __aeabi_ddiv
 .text          0x08000a1c      0x110 D:/Program Files/CubeIDE/STM32CubeIDE_1.18.1/STM32CubeIDE/plugins/com.st.stm32cube.ide.mcu.externaltools.gnu-tools-for-stm32.13.3.rel1.win32_1.0.0.202411081344/tools/bin/../lib/gcc/arm-none-eabi/13.3.1/thumb/v7e-m+fp/hard\libgcc.a(_arm_cmpdf2.o)
                0x08000a1c                __gtdf2
                0x08000a1c                __gedf2
                0x08000a24                __ltdf2
                0x08000a24                __ledf2
                0x08000a2c                __nedf2
                0x08000a2c                __eqdf2
                0x08000a2c                __cmpdf2
                0x08000aa8                __aeabi_cdrcmple
                0x08000ab8                __aeabi_cdcmpeq
                0x08000ab8                __aeabi_cdcmple
                0x08000ac8                __aeabi_dcmpeq
                0x08000adc                __aeabi_dcmplt
                0x08000af0                __aeabi_dcmple
                0x08000b04                __aeabi_dcmpge
                0x08000b18                __aeabi_dcmpgt
 .text          0x08000b2c       0x2c D:/Program Files/CubeIDE/STM32CubeIDE_1.18.1/STM32CubeIDE/plugins/com.st.stm32cube.ide.mcu.externaltools.gnu-tools-for-stm32.13.3.rel1.win32_1.0.0.202411081344/tools/bin/../lib/gcc/arm-none-eabi/13.3.1/thumb/v7e-m+fp/hard\libgcc.a(_arm_unorddf2.o)
                0x08000b2c                __unorddf2
                0x08000b2c                __aeabi_dcmpun
 .text          0x08000b58       0x50 D:/Program Files/CubeIDE/STM32CubeIDE_1.18.1/STM32CubeIDE/plugins/com.st.stm32cube.ide.mcu.externaltools.gnu-tools-for-stm32.13.3.rel1.win32_1.0.0.202411081344/tools/bin/../lib/gcc/arm-none-eabi/13.3.1/thumb/v7e-m+fp/hard\libgcc.a(_arm_fixdfsi.o)
                0x08000b58                __aeabi_d2iz
                0x08000b58                __fixdfsi
 .text          0x08000ba8       0x40 D:/Program Files/CubeIDE/STM32CubeIDE_1.18.1/STM32CubeIDE/plugins/com.st.stm32cube.ide.mcu.externaltools.gnu-tools-for-stm32.13.3.rel1.win32_1.0.0.202411081344/tools/bin/../lib/gcc/arm-none-eabi/13.3.1/thumb/v7e-m+fp/hard\libgcc.a(_arm_fixunsdfsi.o)
                0x08000ba8                __aeabi_d2uiz
                0x08000ba8                __fixunsdfsi
 .text          0x08000be8       0xa0 D:/Program Files/CubeIDE/STM32CubeIDE_1.18.1/STM32CubeIDE/plugins/com.st.stm32cube.ide.mcu.externaltools.gnu-tools-for-stm32.13.3.rel1.win32_1.0.0.202411081344/tools/bin/../lib/gcc/arm-none-eabi/13.3.1/thumb/v7e-m+fp/hard\libgcc.a(_arm_truncdfsf2.o)
                0x08000be8                __truncdfsf2
                0x08000be8                __aeabi_d2f
 .text          0x08000c88       0xa0 D:/Program Files/CubeIDE/STM32CubeIDE_1.18.1/STM32CubeIDE/plugins/com.st.stm32cube.ide.mcu.externaltools.gnu-tools-for-stm32.13.3.rel1.win32_1.0.0.202411081344/tools/bin/../lib/gcc/arm-none-eabi/13.3.1/thumb/v7e-m+fp/hard\libgcc.a(_aeabi_ldivmod.o)
                0x08000c88                __aeabi_ldivmod
 .text          0x08000d28       0x30 D:/Program Files/CubeIDE/STM32CubeIDE_1.18.1/STM32CubeIDE/plugins/com.st.stm32cube.ide.mcu.externaltools.gnu-tools-for-stm32.13.3.rel1.win32_1.0.0.202411081344/tools/bin/../lib/gcc/arm-none-eabi/13.3.1/thumb/v7e-m+fp/hard\libgcc.a(_aeabi_uldivmod.o)
                0x08000d28                __aeabi_uldivmod
 .text          0x08000d58      0x2f8 D:/Program Files/CubeIDE/STM32CubeIDE_1.18.1/STM32CubeIDE/plugins/com.st.stm32cube.ide.mcu.externaltools.gnu-tools-for-stm32.13.3.rel1.win32_1.0.0.202411081344/tools/bin/../lib/gcc/arm-none-eabi/13.3.1/thumb/v7e-m+fp/hard\libgcc.a(_udivmoddi4.o)
                0x08000d58                __udivmoddi4
 .text          0x08001050        0x4 D:/Program Files/CubeIDE/STM32CubeIDE_1.18.1/STM32CubeIDE/plugins/com.st.stm32cube.ide.mcu.externaltools.gnu-tools-for-stm32.13.3.rel1.win32_1.0.0.202411081344/tools/bin/../lib/gcc/arm-none-eabi/13.3.1/thumb/v7e-m+fp/hard\libgcc.a(_dvmd_tls.o)
                0x08001050                __aeabi_idiv0
                0x08001050                __aeabi_ldiv0
 *(.text*)
 .text.set_int_enable
                0x08001054       0xdc ./APP/MPU6050/inv_mpu.o
 .text.mpu_init
                0x08001130      0x278 ./APP/MPU6050/inv_mpu.o
                0x08001130                mpu_init
 .text.mpu_lp_accel_mode
                0x080013a8      0x124 ./APP/MPU6050/inv_mpu.o
                0x080013a8                mpu_lp_accel_mode
 .text.mpu_reset_fifo
                0x080014cc      0x2d0 ./APP/MPU6050/inv_mpu.o
                0x080014cc                mpu_reset_fifo
 .text.mpu_get_gyro_fsr
                0x0800179c       0x68 ./APP/MPU6050/inv_mpu.o
                0x0800179c                mpu_get_gyro_fsr
 .text.mpu_set_gyro_fsr
                0x08001804       0xc0 ./APP/MPU6050/inv_mpu.o
                0x08001804                mpu_set_gyro_fsr
 .text.mpu_get_accel_fsr
                0x080018c4       0x74 ./APP/MPU6050/inv_mpu.o
                0x080018c4                mpu_get_accel_fsr
 .text.mpu_set_accel_fsr
                0x08001938       0xe4 ./APP/MPU6050/inv_mpu.o
                0x08001938                mpu_set_accel_fsr
 .text.mpu_get_lpf
                0x08001a1c       0x7c ./APP/MPU6050/inv_mpu.o
                0x08001a1c                mpu_get_lpf
 .text.mpu_set_lpf
                0x08001a98       0xb4 ./APP/MPU6050/inv_mpu.o
                0x08001a98                mpu_set_lpf
 .text.mpu_get_sample_rate
                0x08001b4c       0x34 ./APP/MPU6050/inv_mpu.o
                0x08001b4c                mpu_get_sample_rate
 .text.mpu_set_sample_rate
                0x08001b80       0xe4 ./APP/MPU6050/inv_mpu.o
                0x08001b80                mpu_set_sample_rate
 .text.mpu_get_gyro_sens
                0x08001c64       0x70 ./APP/MPU6050/inv_mpu.o
                0x08001c64                mpu_get_gyro_sens
 .text.mpu_get_accel_sens
                0x08001cd4       0x7c ./APP/MPU6050/inv_mpu.o
                0x08001cd4                mpu_get_accel_sens
 .text.mpu_get_fifo_config
                0x08001d50       0x24 ./APP/MPU6050/inv_mpu.o
                0x08001d50                mpu_get_fifo_config
 .text.mpu_configure_fifo
                0x08001d74       0xa4 ./APP/MPU6050/inv_mpu.o
                0x08001d74                mpu_configure_fifo
 .text.mpu_set_sensors
                0x08001e18      0x134 ./APP/MPU6050/inv_mpu.o
                0x08001e18                mpu_set_sensors
 .text.mpu_read_fifo_stream
                0x08001f4c      0x138 ./APP/MPU6050/inv_mpu.o
                0x08001f4c                mpu_read_fifo_stream
 .text.mpu_set_bypass
                0x08002084      0x1fc ./APP/MPU6050/inv_mpu.o
                0x08002084                mpu_set_bypass
 .text.mpu_set_int_latched
                0x08002280       0xa0 ./APP/MPU6050/inv_mpu.o
                0x08002280                mpu_set_int_latched
 .text.get_accel_prod_shift
                0x08002320      0x130 ./APP/MPU6050/inv_mpu.o
 .text.accel_self_test
                0x08002450      0x108 ./APP/MPU6050/inv_mpu.o
 .text.gyro_self_test
                0x08002558      0x194 ./APP/MPU6050/inv_mpu.o
 .text.get_st_biases
                0x080026ec      0x81c ./APP/MPU6050/inv_mpu.o
 .text.mpu_run_self_test
                0x08002f08      0x1a8 ./APP/MPU6050/inv_mpu.o
                0x08002f08                mpu_run_self_test
 .text.mpu_write_mem
                0x080030b0       0xcc ./APP/MPU6050/inv_mpu.o
                0x080030b0                mpu_write_mem
 .text.mpu_read_mem
                0x0800317c       0xcc ./APP/MPU6050/inv_mpu.o
                0x0800317c                mpu_read_mem
 .text.mpu_load_firmware
                0x08003248      0x110 ./APP/MPU6050/inv_mpu.o
                0x08003248                mpu_load_firmware
 .text.mpu_set_dmp_state
                0x08003358       0xcc ./APP/MPU6050/inv_mpu.o
                0x08003358                mpu_set_dmp_state
 .text.myget_ms
                0x08003424       0x14 ./APP/MPU6050/inv_mpu.o
                0x08003424                myget_ms
 .text.dmp_load_motion_driver_firmware
                0x08003438       0x20 ./APP/MPU6050/inv_mpu_dmp_motion_driver.o
                0x08003438                dmp_load_motion_driver_firmware
 .text.dmp_set_orientation
                0x08003458      0x1d8 ./APP/MPU6050/inv_mpu_dmp_motion_driver.o
                0x08003458                dmp_set_orientation
 .text.dmp_set_gyro_bias
                0x08003630      0x214 ./APP/MPU6050/inv_mpu_dmp_motion_driver.o
                0x08003630                dmp_set_gyro_bias
 .text.dmp_set_accel_bias
                0x08003844      0x204 ./APP/MPU6050/inv_mpu_dmp_motion_driver.o
                0x08003844                dmp_set_accel_bias
 .text.dmp_set_fifo_rate
                0x08003a48       0x90 ./APP/MPU6050/inv_mpu_dmp_motion_driver.o
                0x08003a48                dmp_set_fifo_rate
 .text.dmp_set_tap_thresh
                0x08003ad8      0x26c ./APP/MPU6050/inv_mpu_dmp_motion_driver.o
                0x08003ad8                dmp_set_tap_thresh
 .text.dmp_set_tap_axes
                0x08003d44       0x64 ./APP/MPU6050/inv_mpu_dmp_motion_driver.o
                0x08003d44                dmp_set_tap_axes
 .text.dmp_set_tap_count
                0x08003da8       0x42 ./APP/MPU6050/inv_mpu_dmp_motion_driver.o
                0x08003da8                dmp_set_tap_count
 *fill*         0x08003dea        0x2 
 .text.dmp_set_tap_time
                0x08003dec       0x44 ./APP/MPU6050/inv_mpu_dmp_motion_driver.o
                0x08003dec                dmp_set_tap_time
 .text.dmp_set_tap_time_multi
                0x08003e30       0x44 ./APP/MPU6050/inv_mpu_dmp_motion_driver.o
                0x08003e30                dmp_set_tap_time_multi
 .text.dmp_set_shake_reject_thresh
                0x08003e74       0x60 ./APP/MPU6050/inv_mpu_dmp_motion_driver.o
                0x08003e74                dmp_set_shake_reject_thresh
 .text.dmp_set_shake_reject_time
                0x08003ed4       0x44 ./APP/MPU6050/inv_mpu_dmp_motion_driver.o
                0x08003ed4                dmp_set_shake_reject_time
 .text.dmp_set_shake_reject_timeout
                0x08003f18       0x44 ./APP/MPU6050/inv_mpu_dmp_motion_driver.o
                0x08003f18                dmp_set_shake_reject_timeout
 .text.dmp_enable_feature
                0x08003f5c      0x250 ./APP/MPU6050/inv_mpu_dmp_motion_driver.o
                0x08003f5c                dmp_enable_feature
 .text.dmp_enable_gyro_cal
                0x080041ac       0x60 ./APP/MPU6050/inv_mpu_dmp_motion_driver.o
                0x080041ac                dmp_enable_gyro_cal
 .text.dmp_enable_lp_quat
                0x0800420c       0x4e ./APP/MPU6050/inv_mpu_dmp_motion_driver.o
                0x0800420c                dmp_enable_lp_quat
 .text.dmp_enable_6x_lp_quat
                0x0800425a       0x4e ./APP/MPU6050/inv_mpu_dmp_motion_driver.o
                0x0800425a                dmp_enable_6x_lp_quat
 .text.decode_gesture
                0x080042a8       0x88 ./APP/MPU6050/inv_mpu_dmp_motion_driver.o
 .text.dmp_read_fifo
                0x08004330      0x2e4 ./APP/MPU6050/inv_mpu_dmp_motion_driver.o
                0x08004330                dmp_read_fifo
 .text.run_self_test
                0x08004614       0xd0 ./APP/MPU6050/mpu6050.o
 .text.inv_row_2_scale
                0x080046e4       0x82 ./APP/MPU6050/mpu6050.o
 .text.inv_orientation_matrix_to_scalar
                0x08004766       0x50 ./APP/MPU6050/mpu6050.o
 *fill*         0x080047b6        0x2 
 .text.MPU6050_DMP_Init
                0x080047b8       0xe0 ./APP/MPU6050/mpu6050.o
                0x080047b8                MPU6050_DMP_Init
 .text.MPU6050_DMP_Get_Data
                0x08004898      0x1ec ./APP/MPU6050/mpu6050.o
                0x08004898                MPU6050_DMP_Get_Data
 .text.OLED_I2C_Init
                0x08004a84        0xe ./Core/Src/OLED.o
                0x08004a84                OLED_I2C_Init
 *fill*         0x08004a92        0x2 
 .text.OLED_WriteCommand
                0x08004a94       0x30 ./Core/Src/OLED.o
                0x08004a94                OLED_WriteCommand
 .text.OLED_WriteData
                0x08004ac4       0x30 ./Core/Src/OLED.o
                0x08004ac4                OLED_WriteData
 .text.OLED_SetCursor
                0x08004af4       0x46 ./Core/Src/OLED.o
                0x08004af4                OLED_SetCursor
 .text.OLED_Clear
                0x08004b3a       0x46 ./Core/Src/OLED.o
                0x08004b3a                OLED_Clear
 .text.OLED_Clear_Part
                0x08004b80       0x98 ./Core/Src/OLED.o
                0x08004b80                OLED_Clear_Part
 .text.OLED_ShowChar
                0x08004c18       0xb0 ./Core/Src/OLED.o
                0x08004c18                OLED_ShowChar
 .text.OLED_ShowString
                0x08004cc8       0x4a ./Core/Src/OLED.o
                0x08004cc8                OLED_ShowString
 .text.OLED_Pow
                0x08004d12       0x32 ./Core/Src/OLED.o
                0x08004d12                OLED_Pow
 .text.OLED_ShowNum
                0x08004d44       0x7c ./Core/Src/OLED.o
                0x08004d44                OLED_ShowNum
 .text.OLED_Init
                0x08004dc0       0xac ./Core/Src/OLED.o
                0x08004dc0                OLED_Init
 .text.Servo_Init
                0x08004e6c       0x70 ./Core/Src/Servo.o
                0x08004e6c                Servo_Init
 .text.Servo_SetAngle
                0x08004edc       0x78 ./Core/Src/Servo.o
                0x08004edc                Servo_SetAngle
 .text.Servo_SetPulse
                0x08004f54       0x58 ./Core/Src/Servo.o
                0x08004f54                Servo_SetPulse
 .text.MX_GPIO_Init
                0x08004fac      0x314 ./Core/Src/gpio.o
                0x08004fac                MX_GPIO_Init
 .text.MX_I2C1_Init
                0x080052c0       0x5c ./Core/Src/i2c.o
                0x080052c0                MX_I2C1_Init
 .text.MX_I2C3_Init
                0x0800531c       0x5c ./Core/Src/i2c.o
                0x0800531c                MX_I2C3_Init
 .text.HAL_I2C_MspInit
                0x08005378      0x140 ./Core/Src/i2c.o
                0x08005378                HAL_I2C_MspInit
 .text.HAL_UART_RxCpltCallback
                0x080054b8       0xa4 ./Core/Src/main.o
                0x080054b8                HAL_UART_RxCpltCallback
 .text.smooth_speed_transition
                0x0800555c       0x9a ./Core/Src/main.o
                0x0800555c                smooth_speed_transition
 *fill*         0x080055f6        0x2 
 .text.PID_ResetAll
                0x080055f8       0x30 ./Core/Src/main.o
                0x080055f8                PID_ResetAll
 .text.Rotate_90_Degrees
                0x08005628      0x300 ./Core/Src/main.o
                0x08005628                Rotate_90_Degrees
 .text.Servo_open_red_left
                0x08005928       0x60 ./Core/Src/main.o
                0x08005928                Servo_open_red_left
 .text.Servo_open_red_right
                0x08005988       0x5c ./Core/Src/main.o
                0x08005988                Servo_open_red_right
 .text.Servo_open_green_left
                0x080059e4       0x5c ./Core/Src/main.o
                0x080059e4                Servo_open_green_left
 .text.Servo_open_green_right
                0x08005a40       0x5c ./Core/Src/main.o
                0x08005a40                Servo_open_green_right
 .text.Servo_close
                0x08005a9c       0x60 ./Core/Src/main.o
                0x08005a9c                Servo_close
 .text.main     0x08005afc     0x2080 ./Core/Src/main.o
                0x08005afc                main
 .text.SystemClock_Config
                0x08007b7c       0xd4 ./Core/Src/main.o
                0x08007b7c                SystemClock_Config
 .text.Error_Handler
                0x08007c50        0xc ./Core/Src/main.o
                0x08007c50                Error_Handler
 .text.Motor_Init
                0x08007c5c       0xf8 ./Core/Src/motor.o
                0x08007c5c                Motor_Init
 .text.Motor_SetSpeed
                0x08007d54      0x224 ./Core/Src/motor.o
                0x08007d54                Motor_SetSpeed
 .text.Motor_GetEncoder
                0x08007f78       0xbc ./Core/Src/motor.o
                0x08007f78                Motor_GetEncoder
 .text.Reset_Timer
                0x08008034       0x20 ./Core/Src/motor.o
                0x08008034                Reset_Timer
 .text.Motor_Straight
                0x08008054      0x424 ./Core/Src/motor.o
                0x08008054                Motor_Straight
 .text.Adjust_Left_Motors_By_Distance
                0x08008478      0xf68 ./Core/Src/motor.o
                0x08008478                Adjust_Left_Motors_By_Distance
 .text.Adjust_Right_Motors_By_Distance
                0x080093e0      0xf68 ./Core/Src/motor.o
                0x080093e0                Adjust_Right_Motors_By_Distance
 .text.Adjust_Motors_By_Side_Distances
                0x0800a348     0x101c ./Core/Src/motor.o
                0x0800a348                Adjust_Motors_By_Side_Distances
 .text.PID_Calculate
                0x0800b364       0xf8 ./Core/Src/pid_controller.o
                0x0800b364                PID_Calculate
 .text.PID_Reset
                0x0800b45c       0x24 ./Core/Src/pid_controller.o
                0x0800b45c                PID_Reset
 .text.HAL_MspInit
                0x0800b480       0x50 ./Core/Src/stm32f4xx_hal_msp.o
                0x0800b480                HAL_MspInit
 .text.NMI_Handler
                0x0800b4d0        0x8 ./Core/Src/stm32f4xx_it.o
                0x0800b4d0                NMI_Handler
 .text.HardFault_Handler
                0x0800b4d8        0x8 ./Core/Src/stm32f4xx_it.o
                0x0800b4d8                HardFault_Handler
 .text.MemManage_Handler
                0x0800b4e0        0x8 ./Core/Src/stm32f4xx_it.o
                0x0800b4e0                MemManage_Handler
 .text.BusFault_Handler
                0x0800b4e8        0x8 ./Core/Src/stm32f4xx_it.o
                0x0800b4e8                BusFault_Handler
 .text.UsageFault_Handler
                0x0800b4f0        0x8 ./Core/Src/stm32f4xx_it.o
                0x0800b4f0                UsageFault_Handler
 .text.SVC_Handler
                0x0800b4f8        0xe ./Core/Src/stm32f4xx_it.o
                0x0800b4f8                SVC_Handler
 .text.DebugMon_Handler
                0x0800b506        0xe ./Core/Src/stm32f4xx_it.o
                0x0800b506                DebugMon_Handler
 .text.PendSV_Handler
                0x0800b514        0xe ./Core/Src/stm32f4xx_it.o
                0x0800b514                PendSV_Handler
 .text.SysTick_Handler
                0x0800b522        0xc ./Core/Src/stm32f4xx_it.o
                0x0800b522                SysTick_Handler
 *fill*         0x0800b52e        0x2 
 .text.USART1_IRQHandler
                0x0800b530       0x14 ./Core/Src/stm32f4xx_it.o
                0x0800b530                USART1_IRQHandler
 .text.USART2_IRQHandler
                0x0800b544       0x14 ./Core/Src/stm32f4xx_it.o
                0x0800b544                USART2_IRQHandler
 .text.USART3_IRQHandler
                0x0800b558       0x14 ./Core/Src/stm32f4xx_it.o
                0x0800b558                USART3_IRQHandler
 .text.EXTI15_10_IRQHandler
                0x0800b56c       0x18 ./Core/Src/stm32f4xx_it.o
                0x0800b56c                EXTI15_10_IRQHandler
 .text.UART4_IRQHandler
                0x0800b584       0x14 ./Core/Src/stm32f4xx_it.o
                0x0800b584                UART4_IRQHandler
 .text.UART5_IRQHandler
                0x0800b598       0x14 ./Core/Src/stm32f4xx_it.o
                0x0800b598                UART5_IRQHandler
 .text.USART6_IRQHandler
                0x0800b5ac       0x14 ./Core/Src/stm32f4xx_it.o
                0x0800b5ac                USART6_IRQHandler
 .text._getpid  0x0800b5c0       0x10 ./Core/Src/syscalls.o
                0x0800b5c0                _getpid
 .text._kill    0x0800b5d0       0x20 ./Core/Src/syscalls.o
                0x0800b5d0                _kill
 .text._exit    0x0800b5f0       0x16 ./Core/Src/syscalls.o
                0x0800b5f0                _exit
 .text._read    0x0800b606       0x3a ./Core/Src/syscalls.o
                0x0800b606                _read
 .text._write   0x0800b640       0x38 ./Core/Src/syscalls.o
                0x0800b640                _write
 .text._close   0x0800b678       0x18 ./Core/Src/syscalls.o
                0x0800b678                _close
 .text._fstat   0x0800b690       0x20 ./Core/Src/syscalls.o
                0x0800b690                _fstat
 .text._isatty  0x0800b6b0       0x16 ./Core/Src/syscalls.o
                0x0800b6b0                _isatty
 .text._lseek   0x0800b6c6       0x1a ./Core/Src/syscalls.o
                0x0800b6c6                _lseek
 .text._sbrk    0x0800b6e0       0x6c ./Core/Src/sysmem.o
                0x0800b6e0                _sbrk
 .text.SystemInit
                0x0800b74c       0x24 ./Core/Src/system_stm32f4xx.o
                0x0800b74c                SystemInit
 .text.MX_TIM1_Init
                0x0800b770       0xb0 ./Core/Src/tim.o
                0x0800b770                MX_TIM1_Init
 .text.MX_TIM2_Init
                0x0800b820       0xa8 ./Core/Src/tim.o
                0x0800b820                MX_TIM2_Init
 .text.MX_TIM3_Init
                0x0800b8c8       0xa8 ./Core/Src/tim.o
                0x0800b8c8                MX_TIM3_Init
 .text.MX_TIM4_Init
                0x0800b970       0xa8 ./Core/Src/tim.o
                0x0800b970                MX_TIM4_Init
 .text.MX_TIM5_Init
                0x0800ba18      0x130 ./Core/Src/tim.o
                0x0800ba18                MX_TIM5_Init
 .text.MX_TIM6_Init
                0x0800bb48       0x6c ./Core/Src/tim.o
                0x0800bb48                MX_TIM6_Init
 .text.MX_TIM8_Init
                0x0800bbb4      0x15c ./Core/Src/tim.o
                0x0800bbb4                MX_TIM8_Init
 .text.MX_TIM9_Init
                0x0800bd10       0xdc ./Core/Src/tim.o
                0x0800bd10                MX_TIM9_Init
 .text.MX_TIM10_Init
                0x0800bdec       0x9c ./Core/Src/tim.o
                0x0800bdec                MX_TIM10_Init
 .text.HAL_TIM_Encoder_MspInit
                0x0800be88      0x210 ./Core/Src/tim.o
                0x0800be88                HAL_TIM_Encoder_MspInit
 .text.HAL_TIM_Base_MspInit
                0x0800c098       0xf4 ./Core/Src/tim.o
                0x0800c098                HAL_TIM_Base_MspInit
 .text.HAL_TIM_MspPostInit
                0x0800c18c      0x164 ./Core/Src/tim.o
                0x0800c18c                HAL_TIM_MspPostInit
 .text.get_us_timestamp
                0x0800c2f0       0x38 ./Core/Src/ultrasonic_nonblocking.o
 .text.HAL_GPIO_EXTI_Callback
                0x0800c328      0x224 ./Core/Src/ultrasonic_nonblocking.o
                0x0800c328                HAL_GPIO_EXTI_Callback
 .text.KalmanFilter_Init
                0x0800c54c       0x42 ./Core/Src/us100_uart.o
                0x0800c54c                KalmanFilter_Init
 .text.KalmanFilter_Update
                0x0800c58e       0xa2 ./Core/Src/us100_uart.o
                0x0800c58e                KalmanFilter_Update
 .text.SlidingWindowFilter_Init
                0x0800c630       0x50 ./Core/Src/us100_uart.o
                0x0800c630                SlidingWindowFilter_Init
 .text.SlidingWindowFilter_Update
                0x0800c680       0x9a ./Core/Src/us100_uart.o
                0x0800c680                SlidingWindowFilter_Update
 *fill*         0x0800c71a        0x2 
 .text.US100_Init
                0x0800c71c       0xac ./Core/Src/us100_uart.o
                0x0800c71c                US100_Init
 .text.US100_StartMeasurement
                0x0800c7c8       0x58 ./Core/Src/us100_uart.o
                0x0800c7c8                US100_StartMeasurement
 .text.US100_Update
                0x0800c820      0x104 ./Core/Src/us100_uart.o
                0x0800c820                US100_Update
 .text.US100_UART_RxCpltCallback
                0x0800c924       0xc8 ./Core/Src/us100_uart.o
                0x0800c924                US100_UART_RxCpltCallback
 .text.US100_GetDistance
                0x0800c9ec       0x64 ./Core/Src/us100_uart.o
                0x0800c9ec                US100_GetDistance
 .text.US100_GetAllValidDistances
                0x0800ca50      0x19c ./Core/Src/us100_uart.o
                0x0800ca50                US100_GetAllValidDistances
 .text.MX_UART4_Init
                0x0800cbec       0x54 ./Core/Src/usart.o
                0x0800cbec                MX_UART4_Init
 .text.MX_UART5_Init
                0x0800cc40       0x54 ./Core/Src/usart.o
                0x0800cc40                MX_UART5_Init
 .text.MX_USART1_UART_Init
                0x0800cc94       0x54 ./Core/Src/usart.o
                0x0800cc94                MX_USART1_UART_Init
 .text.MX_USART2_UART_Init
                0x0800cce8       0x54 ./Core/Src/usart.o
                0x0800cce8                MX_USART2_UART_Init
 .text.MX_USART3_UART_Init
                0x0800cd3c       0x54 ./Core/Src/usart.o
                0x0800cd3c                MX_USART3_UART_Init
 .text.MX_USART6_UART_Init
                0x0800cd90       0x54 ./Core/Src/usart.o
                0x0800cd90                MX_USART6_UART_Init
 .text.HAL_UART_MspInit
                0x0800cde4      0x34c ./Core/Src/usart.o
                0x0800cde4                HAL_UART_MspInit
 .text.Reset_Handler
                0x0800d130       0x50 ./Core/Startup/startup_stm32f407zetx.o
                0x0800d130                Reset_Handler
 .text.Default_Handler
                0x0800d180        0x2 ./Core/Startup/startup_stm32f407zetx.o
                0x0800d180                RTC_Alarm_IRQHandler
                0x0800d180                HASH_RNG_IRQHandler
                0x0800d180                EXTI2_IRQHandler
                0x0800d180                TIM8_CC_IRQHandler
                0x0800d180                TIM1_CC_IRQHandler
                0x0800d180                DMA2_Stream5_IRQHandler
                0x0800d180                DMA1_Stream5_IRQHandler
                0x0800d180                PVD_IRQHandler
                0x0800d180                SDIO_IRQHandler
                0x0800d180                TAMP_STAMP_IRQHandler
                0x0800d180                CAN2_RX1_IRQHandler
                0x0800d180                EXTI3_IRQHandler
                0x0800d180                TIM8_TRG_COM_TIM14_IRQHandler
                0x0800d180                TIM1_UP_TIM10_IRQHandler
                0x0800d180                TIM8_UP_TIM13_IRQHandler
                0x0800d180                I2C3_ER_IRQHandler
                0x0800d180                EXTI0_IRQHandler
                0x0800d180                I2C2_EV_IRQHandler
                0x0800d180                DMA1_Stream2_IRQHandler
                0x0800d180                CAN1_RX0_IRQHandler
                0x0800d180                FPU_IRQHandler
                0x0800d180                OTG_HS_WKUP_IRQHandler
                0x0800d180                CAN2_SCE_IRQHandler
                0x0800d180                DMA2_Stream2_IRQHandler
                0x0800d180                SPI1_IRQHandler
                0x0800d180                TIM6_DAC_IRQHandler
                0x0800d180                TIM1_BRK_TIM9_IRQHandler
                0x0800d180                DCMI_IRQHandler
                0x0800d180                CAN2_RX0_IRQHandler
                0x0800d180                DMA2_Stream3_IRQHandler
                0x0800d180                CAN1_RX1_IRQHandler
                0x0800d180                DMA2_Stream0_IRQHandler
                0x0800d180                TIM4_IRQHandler
                0x0800d180                I2C1_EV_IRQHandler
                0x0800d180                DMA1_Stream6_IRQHandler
                0x0800d180                DMA1_Stream1_IRQHandler
                0x0800d180                TIM3_IRQHandler
                0x0800d180                RCC_IRQHandler
                0x0800d180                TIM8_BRK_TIM12_IRQHandler
                0x0800d180                Default_Handler
                0x0800d180                ADC_IRQHandler
                0x0800d180                DMA1_Stream7_IRQHandler
                0x0800d180                TIM7_IRQHandler
                0x0800d180                CAN2_TX_IRQHandler
                0x0800d180                TIM5_IRQHandler
                0x0800d180                DMA2_Stream7_IRQHandler
                0x0800d180                I2C3_EV_IRQHandler
                0x0800d180                EXTI9_5_IRQHandler
                0x0800d180                RTC_WKUP_IRQHandler
                0x0800d180                ETH_WKUP_IRQHandler
                0x0800d180                SPI2_IRQHandler
                0x0800d180                OTG_HS_EP1_IN_IRQHandler
                0x0800d180                DMA1_Stream0_IRQHandler
                0x0800d180                CAN1_TX_IRQHandler
                0x0800d180                EXTI4_IRQHandler
                0x0800d180                FSMC_IRQHandler
                0x0800d180                ETH_IRQHandler
                0x0800d180                OTG_HS_EP1_OUT_IRQHandler
                0x0800d180                WWDG_IRQHandler
                0x0800d180                TIM2_IRQHandler
                0x0800d180                OTG_FS_WKUP_IRQHandler
                0x0800d180                TIM1_TRG_COM_TIM11_IRQHandler
                0x0800d180                OTG_HS_IRQHandler
                0x0800d180                EXTI1_IRQHandler
                0x0800d180                I2C2_ER_IRQHandler
                0x0800d180                DMA2_Stream1_IRQHandler
                0x0800d180                CAN1_SCE_IRQHandler
                0x0800d180                FLASH_IRQHandler
                0x0800d180                DMA2_Stream4_IRQHandler
                0x0800d180                OTG_FS_IRQHandler
                0x0800d180                SPI3_IRQHandler
                0x0800d180                DMA1_Stream4_IRQHandler
                0x0800d180                I2C1_ER_IRQHandler
                0x0800d180                DMA2_Stream6_IRQHandler
                0x0800d180                DMA1_Stream3_IRQHandler
 *fill*         0x0800d182        0x2 
 .text.HAL_Init
                0x0800d184       0x44 ./Drivers/STM32F4xx_HAL_Driver/Src/stm32f4xx_hal.o
                0x0800d184                HAL_Init
 .text.HAL_InitTick
                0x0800d1c8       0x60 ./Drivers/STM32F4xx_HAL_Driver/Src/stm32f4xx_hal.o
                0x0800d1c8                HAL_InitTick
 .text.HAL_IncTick
                0x0800d228       0x28 ./Drivers/STM32F4xx_HAL_Driver/Src/stm32f4xx_hal.o
                0x0800d228                HAL_IncTick
 .text.HAL_GetTick
                0x0800d250       0x18 ./Drivers/STM32F4xx_HAL_Driver/Src/stm32f4xx_hal.o
                0x0800d250                HAL_GetTick
 .text.HAL_Delay
                0x0800d268       0x48 ./Drivers/STM32F4xx_HAL_Driver/Src/stm32f4xx_hal.o
                0x0800d268                HAL_Delay
 .text.__NVIC_SetPriorityGrouping
                0x0800d2b0       0x48 ./Drivers/STM32F4xx_HAL_Driver/Src/stm32f4xx_hal_cortex.o
 .text.__NVIC_GetPriorityGrouping
                0x0800d2f8       0x1c ./Drivers/STM32F4xx_HAL_Driver/Src/stm32f4xx_hal_cortex.o
 .text.__NVIC_EnableIRQ
                0x0800d314       0x3c ./Drivers/STM32F4xx_HAL_Driver/Src/stm32f4xx_hal_cortex.o
 .text.__NVIC_SetPriority
                0x0800d350       0x54 ./Drivers/STM32F4xx_HAL_Driver/Src/stm32f4xx_hal_cortex.o
 .text.NVIC_EncodePriority
                0x0800d3a4       0x66 ./Drivers/STM32F4xx_HAL_Driver/Src/stm32f4xx_hal_cortex.o
 *fill*         0x0800d40a        0x2 
 .text.SysTick_Config
                0x0800d40c       0x44 ./Drivers/STM32F4xx_HAL_Driver/Src/stm32f4xx_hal_cortex.o
 .text.HAL_NVIC_SetPriorityGrouping
                0x0800d450       0x16 ./Drivers/STM32F4xx_HAL_Driver/Src/stm32f4xx_hal_cortex.o
                0x0800d450                HAL_NVIC_SetPriorityGrouping
 .text.HAL_NVIC_SetPriority
                0x0800d466       0x38 ./Drivers/STM32F4xx_HAL_Driver/Src/stm32f4xx_hal_cortex.o
                0x0800d466                HAL_NVIC_SetPriority
 .text.HAL_NVIC_EnableIRQ
                0x0800d49e       0x1c ./Drivers/STM32F4xx_HAL_Driver/Src/stm32f4xx_hal_cortex.o
                0x0800d49e                HAL_NVIC_EnableIRQ
 .text.HAL_SYSTICK_Config
                0x0800d4ba       0x18 ./Drivers/STM32F4xx_HAL_Driver/Src/stm32f4xx_hal_cortex.o
                0x0800d4ba                HAL_SYSTICK_Config
 .text.HAL_DMA_Abort
                0x0800d4d2       0xe0 ./Drivers/STM32F4xx_HAL_Driver/Src/stm32f4xx_hal_dma.o
                0x0800d4d2                HAL_DMA_Abort
 .text.HAL_DMA_Abort_IT
                0x0800d5b2       0x44 ./Drivers/STM32F4xx_HAL_Driver/Src/stm32f4xx_hal_dma.o
                0x0800d5b2                HAL_DMA_Abort_IT
 *fill*         0x0800d5f6        0x2 
 .text.HAL_GPIO_Init
                0x0800d5f8      0x338 ./Drivers/STM32F4xx_HAL_Driver/Src/stm32f4xx_hal_gpio.o
                0x0800d5f8                HAL_GPIO_Init
 .text.HAL_GPIO_ReadPin
                0x0800d930       0x30 ./Drivers/STM32F4xx_HAL_Driver/Src/stm32f4xx_hal_gpio.o
                0x0800d930                HAL_GPIO_ReadPin
 .text.HAL_GPIO_WritePin
                0x0800d960       0x32 ./Drivers/STM32F4xx_HAL_Driver/Src/stm32f4xx_hal_gpio.o
                0x0800d960                HAL_GPIO_WritePin
 *fill*         0x0800d992        0x2 
 .text.HAL_GPIO_EXTI_IRQHandler
                0x0800d994       0x30 ./Drivers/STM32F4xx_HAL_Driver/Src/stm32f4xx_hal_gpio.o
                0x0800d994                HAL_GPIO_EXTI_IRQHandler
 .text.HAL_I2C_Init
                0x0800d9c4      0x288 ./Drivers/STM32F4xx_HAL_Driver/Src/stm32f4xx_hal_i2c.o
                0x0800d9c4                HAL_I2C_Init
 .text.HAL_I2C_Master_Transmit
                0x0800dc4c      0x1fc ./Drivers/STM32F4xx_HAL_Driver/Src/stm32f4xx_hal_i2c.o
                0x0800dc4c                HAL_I2C_Master_Transmit
 .text.HAL_I2C_Mem_Write
                0x0800de48      0x1f4 ./Drivers/STM32F4xx_HAL_Driver/Src/stm32f4xx_hal_i2c.o
                0x0800de48                HAL_I2C_Mem_Write
 .text.HAL_I2C_Mem_Read
                0x0800e03c      0x464 ./Drivers/STM32F4xx_HAL_Driver/Src/stm32f4xx_hal_i2c.o
                0x0800e03c                HAL_I2C_Mem_Read
 .text.I2C_MasterRequestWrite
                0x0800e4a0      0x104 ./Drivers/STM32F4xx_HAL_Driver/Src/stm32f4xx_hal_i2c.o
 .text.I2C_RequestMemoryWrite
                0x0800e5a4      0x12c ./Drivers/STM32F4xx_HAL_Driver/Src/stm32f4xx_hal_i2c.o
 .text.I2C_RequestMemoryRead
                0x0800e6d0      0x1d0 ./Drivers/STM32F4xx_HAL_Driver/Src/stm32f4xx_hal_i2c.o
 .text.I2C_WaitOnFlagUntilTimeout
                0x0800e8a0       0xf4 ./Drivers/STM32F4xx_HAL_Driver/Src/stm32f4xx_hal_i2c.o
 .text.I2C_WaitOnMasterAddressFlagUntilTimeout
                0x0800e994      0x140 ./Drivers/STM32F4xx_HAL_Driver/Src/stm32f4xx_hal_i2c.o
 .text.I2C_WaitOnTXEFlagUntilTimeout
                0x0800ead4       0x90 ./Drivers/STM32F4xx_HAL_Driver/Src/stm32f4xx_hal_i2c.o
 .text.I2C_WaitOnBTFFlagUntilTimeout
                0x0800eb64       0x90 ./Drivers/STM32F4xx_HAL_Driver/Src/stm32f4xx_hal_i2c.o
 .text.I2C_WaitOnRXNEFlagUntilTimeout
                0x0800ebf4       0xba ./Drivers/STM32F4xx_HAL_Driver/Src/stm32f4xx_hal_i2c.o
 .text.I2C_IsAcknowledgeFailed
                0x0800ecae       0x5e ./Drivers/STM32F4xx_HAL_Driver/Src/stm32f4xx_hal_i2c.o
 .text.HAL_RCC_OscConfig
                0x0800ed0c      0x4f0 ./Drivers/STM32F4xx_HAL_Driver/Src/stm32f4xx_hal_rcc.o
                0x0800ed0c                HAL_RCC_OscConfig
 .text.HAL_RCC_ClockConfig
                0x0800f1fc      0x1cc ./Drivers/STM32F4xx_HAL_Driver/Src/stm32f4xx_hal_rcc.o
                0x0800f1fc                HAL_RCC_ClockConfig
 .text.HAL_RCC_GetSysClockFreq
                0x0800f3c8      0x18c ./Drivers/STM32F4xx_HAL_Driver/Src/stm32f4xx_hal_rcc.o
                0x0800f3c8                HAL_RCC_GetSysClockFreq
 .text.HAL_RCC_GetHCLKFreq
                0x0800f554       0x18 ./Drivers/STM32F4xx_HAL_Driver/Src/stm32f4xx_hal_rcc.o
                0x0800f554                HAL_RCC_GetHCLKFreq
 .text.HAL_RCC_GetPCLK1Freq
                0x0800f56c       0x28 ./Drivers/STM32F4xx_HAL_Driver/Src/stm32f4xx_hal_rcc.o
                0x0800f56c                HAL_RCC_GetPCLK1Freq
 .text.HAL_RCC_GetPCLK2Freq
                0x0800f594       0x28 ./Drivers/STM32F4xx_HAL_Driver/Src/stm32f4xx_hal_rcc.o
                0x0800f594                HAL_RCC_GetPCLK2Freq
 .text.HAL_TIM_Base_Init
                0x0800f5bc       0x9e ./Drivers/STM32F4xx_HAL_Driver/Src/stm32f4xx_hal_tim.o
                0x0800f5bc                HAL_TIM_Base_Init
 *fill*         0x0800f65a        0x2 
 .text.HAL_TIM_Base_Start
                0x0800f65c       0xd0 ./Drivers/STM32F4xx_HAL_Driver/Src/stm32f4xx_hal_tim.o
                0x0800f65c                HAL_TIM_Base_Start
 .text.HAL_TIM_PWM_Init
                0x0800f72c       0x9e ./Drivers/STM32F4xx_HAL_Driver/Src/stm32f4xx_hal_tim.o
                0x0800f72c                HAL_TIM_PWM_Init
 .text.HAL_TIM_PWM_MspInit
                0x0800f7ca       0x14 ./Drivers/STM32F4xx_HAL_Driver/Src/stm32f4xx_hal_tim.o
                0x0800f7ca                HAL_TIM_PWM_MspInit
 *fill*         0x0800f7de        0x2 
 .text.HAL_TIM_PWM_Start
                0x0800f7e0      0x190 ./Drivers/STM32F4xx_HAL_Driver/Src/stm32f4xx_hal_tim.o
                0x0800f7e0                HAL_TIM_PWM_Start
 .text.HAL_TIM_Encoder_Init
                0x0800f970      0x14c ./Drivers/STM32F4xx_HAL_Driver/Src/stm32f4xx_hal_tim.o
                0x0800f970                HAL_TIM_Encoder_Init
 .text.HAL_TIM_Encoder_Start
                0x0800fabc      0x11c ./Drivers/STM32F4xx_HAL_Driver/Src/stm32f4xx_hal_tim.o
                0x0800fabc                HAL_TIM_Encoder_Start
 .text.HAL_TIM_PWM_ConfigChannel
                0x0800fbd8      0x184 ./Drivers/STM32F4xx_HAL_Driver/Src/stm32f4xx_hal_tim.o
                0x0800fbd8                HAL_TIM_PWM_ConfigChannel
 .text.HAL_TIM_ConfigClockSource
                0x0800fd5c      0x18e ./Drivers/STM32F4xx_HAL_Driver/Src/stm32f4xx_hal_tim.o
                0x0800fd5c                HAL_TIM_ConfigClockSource
 *fill*         0x0800feea        0x2 
 .text.TIM_Base_SetConfig
                0x0800feec      0x158 ./Drivers/STM32F4xx_HAL_Driver/Src/stm32f4xx_hal_tim.o
                0x0800feec                TIM_Base_SetConfig
 .text.TIM_OC1_SetConfig
                0x08010044       0xe0 ./Drivers/STM32F4xx_HAL_Driver/Src/stm32f4xx_hal_tim.o
 .text.TIM_OC2_SetConfig
                0x08010124       0xec ./Drivers/STM32F4xx_HAL_Driver/Src/stm32f4xx_hal_tim.o
                0x08010124                TIM_OC2_SetConfig
 .text.TIM_OC3_SetConfig
                0x08010210       0xe8 ./Drivers/STM32F4xx_HAL_Driver/Src/stm32f4xx_hal_tim.o
 .text.TIM_OC4_SetConfig
                0x080102f8       0xac ./Drivers/STM32F4xx_HAL_Driver/Src/stm32f4xx_hal_tim.o
 .text.TIM_TI1_ConfigInputStage
                0x080103a4       0x5e ./Drivers/STM32F4xx_HAL_Driver/Src/stm32f4xx_hal_tim.o
 .text.TIM_TI2_ConfigInputStage
                0x08010402       0x60 ./Drivers/STM32F4xx_HAL_Driver/Src/stm32f4xx_hal_tim.o
 .text.TIM_ITRx_SetConfig
                0x08010462       0x36 ./Drivers/STM32F4xx_HAL_Driver/Src/stm32f4xx_hal_tim.o
 .text.TIM_ETR_SetConfig
                0x08010498       0x40 ./Drivers/STM32F4xx_HAL_Driver/Src/stm32f4xx_hal_tim.o
                0x08010498                TIM_ETR_SetConfig
 .text.TIM_CCxChannelCmd
                0x080104d8       0x4a ./Drivers/STM32F4xx_HAL_Driver/Src/stm32f4xx_hal_tim.o
                0x080104d8                TIM_CCxChannelCmd
 *fill*         0x08010522        0x2 
 .text.HAL_TIMEx_MasterConfigSynchronization
                0x08010524       0xf8 ./Drivers/STM32F4xx_HAL_Driver/Src/stm32f4xx_hal_tim_ex.o
                0x08010524                HAL_TIMEx_MasterConfigSynchronization
 .text.HAL_TIMEx_ConfigBreakDeadTime
                0x0801061c       0xa4 ./Drivers/STM32F4xx_HAL_Driver/Src/stm32f4xx_hal_tim_ex.o
                0x0801061c                HAL_TIMEx_ConfigBreakDeadTime
 .text.HAL_UART_Init
                0x080106c0       0xa0 ./Drivers/STM32F4xx_HAL_Driver/Src/stm32f4xx_hal_uart.o
                0x080106c0                HAL_UART_Init
 .text.HAL_UART_Transmit
                0x08010760      0x116 ./Drivers/STM32F4xx_HAL_Driver/Src/stm32f4xx_hal_uart.o
                0x08010760                HAL_UART_Transmit
 .text.HAL_UART_Receive_IT
                0x08010876       0x4a ./Drivers/STM32F4xx_HAL_Driver/Src/stm32f4xx_hal_uart.o
                0x08010876                HAL_UART_Receive_IT
 .text.HAL_UART_IRQHandler
                0x080108c0      0x524 ./Drivers/STM32F4xx_HAL_Driver/Src/stm32f4xx_hal_uart.o
                0x080108c0                HAL_UART_IRQHandler
 .text.HAL_UART_TxCpltCallback
                0x08010de4       0x14 ./Drivers/STM32F4xx_HAL_Driver/Src/stm32f4xx_hal_uart.o
                0x08010de4                HAL_UART_TxCpltCallback
 .text.HAL_UART_ErrorCallback
                0x08010df8       0x14 ./Drivers/STM32F4xx_HAL_Driver/Src/stm32f4xx_hal_uart.o
                0x08010df8                HAL_UART_ErrorCallback
 .text.HAL_UARTEx_RxEventCallback
                0x08010e0c       0x18 ./Drivers/STM32F4xx_HAL_Driver/Src/stm32f4xx_hal_uart.o
                0x08010e0c                HAL_UARTEx_RxEventCallback
 .text.HAL_UART_GetState
                0x08010e24       0x3c ./Drivers/STM32F4xx_HAL_Driver/Src/stm32f4xx_hal_uart.o
                0x08010e24                HAL_UART_GetState
 .text.UART_WaitOnFlagUntilTimeout
                0x08010e60       0xb2 ./Drivers/STM32F4xx_HAL_Driver/Src/stm32f4xx_hal_uart.o
 .text.UART_Start_Receive_IT
                0x08010f12       0x74 ./Drivers/STM32F4xx_HAL_Driver/Src/stm32f4xx_hal_uart.o
                0x08010f12                UART_Start_Receive_IT
 .text.UART_EndRxTransfer
                0x08010f86       0xc6 ./Drivers/STM32F4xx_HAL_Driver/Src/stm32f4xx_hal_uart.o
 .text.UART_DMAAbortOnError
                0x0801104c       0x28 ./Drivers/STM32F4xx_HAL_Driver/Src/stm32f4xx_hal_uart.o
 .text.UART_Transmit_IT
                0x08011074       0xa0 ./Drivers/STM32F4xx_HAL_Driver/Src/stm32f4xx_hal_uart.o
 .text.UART_EndTransmit_IT
                0x08011114       0x30 ./Drivers/STM32F4xx_HAL_Driver/Src/stm32f4xx_hal_uart.o
 .text.UART_Receive_IT
                0x08011144      0x17c ./Drivers/STM32F4xx_HAL_Driver/Src/stm32f4xx_hal_uart.o
 .text.UART_SetConfig
                0x080112c0      0x4e8 ./Drivers/STM32F4xx_HAL_Driver/Src/stm32f4xx_hal_uart.o
 .text.malloc   0x080117a8       0x10 D:/Program Files/CubeIDE/STM32CubeIDE_1.18.1/STM32CubeIDE/plugins/com.st.stm32cube.ide.mcu.externaltools.gnu-tools-for-stm32.13.3.rel1.win32_1.0.0.202411081344/tools/bin/../lib/gcc/arm-none-eabi/13.3.1/../../../../arm-none-eabi/lib/thumb/v7e-m+fp/hard\libc_nano.a(libc_a-malloc.o)
                0x080117a8                malloc
 .text.sbrk_aligned
                0x080117b8       0x44 D:/Program Files/CubeIDE/STM32CubeIDE_1.18.1/STM32CubeIDE/plugins/com.st.stm32cube.ide.mcu.externaltools.gnu-tools-for-stm32.13.3.rel1.win32_1.0.0.202411081344/tools/bin/../lib/gcc/arm-none-eabi/13.3.1/../../../../arm-none-eabi/lib/thumb/v7e-m+fp/hard\libc_nano.a(libc_a-mallocr.o)
 .text._malloc_r
                0x080117fc      0x100 D:/Program Files/CubeIDE/STM32CubeIDE_1.18.1/STM32CubeIDE/plugins/com.st.stm32cube.ide.mcu.externaltools.gnu-tools-for-stm32.13.3.rel1.win32_1.0.0.202411081344/tools/bin/../lib/gcc/arm-none-eabi/13.3.1/../../../../arm-none-eabi/lib/thumb/v7e-m+fp/hard\libc_nano.a(libc_a-mallocr.o)
                0x080117fc                _malloc_r
 .text.__malloc_lock
                0x080118fc        0xc D:/Program Files/CubeIDE/STM32CubeIDE_1.18.1/STM32CubeIDE/plugins/com.st.stm32cube.ide.mcu.externaltools.gnu-tools-for-stm32.13.3.rel1.win32_1.0.0.202411081344/tools/bin/../lib/gcc/arm-none-eabi/13.3.1/../../../../arm-none-eabi/lib/thumb/v7e-m+fp/hard\libc_nano.a(libc_a-mlock.o)
                0x080118fc                __malloc_lock
 .text.__malloc_unlock
                0x08011908        0xc D:/Program Files/CubeIDE/STM32CubeIDE_1.18.1/STM32CubeIDE/plugins/com.st.stm32cube.ide.mcu.externaltools.gnu-tools-for-stm32.13.3.rel1.win32_1.0.0.202411081344/tools/bin/../lib/gcc/arm-none-eabi/13.3.1/../../../../arm-none-eabi/lib/thumb/v7e-m+fp/hard\libc_nano.a(libc_a-mlock.o)
                0x08011908                __malloc_unlock
 .text.__cvt    0x08011914       0xca D:/Program Files/CubeIDE/STM32CubeIDE_1.18.1/STM32CubeIDE/plugins/com.st.stm32cube.ide.mcu.externaltools.gnu-tools-for-stm32.13.3.rel1.win32_1.0.0.202411081344/tools/bin/../lib/gcc/arm-none-eabi/13.3.1/../../../../arm-none-eabi/lib/thumb/v7e-m+fp/hard\libc_nano.a(libc_a-nano-vfprintf_float.o)
                0x08011914                __cvt
 .text.__exponent
                0x080119de       0x74 D:/Program Files/CubeIDE/STM32CubeIDE_1.18.1/STM32CubeIDE/plugins/com.st.stm32cube.ide.mcu.externaltools.gnu-tools-for-stm32.13.3.rel1.win32_1.0.0.202411081344/tools/bin/../lib/gcc/arm-none-eabi/13.3.1/../../../../arm-none-eabi/lib/thumb/v7e-m+fp/hard\libc_nano.a(libc_a-nano-vfprintf_float.o)
                0x080119de                __exponent
 *fill*         0x08011a52        0x2 
 .text._printf_float
                0x08011a54      0x454 D:/Program Files/CubeIDE/STM32CubeIDE_1.18.1/STM32CubeIDE/plugins/com.st.stm32cube.ide.mcu.externaltools.gnu-tools-for-stm32.13.3.rel1.win32_1.0.0.202411081344/tools/bin/../lib/gcc/arm-none-eabi/13.3.1/../../../../arm-none-eabi/lib/thumb/v7e-m+fp/hard\libc_nano.a(libc_a-nano-vfprintf_float.o)
                0x08011a54                _printf_float
 .text._printf_common
                0x08011ea8       0xda D:/Program Files/CubeIDE/STM32CubeIDE_1.18.1/STM32CubeIDE/plugins/com.st.stm32cube.ide.mcu.externaltools.gnu-tools-for-stm32.13.3.rel1.win32_1.0.0.202411081344/tools/bin/../lib/gcc/arm-none-eabi/13.3.1/../../../../arm-none-eabi/lib/thumb/v7e-m+fp/hard\libc_nano.a(libc_a-nano-vfprintf_i.o)
                0x08011ea8                _printf_common
 *fill*         0x08011f82        0x2 
 .text._printf_i
                0x08011f84      0x23c D:/Program Files/CubeIDE/STM32CubeIDE_1.18.1/STM32CubeIDE/plugins/com.st.stm32cube.ide.mcu.externaltools.gnu-tools-for-stm32.13.3.rel1.win32_1.0.0.202411081344/tools/bin/../lib/gcc/arm-none-eabi/13.3.1/../../../../arm-none-eabi/lib/thumb/v7e-m+fp/hard\libc_nano.a(libc_a-nano-vfprintf_i.o)
                0x08011f84                _printf_i
 .text.std      0x080121c0       0x6c D:/Program Files/CubeIDE/STM32CubeIDE_1.18.1/STM32CubeIDE/plugins/com.st.stm32cube.ide.mcu.externaltools.gnu-tools-for-stm32.13.3.rel1.win32_1.0.0.202411081344/tools/bin/../lib/gcc/arm-none-eabi/13.3.1/../../../../arm-none-eabi/lib/thumb/v7e-m+fp/hard\libc_nano.a(libc_a-findfp.o)
 .text.stdio_exit_handler
                0x0801222c       0x18 D:/Program Files/CubeIDE/STM32CubeIDE_1.18.1/STM32CubeIDE/plugins/com.st.stm32cube.ide.mcu.externaltools.gnu-tools-for-stm32.13.3.rel1.win32_1.0.0.202411081344/tools/bin/../lib/gcc/arm-none-eabi/13.3.1/../../../../arm-none-eabi/lib/thumb/v7e-m+fp/hard\libc_nano.a(libc_a-findfp.o)
 .text.cleanup_stdio
                0x08012244       0x40 D:/Program Files/CubeIDE/STM32CubeIDE_1.18.1/STM32CubeIDE/plugins/com.st.stm32cube.ide.mcu.externaltools.gnu-tools-for-stm32.13.3.rel1.win32_1.0.0.202411081344/tools/bin/../lib/gcc/arm-none-eabi/13.3.1/../../../../arm-none-eabi/lib/thumb/v7e-m+fp/hard\libc_nano.a(libc_a-findfp.o)
 .text.global_stdio_init.part.0
                0x08012284       0x3c D:/Program Files/CubeIDE/STM32CubeIDE_1.18.1/STM32CubeIDE/plugins/com.st.stm32cube.ide.mcu.externaltools.gnu-tools-for-stm32.13.3.rel1.win32_1.0.0.202411081344/tools/bin/../lib/gcc/arm-none-eabi/13.3.1/../../../../arm-none-eabi/lib/thumb/v7e-m+fp/hard\libc_nano.a(libc_a-findfp.o)
 .text.__sfp_lock_acquire
                0x080122c0        0xc D:/Program Files/CubeIDE/STM32CubeIDE_1.18.1/STM32CubeIDE/plugins/com.st.stm32cube.ide.mcu.externaltools.gnu-tools-for-stm32.13.3.rel1.win32_1.0.0.202411081344/tools/bin/../lib/gcc/arm-none-eabi/13.3.1/../../../../arm-none-eabi/lib/thumb/v7e-m+fp/hard\libc_nano.a(libc_a-findfp.o)
                0x080122c0                __sfp_lock_acquire
 .text.__sfp_lock_release
                0x080122cc        0xc D:/Program Files/CubeIDE/STM32CubeIDE_1.18.1/STM32CubeIDE/plugins/com.st.stm32cube.ide.mcu.externaltools.gnu-tools-for-stm32.13.3.rel1.win32_1.0.0.202411081344/tools/bin/../lib/gcc/arm-none-eabi/13.3.1/../../../../arm-none-eabi/lib/thumb/v7e-m+fp/hard\libc_nano.a(libc_a-findfp.o)
                0x080122cc                __sfp_lock_release
 .text.__sinit  0x080122d8       0x30 D:/Program Files/CubeIDE/STM32CubeIDE_1.18.1/STM32CubeIDE/plugins/com.st.stm32cube.ide.mcu.externaltools.gnu-tools-for-stm32.13.3.rel1.win32_1.0.0.202411081344/tools/bin/../lib/gcc/arm-none-eabi/13.3.1/../../../../arm-none-eabi/lib/thumb/v7e-m+fp/hard\libc_nano.a(libc_a-findfp.o)
                0x080122d8                __sinit
 .text._fwalk_sglue
                0x08012308       0x3c D:/Program Files/CubeIDE/STM32CubeIDE_1.18.1/STM32CubeIDE/plugins/com.st.stm32cube.ide.mcu.externaltools.gnu-tools-for-stm32.13.3.rel1.win32_1.0.0.202411081344/tools/bin/../lib/gcc/arm-none-eabi/13.3.1/../../../../arm-none-eabi/lib/thumb/v7e-m+fp/hard\libc_nano.a(libc_a-fwalk.o)
                0x08012308                _fwalk_sglue
 .text.printf   0x08012344       0x24 D:/Program Files/CubeIDE/STM32CubeIDE_1.18.1/STM32CubeIDE/plugins/com.st.stm32cube.ide.mcu.externaltools.gnu-tools-for-stm32.13.3.rel1.win32_1.0.0.202411081344/tools/bin/../lib/gcc/arm-none-eabi/13.3.1/../../../../arm-none-eabi/lib/thumb/v7e-m+fp/hard\libc_nano.a(libc_a-printf.o)
                0x08012344                iprintf
                0x08012344                printf
 .text._puts_r  0x08012368       0xaa D:/Program Files/CubeIDE/STM32CubeIDE_1.18.1/STM32CubeIDE/plugins/com.st.stm32cube.ide.mcu.externaltools.gnu-tools-for-stm32.13.3.rel1.win32_1.0.0.202411081344/tools/bin/../lib/gcc/arm-none-eabi/13.3.1/../../../../arm-none-eabi/lib/thumb/v7e-m+fp/hard\libc_nano.a(libc_a-puts.o)
                0x08012368                _puts_r
 *fill*         0x08012412        0x2 
 .text.puts     0x08012414       0x10 D:/Program Files/CubeIDE/STM32CubeIDE_1.18.1/STM32CubeIDE/plugins/com.st.stm32cube.ide.mcu.externaltools.gnu-tools-for-stm32.13.3.rel1.win32_1.0.0.202411081344/tools/bin/../lib/gcc/arm-none-eabi/13.3.1/../../../../arm-none-eabi/lib/thumb/v7e-m+fp/hard\libc_nano.a(libc_a-puts.o)
                0x08012414                puts
 .text.__sread  0x08012424       0x22 D:/Program Files/CubeIDE/STM32CubeIDE_1.18.1/STM32CubeIDE/plugins/com.st.stm32cube.ide.mcu.externaltools.gnu-tools-for-stm32.13.3.rel1.win32_1.0.0.202411081344/tools/bin/../lib/gcc/arm-none-eabi/13.3.1/../../../../arm-none-eabi/lib/thumb/v7e-m+fp/hard\libc_nano.a(libc_a-stdio.o)
                0x08012424                __sread
 .text.__swrite
                0x08012446       0x38 D:/Program Files/CubeIDE/STM32CubeIDE_1.18.1/STM32CubeIDE/plugins/com.st.stm32cube.ide.mcu.externaltools.gnu-tools-for-stm32.13.3.rel1.win32_1.0.0.202411081344/tools/bin/../lib/gcc/arm-none-eabi/13.3.1/../../../../arm-none-eabi/lib/thumb/v7e-m+fp/hard\libc_nano.a(libc_a-stdio.o)
                0x08012446                __swrite
 .text.__sseek  0x0801247e       0x24 D:/Program Files/CubeIDE/STM32CubeIDE_1.18.1/STM32CubeIDE/plugins/com.st.stm32cube.ide.mcu.externaltools.gnu-tools-for-stm32.13.3.rel1.win32_1.0.0.202411081344/tools/bin/../lib/gcc/arm-none-eabi/13.3.1/../../../../arm-none-eabi/lib/thumb/v7e-m+fp/hard\libc_nano.a(libc_a-stdio.o)
                0x0801247e                __sseek
 .text.__sclose
                0x080124a2        0x8 D:/Program Files/CubeIDE/STM32CubeIDE_1.18.1/STM32CubeIDE/plugins/com.st.stm32cube.ide.mcu.externaltools.gnu-tools-for-stm32.13.3.rel1.win32_1.0.0.202411081344/tools/bin/../lib/gcc/arm-none-eabi/13.3.1/../../../../arm-none-eabi/lib/thumb/v7e-m+fp/hard\libc_nano.a(libc_a-stdio.o)
                0x080124a2                __sclose
 .text.__swbuf_r
                0x080124aa       0x7c D:/Program Files/CubeIDE/STM32CubeIDE_1.18.1/STM32CubeIDE/plugins/com.st.stm32cube.ide.mcu.externaltools.gnu-tools-for-stm32.13.3.rel1.win32_1.0.0.202411081344/tools/bin/../lib/gcc/arm-none-eabi/13.3.1/../../../../arm-none-eabi/lib/thumb/v7e-m+fp/hard\libc_nano.a(libc_a-wbuf.o)
                0x080124aa                __swbuf_r
 *fill*         0x08012526        0x2 
 .text.__swsetup_r
                0x08012528       0xac D:/Program Files/CubeIDE/STM32CubeIDE_1.18.1/STM32CubeIDE/plugins/com.st.stm32cube.ide.mcu.externaltools.gnu-tools-for-stm32.13.3.rel1.win32_1.0.0.202411081344/tools/bin/../lib/gcc/arm-none-eabi/13.3.1/../../../../arm-none-eabi/lib/thumb/v7e-m+fp/hard\libc_nano.a(libc_a-wsetup.o)
                0x08012528                __swsetup_r
 .text.memcmp   0x080125d4       0x20 D:/Program Files/CubeIDE/STM32CubeIDE_1.18.1/STM32CubeIDE/plugins/com.st.stm32cube.ide.mcu.externaltools.gnu-tools-for-stm32.13.3.rel1.win32_1.0.0.202411081344/tools/bin/../lib/gcc/arm-none-eabi/13.3.1/../../../../arm-none-eabi/lib/thumb/v7e-m+fp/hard\libc_nano.a(libc_a-memcmp.o)
                0x080125d4                memcmp
 .text.memset   0x080125f4       0x10 D:/Program Files/CubeIDE/STM32CubeIDE_1.18.1/STM32CubeIDE/plugins/com.st.stm32cube.ide.mcu.externaltools.gnu-tools-for-stm32.13.3.rel1.win32_1.0.0.202411081344/tools/bin/../lib/gcc/arm-none-eabi/13.3.1/../../../../arm-none-eabi/lib/thumb/v7e-m+fp/hard\libc_nano.a(libc_a-memset.o)
                0x080125f4                memset
 .text._localeconv_r
                0x08012604        0x8 D:/Program Files/CubeIDE/STM32CubeIDE_1.18.1/STM32CubeIDE/plugins/com.st.stm32cube.ide.mcu.externaltools.gnu-tools-for-stm32.13.3.rel1.win32_1.0.0.202411081344/tools/bin/../lib/gcc/arm-none-eabi/13.3.1/../../../../arm-none-eabi/lib/thumb/v7e-m+fp/hard\libc_nano.a(libc_a-localeconv.o)
                0x08012604                _localeconv_r
 .text._close_r
                0x0801260c       0x20 D:/Program Files/CubeIDE/STM32CubeIDE_1.18.1/STM32CubeIDE/plugins/com.st.stm32cube.ide.mcu.externaltools.gnu-tools-for-stm32.13.3.rel1.win32_1.0.0.202411081344/tools/bin/../lib/gcc/arm-none-eabi/13.3.1/../../../../arm-none-eabi/lib/thumb/v7e-m+fp/hard\libc_nano.a(libc_a-closer.o)
                0x0801260c                _close_r
 .text._lseek_r
                0x0801262c       0x24 D:/Program Files/CubeIDE/STM32CubeIDE_1.18.1/STM32CubeIDE/plugins/com.st.stm32cube.ide.mcu.externaltools.gnu-tools-for-stm32.13.3.rel1.win32_1.0.0.202411081344/tools/bin/../lib/gcc/arm-none-eabi/13.3.1/../../../../arm-none-eabi/lib/thumb/v7e-m+fp/hard\libc_nano.a(libc_a-lseekr.o)
                0x0801262c                _lseek_r
 .text._read_r  0x08012650       0x24 D:/Program Files/CubeIDE/STM32CubeIDE_1.18.1/STM32CubeIDE/plugins/com.st.stm32cube.ide.mcu.externaltools.gnu-tools-for-stm32.13.3.rel1.win32_1.0.0.202411081344/tools/bin/../lib/gcc/arm-none-eabi/13.3.1/../../../../arm-none-eabi/lib/thumb/v7e-m+fp/hard\libc_nano.a(libc_a-readr.o)
                0x08012650                _read_r
 .text._sbrk_r  0x08012674       0x20 D:/Program Files/CubeIDE/STM32CubeIDE_1.18.1/STM32CubeIDE/plugins/com.st.stm32cube.ide.mcu.externaltools.gnu-tools-for-stm32.13.3.rel1.win32_1.0.0.202411081344/tools/bin/../lib/gcc/arm-none-eabi/13.3.1/../../../../arm-none-eabi/lib/thumb/v7e-m+fp/hard\libc_nano.a(libc_a-sbrkr.o)
                0x08012674                _sbrk_r
 .text._write_r
                0x08012694       0x24 D:/Program Files/CubeIDE/STM32CubeIDE_1.18.1/STM32CubeIDE/plugins/com.st.stm32cube.ide.mcu.externaltools.gnu-tools-for-stm32.13.3.rel1.win32_1.0.0.202411081344/tools/bin/../lib/gcc/arm-none-eabi/13.3.1/../../../../arm-none-eabi/lib/thumb/v7e-m+fp/hard\libc_nano.a(libc_a-writer.o)
                0x08012694                _write_r
 .text.__errno  0x080126b8        0xc D:/Program Files/CubeIDE/STM32CubeIDE_1.18.1/STM32CubeIDE/plugins/com.st.stm32cube.ide.mcu.externaltools.gnu-tools-for-stm32.13.3.rel1.win32_1.0.0.202411081344/tools/bin/../lib/gcc/arm-none-eabi/13.3.1/../../../../arm-none-eabi/lib/thumb/v7e-m+fp/hard\libc_nano.a(libc_a-errno.o)
                0x080126b8                __errno
 .text.__libc_init_array
                0x080126c4       0x48 D:/Program Files/CubeIDE/STM32CubeIDE_1.18.1/STM32CubeIDE/plugins/com.st.stm32cube.ide.mcu.externaltools.gnu-tools-for-stm32.13.3.rel1.win32_1.0.0.202411081344/tools/bin/../lib/gcc/arm-none-eabi/13.3.1/../../../../arm-none-eabi/lib/thumb/v7e-m+fp/hard\libc_nano.a(libc_a-init.o)
                0x080126c4                __libc_init_array
 .text.__retarget_lock_init_recursive
                0x0801270c        0x2 D:/Program Files/CubeIDE/STM32CubeIDE_1.18.1/STM32CubeIDE/plugins/com.st.stm32cube.ide.mcu.externaltools.gnu-tools-for-stm32.13.3.rel1.win32_1.0.0.202411081344/tools/bin/../lib/gcc/arm-none-eabi/13.3.1/../../../../arm-none-eabi/lib/thumb/v7e-m+fp/hard\libc_nano.a(libc_a-lock.o)
                0x0801270c                __retarget_lock_init_recursive
 .text.__retarget_lock_acquire_recursive
                0x0801270e        0x2 D:/Program Files/CubeIDE/STM32CubeIDE_1.18.1/STM32CubeIDE/plugins/com.st.stm32cube.ide.mcu.externaltools.gnu-tools-for-stm32.13.3.rel1.win32_1.0.0.202411081344/tools/bin/../lib/gcc/arm-none-eabi/13.3.1/../../../../arm-none-eabi/lib/thumb/v7e-m+fp/hard\libc_nano.a(libc_a-lock.o)
                0x0801270e                __retarget_lock_acquire_recursive
 .text.__retarget_lock_release_recursive
                0x08012710        0x2 D:/Program Files/CubeIDE/STM32CubeIDE_1.18.1/STM32CubeIDE/plugins/com.st.stm32cube.ide.mcu.externaltools.gnu-tools-for-stm32.13.3.rel1.win32_1.0.0.202411081344/tools/bin/../lib/gcc/arm-none-eabi/13.3.1/../../../../arm-none-eabi/lib/thumb/v7e-m+fp/hard\libc_nano.a(libc_a-lock.o)
                0x08012710                __retarget_lock_release_recursive
 .text.quorem   0x08012712      0x110 D:/Program Files/CubeIDE/STM32CubeIDE_1.18.1/STM32CubeIDE/plugins/com.st.stm32cube.ide.mcu.externaltools.gnu-tools-for-stm32.13.3.rel1.win32_1.0.0.202411081344/tools/bin/../lib/gcc/arm-none-eabi/13.3.1/../../../../arm-none-eabi/lib/thumb/v7e-m+fp/hard\libc_nano.a(libc_a-dtoa.o)
 *fill*         0x08012822        0x6 
 .text._dtoa_r  0x08012828      0xba0 D:/Program Files/CubeIDE/STM32CubeIDE_1.18.1/STM32CubeIDE/plugins/com.st.stm32cube.ide.mcu.externaltools.gnu-tools-for-stm32.13.3.rel1.win32_1.0.0.202411081344/tools/bin/../lib/gcc/arm-none-eabi/13.3.1/../../../../arm-none-eabi/lib/thumb/v7e-m+fp/hard\libc_nano.a(libc_a-dtoa.o)
                0x08012828                _dtoa_r
 .text._free_r  0x080133c8       0x94 D:/Program Files/CubeIDE/STM32CubeIDE_1.18.1/STM32CubeIDE/plugins/com.st.stm32cube.ide.mcu.externaltools.gnu-tools-for-stm32.13.3.rel1.win32_1.0.0.202411081344/tools/bin/../lib/gcc/arm-none-eabi/13.3.1/../../../../arm-none-eabi/lib/thumb/v7e-m+fp/hard\libc_nano.a(libc_a-freer.o)
                0x080133c8                _free_r
 .text._Balloc  0x0801345c       0x80 D:/Program Files/CubeIDE/STM32CubeIDE_1.18.1/STM32CubeIDE/plugins/com.st.stm32cube.ide.mcu.externaltools.gnu-tools-for-stm32.13.3.rel1.win32_1.0.0.202411081344/tools/bin/../lib/gcc/arm-none-eabi/13.3.1/../../../../arm-none-eabi/lib/thumb/v7e-m+fp/hard\libc_nano.a(libc_a-mprec.o)
                0x0801345c                _Balloc
 .text._Bfree   0x080134dc       0x44 D:/Program Files/CubeIDE/STM32CubeIDE_1.18.1/STM32CubeIDE/plugins/com.st.stm32cube.ide.mcu.externaltools.gnu-tools-for-stm32.13.3.rel1.win32_1.0.0.202411081344/tools/bin/../lib/gcc/arm-none-eabi/13.3.1/../../../../arm-none-eabi/lib/thumb/v7e-m+fp/hard\libc_nano.a(libc_a-mprec.o)
                0x080134dc                _Bfree
 .text.__multadd
                0x08013520       0x8c D:/Program Files/CubeIDE/STM32CubeIDE_1.18.1/STM32CubeIDE/plugins/com.st.stm32cube.ide.mcu.externaltools.gnu-tools-for-stm32.13.3.rel1.win32_1.0.0.202411081344/tools/bin/../lib/gcc/arm-none-eabi/13.3.1/../../../../arm-none-eabi/lib/thumb/v7e-m+fp/hard\libc_nano.a(libc_a-mprec.o)
                0x08013520                __multadd
 .text.__hi0bits
                0x080135ac       0x3e D:/Program Files/CubeIDE/STM32CubeIDE_1.18.1/STM32CubeIDE/plugins/com.st.stm32cube.ide.mcu.externaltools.gnu-tools-for-stm32.13.3.rel1.win32_1.0.0.202411081344/tools/bin/../lib/gcc/arm-none-eabi/13.3.1/../../../../arm-none-eabi/lib/thumb/v7e-m+fp/hard\libc_nano.a(libc_a-mprec.o)
                0x080135ac                __hi0bits
 .text.__lo0bits
                0x080135ea       0x5a D:/Program Files/CubeIDE/STM32CubeIDE_1.18.1/STM32CubeIDE/plugins/com.st.stm32cube.ide.mcu.externaltools.gnu-tools-for-stm32.13.3.rel1.win32_1.0.0.202411081344/tools/bin/../lib/gcc/arm-none-eabi/13.3.1/../../../../arm-none-eabi/lib/thumb/v7e-m+fp/hard\libc_nano.a(libc_a-mprec.o)
                0x080135ea                __lo0bits
 .text.__i2b    0x08013644       0x2c D:/Program Files/CubeIDE/STM32CubeIDE_1.18.1/STM32CubeIDE/plugins/com.st.stm32cube.ide.mcu.externaltools.gnu-tools-for-stm32.13.3.rel1.win32_1.0.0.202411081344/tools/bin/../lib/gcc/arm-none-eabi/13.3.1/../../../../arm-none-eabi/lib/thumb/v7e-m+fp/hard\libc_nano.a(libc_a-mprec.o)
                0x08013644                __i2b
 .text.__multiply
                0x08013670      0x144 D:/Program Files/CubeIDE/STM32CubeIDE_1.18.1/STM32CubeIDE/plugins/com.st.stm32cube.ide.mcu.externaltools.gnu-tools-for-stm32.13.3.rel1.win32_1.0.0.202411081344/tools/bin/../lib/gcc/arm-none-eabi/13.3.1/../../../../arm-none-eabi/lib/thumb/v7e-m+fp/hard\libc_nano.a(libc_a-mprec.o)
                0x08013670                __multiply
 .text.__pow5mult
                0x080137b4       0xb4 D:/Program Files/CubeIDE/STM32CubeIDE_1.18.1/STM32CubeIDE/plugins/com.st.stm32cube.ide.mcu.externaltools.gnu-tools-for-stm32.13.3.rel1.win32_1.0.0.202411081344/tools/bin/../lib/gcc/arm-none-eabi/13.3.1/../../../../arm-none-eabi/lib/thumb/v7e-m+fp/hard\libc_nano.a(libc_a-mprec.o)
                0x080137b4                __pow5mult
 .text.__lshift
                0x08013868       0xd8 D:/Program Files/CubeIDE/STM32CubeIDE_1.18.1/STM32CubeIDE/plugins/com.st.stm32cube.ide.mcu.externaltools.gnu-tools-for-stm32.13.3.rel1.win32_1.0.0.202411081344/tools/bin/../lib/gcc/arm-none-eabi/13.3.1/../../../../arm-none-eabi/lib/thumb/v7e-m+fp/hard\libc_nano.a(libc_a-mprec.o)
                0x08013868                __lshift
 .text.__mcmp   0x08013940       0x36 D:/Program Files/CubeIDE/STM32CubeIDE_1.18.1/STM32CubeIDE/plugins/com.st.stm32cube.ide.mcu.externaltools.gnu-tools-for-stm32.13.3.rel1.win32_1.0.0.202411081344/tools/bin/../lib/gcc/arm-none-eabi/13.3.1/../../../../arm-none-eabi/lib/thumb/v7e-m+fp/hard\libc_nano.a(libc_a-mprec.o)
                0x08013940                __mcmp
 *fill*         0x08013976        0x2 
 .text.__mdiff  0x08013978      0x128 D:/Program Files/CubeIDE/STM32CubeIDE_1.18.1/STM32CubeIDE/plugins/com.st.stm32cube.ide.mcu.externaltools.gnu-tools-for-stm32.13.3.rel1.win32_1.0.0.202411081344/tools/bin/../lib/gcc/arm-none-eabi/13.3.1/../../../../arm-none-eabi/lib/thumb/v7e-m+fp/hard\libc_nano.a(libc_a-mprec.o)
                0x08013978                __mdiff
 .text.__d2b    0x08013aa0       0xb0 D:/Program Files/CubeIDE/STM32CubeIDE_1.18.1/STM32CubeIDE/plugins/com.st.stm32cube.ide.mcu.externaltools.gnu-tools-for-stm32.13.3.rel1.win32_1.0.0.202411081344/tools/bin/../lib/gcc/arm-none-eabi/13.3.1/../../../../arm-none-eabi/lib/thumb/v7e-m+fp/hard\libc_nano.a(libc_a-mprec.o)
                0x08013aa0                __d2b
 .text.__sfputc_r
                0x08013b50       0x2e D:/Program Files/CubeIDE/STM32CubeIDE_1.18.1/STM32CubeIDE/plugins/com.st.stm32cube.ide.mcu.externaltools.gnu-tools-for-stm32.13.3.rel1.win32_1.0.0.202411081344/tools/bin/../lib/gcc/arm-none-eabi/13.3.1/../../../../arm-none-eabi/lib/thumb/v7e-m+fp/hard\libc_nano.a(libc_a-nano-vfprintf.o)
 .text.__sfputs_r
                0x08013b7e       0x24 D:/Program Files/CubeIDE/STM32CubeIDE_1.18.1/STM32CubeIDE/plugins/com.st.stm32cube.ide.mcu.externaltools.gnu-tools-for-stm32.13.3.rel1.win32_1.0.0.202411081344/tools/bin/../lib/gcc/arm-none-eabi/13.3.1/../../../../arm-none-eabi/lib/thumb/v7e-m+fp/hard\libc_nano.a(libc_a-nano-vfprintf.o)
                0x08013b7e                __sfputs_r
 *fill*         0x08013ba2        0x2 
 .text._vfprintf_r
                0x08013ba4      0x230 D:/Program Files/CubeIDE/STM32CubeIDE_1.18.1/STM32CubeIDE/plugins/com.st.stm32cube.ide.mcu.externaltools.gnu-tools-for-stm32.13.3.rel1.win32_1.0.0.202411081344/tools/bin/../lib/gcc/arm-none-eabi/13.3.1/../../../../arm-none-eabi/lib/thumb/v7e-m+fp/hard\libc_nano.a(libc_a-nano-vfprintf.o)
                0x08013ba4                _vfprintf_r
                0x08013ba4                _vfiprintf_r
 .text.__sflush_r
                0x08013dd4      0x108 D:/Program Files/CubeIDE/STM32CubeIDE_1.18.1/STM32CubeIDE/plugins/com.st.stm32cube.ide.mcu.externaltools.gnu-tools-for-stm32.13.3.rel1.win32_1.0.0.202411081344/tools/bin/../lib/gcc/arm-none-eabi/13.3.1/../../../../arm-none-eabi/lib/thumb/v7e-m+fp/hard\libc_nano.a(libc_a-fflush.o)
                0x08013dd4                __sflush_r
 .text._fflush_r
                0x08013edc       0x50 D:/Program Files/CubeIDE/STM32CubeIDE_1.18.1/STM32CubeIDE/plugins/com.st.stm32cube.ide.mcu.externaltools.gnu-tools-for-stm32.13.3.rel1.win32_1.0.0.202411081344/tools/bin/../lib/gcc/arm-none-eabi/13.3.1/../../../../arm-none-eabi/lib/thumb/v7e-m+fp/hard\libc_nano.a(libc_a-fflush.o)
                0x08013edc                _fflush_r
 .text.__swhatbuf_r
                0x08013f2c       0x4c D:/Program Files/CubeIDE/STM32CubeIDE_1.18.1/STM32CubeIDE/plugins/com.st.stm32cube.ide.mcu.externaltools.gnu-tools-for-stm32.13.3.rel1.win32_1.0.0.202411081344/tools/bin/../lib/gcc/arm-none-eabi/13.3.1/../../../../arm-none-eabi/lib/thumb/v7e-m+fp/hard\libc_nano.a(libc_a-makebuf.o)
                0x08013f2c                __swhatbuf_r
 .text.__smakebuf_r
                0x08013f78       0x78 D:/Program Files/CubeIDE/STM32CubeIDE_1.18.1/STM32CubeIDE/plugins/com.st.stm32cube.ide.mcu.externaltools.gnu-tools-for-stm32.13.3.rel1.win32_1.0.0.202411081344/tools/bin/../lib/gcc/arm-none-eabi/13.3.1/../../../../arm-none-eabi/lib/thumb/v7e-m+fp/hard\libc_nano.a(libc_a-makebuf.o)
                0x08013f78                __smakebuf_r
 .text._fstat_r
                0x08013ff0       0x24 D:/Program Files/CubeIDE/STM32CubeIDE_1.18.1/STM32CubeIDE/plugins/com.st.stm32cube.ide.mcu.externaltools.gnu-tools-for-stm32.13.3.rel1.win32_1.0.0.202411081344/tools/bin/../lib/gcc/arm-none-eabi/13.3.1/../../../../arm-none-eabi/lib/thumb/v7e-m+fp/hard\libc_nano.a(libc_a-fstatr.o)
                0x08013ff0                _fstat_r
 .text._isatty_r
                0x08014014       0x20 D:/Program Files/CubeIDE/STM32CubeIDE_1.18.1/STM32CubeIDE/plugins/com.st.stm32cube.ide.mcu.externaltools.gnu-tools-for-stm32.13.3.rel1.win32_1.0.0.202411081344/tools/bin/../lib/gcc/arm-none-eabi/13.3.1/../../../../arm-none-eabi/lib/thumb/v7e-m+fp/hard\libc_nano.a(libc_a-isattyr.o)
                0x08014014                _isatty_r
 .text.memcpy   0x08014034       0x1c D:/Program Files/CubeIDE/STM32CubeIDE_1.18.1/STM32CubeIDE/plugins/com.st.stm32cube.ide.mcu.externaltools.gnu-tools-for-stm32.13.3.rel1.win32_1.0.0.202411081344/tools/bin/../lib/gcc/arm-none-eabi/13.3.1/../../../../arm-none-eabi/lib/thumb/v7e-m+fp/hard\libc_nano.a(libc_a-memcpy-stub.o)
                0x08014034                memcpy
 .text.__assert_func
                0x08014050       0x3c D:/Program Files/CubeIDE/STM32CubeIDE_1.18.1/STM32CubeIDE/plugins/com.st.stm32cube.ide.mcu.externaltools.gnu-tools-for-stm32.13.3.rel1.win32_1.0.0.202411081344/tools/bin/../lib/gcc/arm-none-eabi/13.3.1/../../../../arm-none-eabi/lib/thumb/v7e-m+fp/hard\libc_nano.a(libc_a-assert.o)
                0x08014050                __assert_func
 .text._calloc_r
                0x0801408c       0x28 D:/Program Files/CubeIDE/STM32CubeIDE_1.18.1/STM32CubeIDE/plugins/com.st.stm32cube.ide.mcu.externaltools.gnu-tools-for-stm32.13.3.rel1.win32_1.0.0.202411081344/tools/bin/../lib/gcc/arm-none-eabi/13.3.1/../../../../arm-none-eabi/lib/thumb/v7e-m+fp/hard\libc_nano.a(libc_a-callocr.o)
                0x0801408c                _calloc_r
 .text.__ascii_mbtowc
                0x080140b4       0x24 D:/Program Files/CubeIDE/STM32CubeIDE_1.18.1/STM32CubeIDE/plugins/com.st.stm32cube.ide.mcu.externaltools.gnu-tools-for-stm32.13.3.rel1.win32_1.0.0.202411081344/tools/bin/../lib/gcc/arm-none-eabi/13.3.1/../../../../arm-none-eabi/lib/thumb/v7e-m+fp/hard\libc_nano.a(libc_a-mbtowc_r.o)
                0x080140b4                __ascii_mbtowc
 .text.__ascii_wctomb
                0x080140d8       0x1a D:/Program Files/CubeIDE/STM32CubeIDE_1.18.1/STM32CubeIDE/plugins/com.st.stm32cube.ide.mcu.externaltools.gnu-tools-for-stm32.13.3.rel1.win32_1.0.0.202411081344/tools/bin/../lib/gcc/arm-none-eabi/13.3.1/../../../../arm-none-eabi/lib/thumb/v7e-m+fp/hard\libc_nano.a(libc_a-wctomb_r.o)
                0x080140d8                __ascii_wctomb
 *fill*         0x080140f2        0x2 
 .text.fprintf  0x080140f4       0x24 D:/Program Files/CubeIDE/STM32CubeIDE_1.18.1/STM32CubeIDE/plugins/com.st.stm32cube.ide.mcu.externaltools.gnu-tools-for-stm32.13.3.rel1.win32_1.0.0.202411081344/tools/bin/../lib/gcc/arm-none-eabi/13.3.1/../../../../arm-none-eabi/lib/thumb/v7e-m+fp/hard\libc_nano.a(libc_a-fprintf.o)
                0x080140f4                fiprintf
                0x080140f4                fprintf
 .text.abort    0x08014118        0xe D:/Program Files/CubeIDE/STM32CubeIDE_1.18.1/STM32CubeIDE/plugins/com.st.stm32cube.ide.mcu.externaltools.gnu-tools-for-stm32.13.3.rel1.win32_1.0.0.202411081344/tools/bin/../lib/gcc/arm-none-eabi/13.3.1/../../../../arm-none-eabi/lib/thumb/v7e-m+fp/hard\libc_nano.a(libc_a-abort.o)
                0x08014118                abort
 .text._raise_r
                0x08014126       0x50 D:/Program Files/CubeIDE/STM32CubeIDE_1.18.1/STM32CubeIDE/plugins/com.st.stm32cube.ide.mcu.externaltools.gnu-tools-for-stm32.13.3.rel1.win32_1.0.0.202411081344/tools/bin/../lib/gcc/arm-none-eabi/13.3.1/../../../../arm-none-eabi/lib/thumb/v7e-m+fp/hard\libc_nano.a(libc_a-signal.o)
                0x08014126                _raise_r
 *fill*         0x08014176        0x2 
 .text.raise    0x08014178       0x10 D:/Program Files/CubeIDE/STM32CubeIDE_1.18.1/STM32CubeIDE/plugins/com.st.stm32cube.ide.mcu.externaltools.gnu-tools-for-stm32.13.3.rel1.win32_1.0.0.202411081344/tools/bin/../lib/gcc/arm-none-eabi/13.3.1/../../../../arm-none-eabi/lib/thumb/v7e-m+fp/hard\libc_nano.a(libc_a-signal.o)
                0x08014178                raise
 .text._kill_r  0x08014188       0x24 D:/Program Files/CubeIDE/STM32CubeIDE_1.18.1/STM32CubeIDE/plugins/com.st.stm32cube.ide.mcu.externaltools.gnu-tools-for-stm32.13.3.rel1.win32_1.0.0.202411081344/tools/bin/../lib/gcc/arm-none-eabi/13.3.1/../../../../arm-none-eabi/lib/thumb/v7e-m+fp/hard\libc_nano.a(libc_a-signalr.o)
                0x08014188                _kill_r
 .text._getpid_r
                0x080141ac        0x4 D:/Program Files/CubeIDE/STM32CubeIDE_1.18.1/STM32CubeIDE/plugins/com.st.stm32cube.ide.mcu.externaltools.gnu-tools-for-stm32.13.3.rel1.win32_1.0.0.202411081344/tools/bin/../lib/gcc/arm-none-eabi/13.3.1/../../../../arm-none-eabi/lib/thumb/v7e-m+fp/hard\libc_nano.a(libc_a-signalr.o)
                0x080141ac                _getpid_r
 .text.asin     0x080141b0       0x68 D:/Program Files/CubeIDE/STM32CubeIDE_1.18.1/STM32CubeIDE/plugins/com.st.stm32cube.ide.mcu.externaltools.gnu-tools-for-stm32.13.3.rel1.win32_1.0.0.202411081344/tools/bin/../lib/gcc/arm-none-eabi/13.3.1/../../../../arm-none-eabi/lib/thumb/v7e-m+fp/hard\libm.a(libm_a-w_asin.o)
                0x080141b0                asin
 .text.atan2    0x08014218        0x4 D:/Program Files/CubeIDE/STM32CubeIDE_1.18.1/STM32CubeIDE/plugins/com.st.stm32cube.ide.mcu.externaltools.gnu-tools-for-stm32.13.3.rel1.win32_1.0.0.202411081344/tools/bin/../lib/gcc/arm-none-eabi/13.3.1/../../../../arm-none-eabi/lib/thumb/v7e-m+fp/hard\libm.a(libm_a-w_atan2.o)
                0x08014218                atan2
 .text.fabs     0x0801421c       0x10 D:/Program Files/CubeIDE/STM32CubeIDE_1.18.1/STM32CubeIDE/plugins/com.st.stm32cube.ide.mcu.externaltools.gnu-tools-for-stm32.13.3.rel1.win32_1.0.0.202411081344/tools/bin/../lib/gcc/arm-none-eabi/13.3.1/../../../../arm-none-eabi/lib/thumb/v7e-m+fp/hard\libm.a(libm_a-s_fabs.o)
                0x0801421c                fabs
 *fill*         0x0801422c        0x4 
 .text.nan      0x08014230       0x10 D:/Program Files/CubeIDE/STM32CubeIDE_1.18.1/STM32CubeIDE/plugins/com.st.stm32cube.ide.mcu.externaltools.gnu-tools-for-stm32.13.3.rel1.win32_1.0.0.202411081344/tools/bin/../lib/gcc/arm-none-eabi/13.3.1/../../../../arm-none-eabi/lib/thumb/v7e-m+fp/hard\libm.a(libm_a-s_nan.o)
                0x08014230                nan
 .text.fmax     0x08014240       0x54 D:/Program Files/CubeIDE/STM32CubeIDE_1.18.1/STM32CubeIDE/plugins/com.st.stm32cube.ide.mcu.externaltools.gnu-tools-for-stm32.13.3.rel1.win32_1.0.0.202411081344/tools/bin/../lib/gcc/arm-none-eabi/13.3.1/../../../../arm-none-eabi/lib/thumb/v7e-m+fp/hard\libm.a(libm_a-s_fmax.o)
                0x08014240                fmax
 .text.fmin     0x08014294       0x54 D:/Program Files/CubeIDE/STM32CubeIDE_1.18.1/STM32CubeIDE/plugins/com.st.stm32cube.ide.mcu.externaltools.gnu-tools-for-stm32.13.3.rel1.win32_1.0.0.202411081344/tools/bin/../lib/gcc/arm-none-eabi/13.3.1/../../../../arm-none-eabi/lib/thumb/v7e-m+fp/hard\libm.a(libm_a-s_fmin.o)
                0x08014294                fmin
 .text.__fpclassifyd
                0x080142e8       0x48 D:/Program Files/CubeIDE/STM32CubeIDE_1.18.1/STM32CubeIDE/plugins/com.st.stm32cube.ide.mcu.externaltools.gnu-tools-for-stm32.13.3.rel1.win32_1.0.0.202411081344/tools/bin/../lib/gcc/arm-none-eabi/13.3.1/../../../../arm-none-eabi/lib/thumb/v7e-m+fp/hard\libm.a(libm_a-s_fpclassify.o)
                0x080142e8                __fpclassifyd
 .text.fmaxf    0x08014330       0x3a D:/Program Files/CubeIDE/STM32CubeIDE_1.18.1/STM32CubeIDE/plugins/com.st.stm32cube.ide.mcu.externaltools.gnu-tools-for-stm32.13.3.rel1.win32_1.0.0.202411081344/tools/bin/../lib/gcc/arm-none-eabi/13.3.1/../../../../arm-none-eabi/lib/thumb/v7e-m+fp/hard\libm.a(libm_a-sf_fmax.o)
                0x08014330                fmaxf
 .text.fminf    0x0801436a       0x3a D:/Program Files/CubeIDE/STM32CubeIDE_1.18.1/STM32CubeIDE/plugins/com.st.stm32cube.ide.mcu.externaltools.gnu-tools-for-stm32.13.3.rel1.win32_1.0.0.202411081344/tools/bin/../lib/gcc/arm-none-eabi/13.3.1/../../../../arm-none-eabi/lib/thumb/v7e-m+fp/hard\libm.a(libm_a-sf_fmin.o)
                0x0801436a                fminf
 .text.__fpclassifyf
                0x080143a4       0x38 D:/Program Files/CubeIDE/STM32CubeIDE_1.18.1/STM32CubeIDE/plugins/com.st.stm32cube.ide.mcu.externaltools.gnu-tools-for-stm32.13.3.rel1.win32_1.0.0.202411081344/tools/bin/../lib/gcc/arm-none-eabi/13.3.1/../../../../arm-none-eabi/lib/thumb/v7e-m+fp/hard\libm.a(libm_a-sf_fpclassify.o)
                0x080143a4                __fpclassifyf
 *fill*         0x080143dc        0x4 
 .text.__ieee754_asin
                0x080143e0      0x408 D:/Program Files/CubeIDE/STM32CubeIDE_1.18.1/STM32CubeIDE/plugins/com.st.stm32cube.ide.mcu.externaltools.gnu-tools-for-stm32.13.3.rel1.win32_1.0.0.202411081344/tools/bin/../lib/gcc/arm-none-eabi/13.3.1/../../../../arm-none-eabi/lib/thumb/v7e-m+fp/hard\libm.a(libm_a-e_asin.o)
                0x080143e0                __ieee754_asin
 .text.__ieee754_atan2
                0x080147e8      0x18c D:/Program Files/CubeIDE/STM32CubeIDE_1.18.1/STM32CubeIDE/plugins/com.st.stm32cube.ide.mcu.externaltools.gnu-tools-for-stm32.13.3.rel1.win32_1.0.0.202411081344/tools/bin/../lib/gcc/arm-none-eabi/13.3.1/../../../../arm-none-eabi/lib/thumb/v7e-m+fp/hard\libm.a(libm_a-e_atan2.o)
                0x080147e8                __ieee754_atan2
 *fill*         0x08014974        0x4 
 .text.atan     0x08014978      0x330 D:/Program Files/CubeIDE/STM32CubeIDE_1.18.1/STM32CubeIDE/plugins/com.st.stm32cube.ide.mcu.externaltools.gnu-tools-for-stm32.13.3.rel1.win32_1.0.0.202411081344/tools/bin/../lib/gcc/arm-none-eabi/13.3.1/../../../../arm-none-eabi/lib/thumb/v7e-m+fp/hard\libm.a(libm_a-s_atan.o)
                0x08014978                atan
 .text.__ieee754_sqrt
                0x08014ca8      0x1ac D:/Program Files/CubeIDE/STM32CubeIDE_1.18.1/STM32CubeIDE/plugins/com.st.stm32cube.ide.mcu.externaltools.gnu-tools-for-stm32.13.3.rel1.win32_1.0.0.202411081344/tools/bin/../lib/gcc/arm-none-eabi/13.3.1/../../../../arm-none-eabi/lib/thumb/v7e-m+fp/hard\libm.a(libm_a-e_sqrt.o)
                0x08014ca8                __ieee754_sqrt
 *(.glue_7)
 .glue_7        0x08014e54        0x0 linker stubs
 *(.glue_7t)
 .glue_7t       0x08014e54        0x0 linker stubs
 *(.eh_frame)
 .eh_frame      0x08014e54        0x0 D:/Program Files/CubeIDE/STM32CubeIDE_1.18.1/STM32CubeIDE/plugins/com.st.stm32cube.ide.mcu.externaltools.gnu-tools-for-stm32.13.3.rel1.win32_1.0.0.202411081344/tools/bin/../lib/gcc/arm-none-eabi/13.3.1/thumb/v7e-m+fp/hard/crtbegin.o
 *(.init)
 .init          0x08014e54        0x4 D:/Program Files/CubeIDE/STM32CubeIDE_1.18.1/STM32CubeIDE/plugins/com.st.stm32cube.ide.mcu.externaltools.gnu-tools-for-stm32.13.3.rel1.win32_1.0.0.202411081344/tools/bin/../lib/gcc/arm-none-eabi/13.3.1/thumb/v7e-m+fp/hard/crti.o
                0x08014e54                _init
 .init          0x08014e58        0x8 D:/Program Files/CubeIDE/STM32CubeIDE_1.18.1/STM32CubeIDE/plugins/com.st.stm32cube.ide.mcu.externaltools.gnu-tools-for-stm32.13.3.rel1.win32_1.0.0.202411081344/tools/bin/../lib/gcc/arm-none-eabi/13.3.1/thumb/v7e-m+fp/hard/crtn.o
 *(.fini)
 .fini          0x08014e60        0x4 D:/Program Files/CubeIDE/STM32CubeIDE_1.18.1/STM32CubeIDE/plugins/com.st.stm32cube.ide.mcu.externaltools.gnu-tools-for-stm32.13.3.rel1.win32_1.0.0.202411081344/tools/bin/../lib/gcc/arm-none-eabi/13.3.1/thumb/v7e-m+fp/hard/crti.o
                0x08014e60                _fini
 .fini          0x08014e64        0x8 D:/Program Files/CubeIDE/STM32CubeIDE_1.18.1/STM32CubeIDE/plugins/com.st.stm32cube.ide.mcu.externaltools.gnu-tools-for-stm32.13.3.rel1.win32_1.0.0.202411081344/tools/bin/../lib/gcc/arm-none-eabi/13.3.1/thumb/v7e-m+fp/hard/crtn.o
                0x08014e6c                        . = ALIGN (0x4)
                0x08014e6c                        _etext = .

.vfp11_veneer   0x08014e6c        0x0
 .vfp11_veneer  0x08014e6c        0x0 linker stubs

.v4_bx          0x08014e6c        0x0
 .v4_bx         0x08014e6c        0x0 linker stubs

.iplt           0x08014e6c        0x0
 .iplt          0x08014e6c        0x0 D:/Program Files/CubeIDE/STM32CubeIDE_1.18.1/STM32CubeIDE/plugins/com.st.stm32cube.ide.mcu.externaltools.gnu-tools-for-stm32.13.3.rel1.win32_1.0.0.202411081344/tools/bin/../lib/gcc/arm-none-eabi/13.3.1/thumb/v7e-m+fp/hard/crtbegin.o

.rodata         0x08014e70     0x1788
                0x08014e70                        . = ALIGN (0x4)
 *(.rodata)
 .rodata        0x08014e70       0x96 ./APP/MPU6050/inv_mpu.o
 *fill*         0x08014f06        0x2 
 .rodata        0x08014f08       0x4b ./APP/MPU6050/inv_mpu_dmp_motion_driver.o
 *fill*         0x08014f53        0x1 
 .rodata        0x08014f54       0x21 ./APP/MPU6050/mpu6050.o
 *fill*         0x08014f75        0x3 
 .rodata        0x08014f78       0x2d ./Core/Src/main.o
 *(.rodata*)
 *fill*         0x08014fa5        0x3 
 .rodata.hw     0x08014fa8        0xc ./APP/MPU6050/inv_mpu.o
                0x08014fa8                hw
 .rodata.reg    0x08014fb4       0x1b ./APP/MPU6050/inv_mpu.o
                0x08014fb4                reg
 *fill*         0x08014fcf        0x1 
 .rodata.test   0x08014fd0       0x28 ./APP/MPU6050/inv_mpu.o
                0x08014fd0                test
 .rodata.dmp_memory
                0x08014ff8      0xbf6 ./APP/MPU6050/inv_mpu_dmp_motion_driver.o
 *fill*         0x08015bee        0x2 
 .rodata.OLED_F8x16
                0x08015bf0      0x5f0 ./Core/Src/OLED.o
                0x08015bf0                OLED_F8x16
 .rodata.ROTATION_SPEED_max.17
                0x080161e0        0x4 ./Core/Src/main.o
 .rodata.ANGLE_TOLERANCE.16
                0x080161e4        0x4 ./Core/Src/main.o
 .rodata.AHBPrescTable
                0x080161e8       0x10 ./Core/Src/system_stm32f4xx.o
                0x080161e8                AHBPrescTable
 .rodata.APBPrescTable
                0x080161f8        0x8 ./Core/Src/system_stm32f4xx.o
                0x080161f8                APBPrescTable
 .rodata._printf_float.str1.1
                0x08016200      0x171 D:/Program Files/CubeIDE/STM32CubeIDE_1.18.1/STM32CubeIDE/plugins/com.st.stm32cube.ide.mcu.externaltools.gnu-tools-for-stm32.13.3.rel1.win32_1.0.0.202411081344/tools/bin/../lib/gcc/arm-none-eabi/13.3.1/../../../../arm-none-eabi/lib/thumb/v7e-m+fp/hard\libc_nano.a(libc_a-nano-vfprintf_float.o)
                                 0x12 (size before relaxing)
 .rodata._printf_i.str1.1
                0x08016371       0x22 D:/Program Files/CubeIDE/STM32CubeIDE_1.18.1/STM32CubeIDE/plugins/com.st.stm32cube.ide.mcu.externaltools.gnu-tools-for-stm32.13.3.rel1.win32_1.0.0.202411081344/tools/bin/../lib/gcc/arm-none-eabi/13.3.1/../../../../arm-none-eabi/lib/thumb/v7e-m+fp/hard\libc_nano.a(libc_a-nano-vfprintf_i.o)
 .rodata._dtoa_r.str1.1
                0x08016371       0x8f D:/Program Files/CubeIDE/STM32CubeIDE_1.18.1/STM32CubeIDE/plugins/com.st.stm32cube.ide.mcu.externaltools.gnu-tools-for-stm32.13.3.rel1.win32_1.0.0.202411081344/tools/bin/../lib/gcc/arm-none-eabi/13.3.1/../../../../arm-none-eabi/lib/thumb/v7e-m+fp/hard\libc_nano.a(libc_a-dtoa.o)
 .rodata._Balloc.str1.1
                0x08016371       0x70 D:/Program Files/CubeIDE/STM32CubeIDE_1.18.1/STM32CubeIDE/plugins/com.st.stm32cube.ide.mcu.externaltools.gnu-tools-for-stm32.13.3.rel1.win32_1.0.0.202411081344/tools/bin/../lib/gcc/arm-none-eabi/13.3.1/../../../../arm-none-eabi/lib/thumb/v7e-m+fp/hard\libc_nano.a(libc_a-mprec.o)
 .rodata.__multadd.str1.1
                0x08016371       0x11 D:/Program Files/CubeIDE/STM32CubeIDE_1.18.1/STM32CubeIDE/plugins/com.st.stm32cube.ide.mcu.externaltools.gnu-tools-for-stm32.13.3.rel1.win32_1.0.0.202411081344/tools/bin/../lib/gcc/arm-none-eabi/13.3.1/../../../../arm-none-eabi/lib/thumb/v7e-m+fp/hard\libc_nano.a(libc_a-mprec.o)
 *fill*         0x08016371        0x3 
 .rodata.p05.0  0x08016374        0xc D:/Program Files/CubeIDE/STM32CubeIDE_1.18.1/STM32CubeIDE/plugins/com.st.stm32cube.ide.mcu.externaltools.gnu-tools-for-stm32.13.3.rel1.win32_1.0.0.202411081344/tools/bin/../lib/gcc/arm-none-eabi/13.3.1/../../../../arm-none-eabi/lib/thumb/v7e-m+fp/hard\libc_nano.a(libc_a-mprec.o)
 .rodata.__mprec_bigtens
                0x08016380       0x28 D:/Program Files/CubeIDE/STM32CubeIDE_1.18.1/STM32CubeIDE/plugins/com.st.stm32cube.ide.mcu.externaltools.gnu-tools-for-stm32.13.3.rel1.win32_1.0.0.202411081344/tools/bin/../lib/gcc/arm-none-eabi/13.3.1/../../../../arm-none-eabi/lib/thumb/v7e-m+fp/hard\libc_nano.a(libc_a-mprec.o)
                0x08016380                __mprec_bigtens
 .rodata.__mprec_tens
                0x080163a8       0xc8 D:/Program Files/CubeIDE/STM32CubeIDE_1.18.1/STM32CubeIDE/plugins/com.st.stm32cube.ide.mcu.externaltools.gnu-tools-for-stm32.13.3.rel1.win32_1.0.0.202411081344/tools/bin/../lib/gcc/arm-none-eabi/13.3.1/../../../../arm-none-eabi/lib/thumb/v7e-m+fp/hard\libc_nano.a(libc_a-mprec.o)
                0x080163a8                __mprec_tens
 .rodata._vfprintf_r.str1.1
                0x08016470       0x11 D:/Program Files/CubeIDE/STM32CubeIDE_1.18.1/STM32CubeIDE/plugins/com.st.stm32cube.ide.mcu.externaltools.gnu-tools-for-stm32.13.3.rel1.win32_1.0.0.202411081344/tools/bin/../lib/gcc/arm-none-eabi/13.3.1/../../../../arm-none-eabi/lib/thumb/v7e-m+fp/hard\libc_nano.a(libc_a-nano-vfprintf.o)
 .rodata._setlocale_r.str1.1
                0x08016470        0x9 D:/Program Files/CubeIDE/STM32CubeIDE_1.18.1/STM32CubeIDE/plugins/com.st.stm32cube.ide.mcu.externaltools.gnu-tools-for-stm32.13.3.rel1.win32_1.0.0.202411081344/tools/bin/../lib/gcc/arm-none-eabi/13.3.1/../../../../arm-none-eabi/lib/thumb/v7e-m+fp/hard\libc_nano.a(libc_a-locale.o)
 .rodata.str1.1
                0x08016470        0x2 D:/Program Files/CubeIDE/STM32CubeIDE_1.18.1/STM32CubeIDE/plugins/com.st.stm32cube.ide.mcu.externaltools.gnu-tools-for-stm32.13.3.rel1.win32_1.0.0.202411081344/tools/bin/../lib/gcc/arm-none-eabi/13.3.1/../../../../arm-none-eabi/lib/thumb/v7e-m+fp/hard\libc_nano.a(libc_a-locale.o)
 .rodata.__assert_func.str1.1