Archive member included to satisfy reference by file (symbol)

C:/ST/STM32CubeIDE_1.18.1/STM32CubeIDE/plugins/com.st.stm32cube.ide.mcu.externaltools.gnu-tools-for-stm32.13.3.rel1.win32_1.0.0.202411081344/tools/bin/../lib/gcc/arm-none-eabi/13.3.1/../../../../arm-none-eabi/lib/thumb/v7e-m+fp/hard\libc_nano.a(libc_a-exit.o)
                              C:/ST/STM32CubeIDE_1.18.1/STM32CubeIDE/plugins/com.st.stm32cube.ide.mcu.externaltools.gnu-tools-for-stm32.13.3.rel1.win32_1.0.0.202411081344/tools/bin/../lib/gcc/arm-none-eabi/13.3.1/../../../../arm-none-eabi/lib/thumb/v7e-m+fp/hard/crt0.o (exit)
C:/ST/STM32CubeIDE_1.18.1/STM32CubeIDE/plugins/com.st.stm32cube.ide.mcu.externaltools.gnu-tools-for-stm32.13.3.rel1.win32_1.0.0.202411081344/tools/bin/../lib/gcc/arm-none-eabi/13.3.1/../../../../arm-none-eabi/lib/thumb/v7e-m+fp/hard\libc_nano.a(libc_a-malloc.o)
                              ./Core/Src/us100_uart.o (malloc)
C:/ST/STM32CubeIDE_1.18.1/STM32CubeIDE/plugins/com.st.stm32cube.ide.mcu.externaltools.gnu-tools-for-stm32.13.3.rel1.win32_1.0.0.202411081344/tools/bin/../lib/gcc/arm-none-eabi/13.3.1/../../../../arm-none-eabi/lib/thumb/v7e-m+fp/hard\libc_nano.a(libc_a-mallocr.o)
                              C:/ST/STM32CubeIDE_1.18.1/STM32CubeIDE/plugins/com.st.stm32cube.ide.mcu.externaltools.gnu-tools-for-stm32.13.3.rel1.win32_1.0.0.202411081344/tools/bin/../lib/gcc/arm-none-eabi/13.3.1/../../../../arm-none-eabi/lib/thumb/v7e-m+fp/hard\libc_nano.a(libc_a-malloc.o) (_malloc_r)
C:/ST/STM32CubeIDE_1.18.1/STM32CubeIDE/plugins/com.st.stm32cube.ide.mcu.externaltools.gnu-tools-for-stm32.13.3.rel1.win32_1.0.0.202411081344/tools/bin/../lib/gcc/arm-none-eabi/13.3.1/../../../../arm-none-eabi/lib/thumb/v7e-m+fp/hard\libc_nano.a(libc_a-mlock.o)
                              C:/ST/STM32CubeIDE_1.18.1/STM32CubeIDE/plugins/com.st.stm32cube.ide.mcu.externaltools.gnu-tools-for-stm32.13.3.rel1.win32_1.0.0.202411081344/tools/bin/../lib/gcc/arm-none-eabi/13.3.1/../../../../arm-none-eabi/lib/thumb/v7e-m+fp/hard\libc_nano.a(libc_a-mallocr.o) (__malloc_lock)
C:/ST/STM32CubeIDE_1.18.1/STM32CubeIDE/plugins/com.st.stm32cube.ide.mcu.externaltools.gnu-tools-for-stm32.13.3.rel1.win32_1.0.0.202411081344/tools/bin/../lib/gcc/arm-none-eabi/13.3.1/../../../../arm-none-eabi/lib/thumb/v7e-m+fp/hard\libc_nano.a(libc_a-nano-vfprintf_float.o)
                              (_printf_float)
C:/ST/STM32CubeIDE_1.18.1/STM32CubeIDE/plugins/com.st.stm32cube.ide.mcu.externaltools.gnu-tools-for-stm32.13.3.rel1.win32_1.0.0.202411081344/tools/bin/../lib/gcc/arm-none-eabi/13.3.1/../../../../arm-none-eabi/lib/thumb/v7e-m+fp/hard\libc_nano.a(libc_a-nano-vfprintf_i.o)
                              C:/ST/STM32CubeIDE_1.18.1/STM32CubeIDE/plugins/com.st.stm32cube.ide.mcu.externaltools.gnu-tools-for-stm32.13.3.rel1.win32_1.0.0.202411081344/tools/bin/../lib/gcc/arm-none-eabi/13.3.1/../../../../arm-none-eabi/lib/thumb/v7e-m+fp/hard\libc_nano.a(libc_a-nano-vfprintf_float.o) (_printf_common)
C:/ST/STM32CubeIDE_1.18.1/STM32CubeIDE/plugins/com.st.stm32cube.ide.mcu.externaltools.gnu-tools-for-stm32.13.3.rel1.win32_1.0.0.202411081344/tools/bin/../lib/gcc/arm-none-eabi/13.3.1/../../../../arm-none-eabi/lib/thumb/v7e-m+fp/hard\libc_nano.a(libc_a-findfp.o)
                              C:/ST/STM32CubeIDE_1.18.1/STM32CubeIDE/plugins/com.st.stm32cube.ide.mcu.externaltools.gnu-tools-for-stm32.13.3.rel1.win32_1.0.0.202411081344/tools/bin/../lib/gcc/arm-none-eabi/13.3.1/../../../../arm-none-eabi/lib/thumb/v7e-m+fp/hard\libc_nano.a(libc_a-exit.o) (__stdio_exit_handler)
C:/ST/STM32CubeIDE_1.18.1/STM32CubeIDE/plugins/com.st.stm32cube.ide.mcu.externaltools.gnu-tools-for-stm32.13.3.rel1.win32_1.0.0.202411081344/tools/bin/../lib/gcc/arm-none-eabi/13.3.1/../../../../arm-none-eabi/lib/thumb/v7e-m+fp/hard\libc_nano.a(libc_a-fwalk.o)
                              C:/ST/STM32CubeIDE_1.18.1/STM32CubeIDE/plugins/com.st.stm32cube.ide.mcu.externaltools.gnu-tools-for-stm32.13.3.rel1.win32_1.0.0.202411081344/tools/bin/../lib/gcc/arm-none-eabi/13.3.1/../../../../arm-none-eabi/lib/thumb/v7e-m+fp/hard\libc_nano.a(libc_a-findfp.o) (_fwalk_sglue)
C:/ST/STM32CubeIDE_1.18.1/STM32CubeIDE/plugins/com.st.stm32cube.ide.mcu.externaltools.gnu-tools-for-stm32.13.3.rel1.win32_1.0.0.202411081344/tools/bin/../lib/gcc/arm-none-eabi/13.3.1/../../../../arm-none-eabi/lib/thumb/v7e-m+fp/hard\libc_nano.a(libc_a-printf.o)
                              ./APP/MPU6050/inv_mpu.o (printf)
C:/ST/STM32CubeIDE_1.18.1/STM32CubeIDE/plugins/com.st.stm32cube.ide.mcu.externaltools.gnu-tools-for-stm32.13.3.rel1.win32_1.0.0.202411081344/tools/bin/../lib/gcc/arm-none-eabi/13.3.1/../../../../arm-none-eabi/lib/thumb/v7e-m+fp/hard\libc_nano.a(libc_a-puts.o)
                              ./APP/MPU6050/inv_mpu.o (puts)
[...]
Memory Configuration

Name             Origin             Length             Attributes
CCMRAM           0x10000000         0x00010000         xrw
RAM              0x20000000         0x00020000         xrw
FLASH            0x08000000         0x00080000         xr
*default*        0x00000000         0xffffffff

Linker script and memory map

LOAD C:/ST/STM32CubeIDE_1.18.1/STM32CubeIDE/plugins/com.st.stm32cube.ide.mcu.externaltools.gnu-tools-for-stm32.13.3.rel1.win32_1.0.0.202411081344/tools/bin/../lib/gcc/arm-none-eabi/13.3.1/thumb/v7e-m+fp/hard/crti.o
LOAD C:/ST/STM32CubeIDE_1.18.1/STM32CubeIDE/plugins/com.st.stm32cube.ide.mcu.externaltools.gnu-tools-for-stm32.13.3.rel1.win32_1.0.0.202411081344/tools/bin/../lib/gcc/arm-none-eabi/13.3.1/thumb/v7e-m+fp/hard/crtbegin.o
LOAD C:/ST/STM32CubeIDE_1.18.1/STM32CubeIDE/plugins/com.st.stm32cube.ide.mcu.externaltools.gnu-tools-for-stm32.13.3.rel1.win32_1.0.0.202411081344/tools/bin/../lib/gcc/arm-none-eabi/13.3.1/../../../../arm-none-eabi/lib/thumb/v7e-m+fp/hard/crt0.o
LOAD ./APP/MPU6050/inv_mpu.o
LOAD ./APP/MPU6050/inv_mpu_dmp_motion_driver.o
LOAD ./APP/MPU6050/mpu6050.o
LOAD ./Core/Src/OLED.o
LOAD ./Core/Src/Servo.o
LOAD ./Core/Src/gpio.o
LOAD ./Core/Src/i2c.o
LOAD ./Core/Src/main.o
LOAD ./Core/Src/motor.o
LOAD ./Core/Src/pid_controller.o
LOAD ./Core/Src/stm32f4xx_hal_msp.o
LOAD ./Core/Src/stm32f4xx_it.o
LOAD ./Core/Src/syscalls.o
LOAD ./Core/Src/sysmem.o
LOAD ./Core/Src/system_stm32f4xx.o
LOAD ./Core/Src/tim.o
LOAD ./Core/Src/ultrasonic_nonblocking.o
LOAD ./Core/Src/us100_uart.o
LOAD ./Core/Src/usart.o
LOAD ./Core/Startup/startup_stm32f407zetx.o
LOAD ./Drivers/STM32F4xx_HAL_Driver/Src/stm32f4xx_hal.o
LOAD ./Drivers/STM32F4xx_HAL_Driver/Src/stm32f4xx_hal_cortex.o
LOAD ./Drivers/STM32F4xx_HAL_Driver/Src/stm32f4xx_hal_dma.o
LOAD ./Drivers/STM32F4xx_HAL_Driver/Src/stm32f4xx_hal_dma_ex.o
LOAD ./Drivers/STM32F4xx_HAL_Driver/Src/stm32f4xx_hal_exti.o
LOAD ./Drivers/STM32F4xx_HAL_Driver/Src/stm32f4xx_hal_flash.o
LOAD ./Drivers/STM32F4xx_HAL_Driver/Src/stm32f4xx_hal_flash_ex.o
LOAD ./Drivers/STM32F4xx_HAL_Driver/Src/stm32f4xx_hal_flash_ramfunc.o
LOAD ./Drivers/STM32F4xx_HAL_Driver/Src/stm32f4xx_hal_gpio.o
LOAD ./Drivers/STM32F4xx_HAL_Driver/Src/stm32f4xx_hal_i2c.o
LOAD ./Drivers/STM32F4xx_HAL_Driver/Src/stm32f4xx_hal_i2c_ex.o
LOAD ./Drivers/STM32F4xx_HAL_Driver/Src/stm32f4xx_hal_pwr.o
LOAD ./Drivers/STM32F4xx_HAL_Driver/Src/stm32f4xx_hal_pwr_ex.o
LOAD ./Drivers/STM32F4xx_HAL_Driver/Src/stm32f4xx_hal_rcc.o
LOAD ./Drivers/STM32F4xx_HAL_Driver/Src/stm32f4xx_hal_rcc_ex.o
LOAD ./Drivers/STM32F4xx_HAL_Driver/Src/stm32f4xx_hal_tim.o
LOAD ./Drivers/STM32F4xx_HAL_Driver/Src/stm32f4xx_hal_tim_ex.o
LOAD ./Drivers/STM32F4xx_HAL_Driver/Src/stm32f4xx_hal_uart.o
START GROUP
LOAD C:/ST/STM32CubeIDE_1.18.1/STM32CubeIDE/plugins/com.st.stm32cube.ide.mcu.externaltools.gnu-tools-for-stm32.13.3.rel1.win32_1.0.0.202411081344/tools/bin/../lib/gcc/arm-none-eabi/13.3.1/../../../../arm-none-eabi/lib/thumb/v7e-m+fp/hard\libc_nano.a
LOAD C:/ST/STM32CubeIDE_1.18.1/STM32CubeIDE/plugins/com.st.stm32cube.ide.mcu.externaltools.gnu-tools-for-stm32.13.3.rel1.win32_1.0.0.202411081344/tools/bin/../lib/gcc/arm-none-eabi/13.3.1/../../../../arm-none-eabi/lib/thumb/v7e-m+fp/hard\libm.a
END GROUP
START GROUP
LOAD C:/ST/STM32CubeIDE_1.18.1/STM32CubeIDE/plugins/com.st.stm32cube.ide.mcu.externaltools.gnu-tools-for-stm32.13.3.rel1.win32_1.0.0.202411081344/tools/bin/../lib/gcc/arm-none-eabi/13.3.1/thumb/v7e-m+fp/hard\libgcc.a
LOAD C:/ST/STM32CubeIDE_1.18.1/STM32CubeIDE/plugins/com.st.stm32cube.ide.mcu.externaltools.gnu-tools-for-stm32.13.3.rel1.win32_1.0.0.202411081344/tools/bin/../lib/gcc/arm-none-eabi/13.3.1/../../../../arm-none-eabi/lib/thumb/v7e-m+fp/hard\libc_nano.a
END GROUP
START GROUP
LOAD C:/ST/STM32CubeIDE_1.18.1/STM32CubeIDE/plugins/com.st.stm32cube.ide.mcu.externaltools.gnu-tools-for-stm32.13.3.rel1.win32_1.0.0.202411081344/tools/bin/../lib/gcc/arm-none-eabi/13.3.1/thumb/v7e-m+fp/hard\libgcc.a
LOAD C:/ST/STM32CubeIDE_1.18.1/STM32CubeIDE/plugins/com.st.stm32cube.ide.mcu.externaltools.gnu-tools-for-stm32.13.3.rel1.win32_1.0.0.202411081344/tools/bin/../lib/gcc/arm-none-eabi/13.3.1/../../../../arm-none-eabi/lib/thumb/v7e-m+fp/hard\libc_nano.a
LOAD C:/ST/STM32CubeIDE_1.18.1/STM32CubeIDE/plugins/com.st.stm32cube.ide.mcu.externaltools.gnu-tools-for-stm32.13.3.rel1.win32_1.0.0.202411081344/tools/bin/../lib/gcc/arm-none-eabi/13.3.1/../../../../arm-none-eabi/lib/thumb/v7e-m+fp/hard\libnosys.a
END GROUP
START GROUP
LOAD C:/ST/STM32CubeIDE_1.18.1/STM32CubeIDE/plugins/com.st.stm32cube.ide.mcu.externaltools.gnu-tools-for-stm32.13.3.rel1.win32_1.0.0.202411081344/tools/bin/../lib/gcc/arm-none-eabi/13.3.1/thumb/v7e-m+fp/hard\libgcc.a
LOAD C:/ST/STM32CubeIDE_1.18.1/STM32CubeIDE/plugins/com.st.stm32cube.ide.mcu.externaltools.gnu-tools-for-stm32.13.3.rel1.win32_1.0.0.202411081344/tools/bin/../lib/gcc/arm-none-eabi/13.3.1/../../../../arm-none-eabi/lib/thumb/v7e-m+fp/hard\libc_nano.a
LOAD C:/ST/STM32CubeIDE_1.18.1/STM32CubeIDE/plugins/com.st.stm32cube.ide.mcu.externaltools.gnu-tools-for-stm32.13.3.rel1.win32_1.0.0.202411081344/tools/bin/../lib/gcc/arm-none-eabi/13.3.1/../../../../arm-none-eabi/lib/thumb/v7e-m+fp/hard\libnosys.a
END GROUP
LOAD C:/ST/STM32CubeIDE_1.18.1/STM32CubeIDE/plugins/com.st.stm32cube.ide.mcu.externaltools.gnu-tools-for-stm32.13.3.rel1.win32_1.0.0.202411081344/tools/bin/../lib/gcc/arm-none-eabi/13.3.1/thumb/v7e-m+fp/hard/crtend.o
LOAD C:/ST/STM32CubeIDE_1.18.1/STM32CubeIDE/plugins/com.st.stm32cube.ide.mcu.externaltools.gnu-tools-for-stm32.13.3.rel1.win32_1.0.0.202411081344/tools/bin/../lib/gcc/arm-none-eabi/13.3.1/thumb/v7e-m+fp/hard/crtn.o
                0x20020000                        _estack = (ORIGIN (RAM) + LENGTH (RAM))
                0x00000200                        _Min_Heap_Size = 0x200
                0x00000400                        _Min_Stack_Size = 0x400

.isr_vector     0x08000000      0x188
                0x08000000                        . = ALIGN (0x4)
 *(.isr_vector)
 .isr_vector    0x08000000      0x188 ./Core/Startup/startup_stm32f407zetx.o
                0x08000000                g_pfnVectors
                0x08000188                        . = ALIGN (0x4)

.text           0x08000190    0x14944
                0x08000190                        . = ALIGN (0x4)
 *(.text)
 .text          0x08000190       0x40 C:/ST/STM32CubeIDE_1.18.1/STM32CubeIDE/plugins/com.st.stm32cube.ide.mcu.externaltools.gnu-tools-for-stm32.13.3.rel1.win32_1.0.0.202411081344/tools/bin/../lib/gcc/arm-none-eabi/13.3.1/thumb/v7e-m+fp/hard/crtbegin.o
 .text          0x080001d0       0xa0 C:/ST/STM32CubeIDE_1.18.1/STM32CubeIDE/plugins/com.st.stm32cube.ide.mcu.externaltools.gnu-tools-for-stm32.13.3.rel1.win32_1.0.0.202411081344/tools/bin/../lib/gcc/arm-none-eabi/13.3.1/../../../../arm-none-eabi/lib/thumb/v7e-m+fp/hard\libc_nano.a(libc_a-memchr.o)
                0x080001d0                memchr
 .text          0x08000270       0x10 C:/ST/STM32CubeIDE_1.18.1/STM32CubeIDE/plugins/com.st.stm32cube.ide.mcu.externaltools.gnu-tools-for-stm32.13.3.rel1.win32_1.0.0.202411081344/tools/bin/../lib/gcc/arm-none-eabi/13.3.1/../../../../arm-none-eabi/lib/thumb/v7e-m+fp/hard\libc_nano.a(libc_a-strlen.o)
                0x08000270                strlen
 .text          0x08000280      0x378 C:/ST/STM32CubeIDE_1.18.1/STM32CubeIDE/plugins/com.st.stm32cube.ide.mcu.externaltools.gnu-tools-for-stm32.13.3.rel1.win32_1.0.0.202411081344/tools/bin/../lib/gcc/arm-none-eabi/13.3.1/thumb/v7e-m+fp/hard\libgcc.a(_arm_addsubdf3.o)
                0x08000280                __aeabi_drsub
                0x08000288                __aeabi_dsub
                0x08000288                __subdf3
                0x0800028c                __aeabi_dadd
                0x0800028c                __adddf3
                0x08000504                __floatunsidf
                0x08000504                __aeabi_ui2d
                0x08000524                __floatsidf
                0x08000524                __aeabi_i2d
                0x08000548                __aeabi_f2d
                0x08000548                __extendsfdf2
                0x0800058c                __floatundidf
                0x0800058c                __aeabi_ul2d
                0x0800059c                __floatdidf
                0x0800059c                __aeabi_l2d
 .text          0x080005f8      0x424 C:/ST/STM32CubeIDE_1.18.1/STM32CubeIDE/plugins/com.st.stm32cube.ide.mcu.externaltools.gnu-tools-for-stm32.13.3.rel1.win32_1.0.0.202411081344/tools/bin/../lib/gcc/arm-none-eabi/13.3.1/thumb/v7e-m+fp/hard\libgcc.a(_arm_muldivdf3.o)
                0x080005f8                __aeabi_dmul
                0x080005f8                __muldf3
                0x0800084c                __divdf3
                0x0800084c                __aeabi_ddiv
 .text          0x08000a1c      0x110 C:/ST/STM32CubeIDE_1.18.1/STM32CubeIDE/plugins/com.st.stm32cube.ide.mcu.externaltools.gnu-tools-for-stm32.13.3.rel1.win32_1.0.0.202411081344/tools/bin/../lib/gcc/arm-none-eabi/13.3.1/thumb/v7e-m+fp/hard\libgcc.a(_arm_cmpdf2.o)
                0x08000a1c                __gtdf2
                0x08000a1c                __gedf2
                0x08000a24                __ltdf2
                0x08000a24                __ledf2
                0x08000a2c                __nedf2
                0x08000a2c                __eqdf2
                0x08000a2c                __cmpdf2
                0x08000aa8                __aeabi_cdrcmple
                0x08000ab8                __aeabi_cdcmpeq
                0x08000ab8                __aeabi_cdcmple
                0x08000ac8                __aeabi_dcmpeq
                0x08000adc                __aeabi_dcmplt
                0x08000af0                __aeabi_dcmple
                0x08000b04                __aeabi_dcmpge
                0x08000b18                __aeabi_dcmpgt
 .text          0x08000b2c       0x2c C:/ST/STM32CubeIDE_1.18.1/STM32CubeIDE/plugins/com.st.stm32cube.ide.mcu.externaltools.gnu-tools-for-stm32.13.3.rel1.win32_1.0.0.202411081344/tools/bin/../lib/gcc/arm-none-eabi/13.3.1/thumb/v7e-m+fp/hard\libgcc.a(_arm_unorddf2.o)
                0x08000b2c                __unorddf2
                0x08000b2c                __aeabi_dcmpun
 .text          0x08000b58       0x50 C:/ST/STM32CubeIDE_1.18.1/STM32CubeIDE/plugins/com.st.stm32cube.ide.mcu.externaltools.gnu-tools-for-stm32.13.3.rel1.win32_1.0.0.202411081344/tools/bin/../lib/gcc/arm-none-eabi/13.3.1/thumb/v7e-m+fp/hard\libgcc.a(_arm_fixdfsi.o)
                0x08000b58                __aeabi_d2iz
                0x08000b58                __fixdfsi
 .text          0x08000ba8       0x40 C:/ST/STM32CubeIDE_1.18.1/STM32CubeIDE/plugins/com.st.stm32cube.ide.mcu.externaltools.gnu-tools-for-stm32.13.3.rel1.win32_1.0.0.202411081344/tools/bin/../lib/gcc/arm-none-eabi/13.3.1/thumb/v7e-m+fp/hard\libgcc.a(_arm_fixunsdfsi.o)
                0x08000ba8                __aeabi_d2uiz
                0x08000ba8                __fixunsdfsi
 .text          0x08000be8       0xa0 C:/ST/STM32CubeIDE_1.18.1/STM32CubeIDE/plugins/com.st.stm32cube.ide.mcu.externaltools.gnu-tools-for-stm32.13.3.rel1.win32_1.0.0.202411081344/tools/bin/../lib/gcc/arm-none-eabi/13.3.1/thumb/v7e-m+fp/hard\libgcc.a(_arm_truncdfsf2.o)
                0x08000be8                __truncdfsf2
                0x08000be8                __aeabi_d2f
 .text          0x08000c88       0xa0 C:/ST/STM32CubeIDE_1.18.1/STM32CubeIDE/plugins/com.st.stm32cube.ide.mcu.externaltools.gnu-tools-for-stm32.13.3.rel1.win32_1.0.0.202411081344/tools/bin/../lib/gcc/arm-none-eabi/13.3.1/thumb/v7e-m+fp/hard\libgcc.a(_aeabi_ldivmod.o)
                0x08000c88                __aeabi_ldivmod
 .text          0x08000d28       0x30 C:/ST/STM32CubeIDE_1.18.1/STM32CubeIDE/plugins/com.st.stm32cube.ide.mcu.externaltools.gnu-tools-for-stm32.13.3.rel1.win32_1.0.0.202411081344/tools/bin/../lib/gcc/arm-none-eabi/13.3.1/thumb/v7e-m+fp/hard\libgcc.a(_aeabi_uldivmod.o)
                0x08000d28                __aeabi_uldivmod
 .text          0x08000d58      0x2f8 C:/ST/STM32CubeIDE_1.18.1/STM32CubeIDE/plugins/com.st.stm32cube.ide.mcu.externaltools.gnu-tools-for-stm32.13.3.rel1.win32_1.0.0.202411081344/tools/bin/../lib/gcc/arm-none-eabi/13.3.1/thumb/v7e-m+fp/hard\libgcc.a(_udivmoddi4.o)
                0x08000d58                __udivmoddi4
 .text          0x08001050        0x4 C:/ST/STM32CubeIDE_1.18.1/STM32CubeIDE/plugins/com.st.stm32cube.ide.mcu.externaltools.gnu-tools-for-stm32.13.3.rel1.win32_1.0.0.202411081344/tools/bin/../lib/gcc/arm-none-eabi/13.3.1/thumb/v7e-m+fp/hard\libgcc.a(_dvmd_tls.o)
                0x08001050                __aeabi_idiv0
                0x08001050                __aeabi_ldiv0
 *(.text*)
 .text.set_int_enable
                0x08001054       0xdc ./APP/MPU6050/inv_mpu.o
 .text.mpu_init
                0x08001130      0x278 ./APP/MPU6050/inv_mpu.o
                0x08001130                mpu_init
 .text.mpu_lp_accel_mode
                0x080013a8      0x124 ./APP/MPU6050/inv_mpu.o
                0x080013a8                mpu_lp_accel_mode
 .text.mpu_reset_fifo
                0x080014cc      0x2d0 ./APP/MPU6050/inv_mpu.o
                0x080014cc                mpu_reset_fifo
 .text.mpu_get_gyro_fsr
                0x0800179c       0x68 ./APP/MPU6050/inv_mpu.o
                0x0800179c                mpu_get_gyro_fsr
 .text.mpu_set_gyro_fsr
                0x08001804       0xc0 ./APP/MPU6050/inv_mpu.o
                0x08001804                mpu_set_gyro_fsr
 .text.mpu_get_accel_fsr
                0x080018c4       0x74 ./APP/MPU6050/inv_mpu.o
                0x080018c4                mpu_get_accel_fsr
 .text.mpu_set_accel_fsr
                0x08001938       0xe4 ./APP/MPU6050/inv_mpu.o
                0x08001938                mpu_set_accel_fsr
 .text.mpu_get_lpf
                0x08001a1c       0x7c ./APP/MPU6050/inv_mpu.o
                0x08001a1c                mpu_get_lpf
 .text.mpu_set_lpf
                0x08001a98       0xb4 ./APP/MPU6050/inv_mpu.o
                0x08001a98                mpu_set_lpf
 .text.mpu_get_sample_rate
                0x08001b4c       0x34 ./APP/MPU6050/inv_mpu.o
                0x08001b4c                mpu_get_sample_rate
 .text.mpu_set_sample_rate
                0x08001b80       0xe4 ./APP/MPU6050/inv_mpu.o
                0x08001b80                mpu_set_sample_rate
 .text.mpu_get_gyro_sens
                0x08001c64       0x70 ./APP/MPU6050/inv_mpu.o
                0x08001c64                mpu_get_gyro_sens
 .text.mpu_get_accel_sens
                0x08001cd4       0x7c ./APP/MPU6050/inv_mpu.o
                0x08001cd4                mpu_get_accel_sens
 .text.mpu_get_fifo_config
                0x08001d50       0x24 ./APP/MPU6050/inv_mpu.o
                0x08001d50                mpu_get_fifo_config
 .text.mpu_configure_fifo
                0x08001d74       0xa4 ./APP/MPU6050/inv_mpu.o
                0x08001d74                mpu_configure_fifo
 .text.mpu_set_sensors
                0x08001e18      0x134 ./APP/MPU6050/inv_mpu.o
                0x08001e18                mpu_set_sensors
 .text.mpu_read_fifo_stream
                0x08001f4c      0x138 ./APP/MPU6050/inv_mpu.o
                0x08001f4c                mpu_read_fifo_stream
 .text.mpu_set_bypass
                0x08002084      0x1fc ./APP/MPU6050/inv_mpu.o
                0x08002084                mpu_set_bypass
 .text.mpu_set_int_latched
                0x08002280       0xa0 ./APP/MPU6050/inv_mpu.o
                0x08002280                mpu_set_int_latched
 .text.get_accel_prod_shift
                0x08002320      0x130 ./APP/MPU6050/inv_mpu.o
 .text.accel_self_test
                0x08002450      0x108 ./APP/MPU6050/inv_mpu.o
 .text.gyro_self_test
                0x08002558      0x194 ./APP/MPU6050/inv_mpu.o
 .text.get_st_biases
                0x080026ec      0x81c ./APP/MPU6050/inv_mpu.o
 .text.mpu_run_self_test
                0x08002f08      0x1a8 ./APP/MPU6050/inv_mpu.o
                0x08002f08                mpu_run_self_test
 .text.mpu_write_mem
                0x080030b0       0xcc ./APP/MPU6050/inv_mpu.o
                0x080030b0                mpu_write_mem
 .text.mpu_read_mem
                0x0800317c       0xcc ./APP/MPU6050/inv_mpu.o
                0x0800317c                mpu_read_mem
 .text.mpu_load_firmware
                0x08003248      0x110 ./APP/MPU6050/inv_mpu.o
                0x08003248                mpu_load_firmware
 .text.mpu_set_dmp_state
                0x08003358       0xcc ./APP/MPU6050/inv_mpu.o
                0x08003358                mpu_set_dmp_state
 .text.myget_ms
                0x08003424       0x14 ./APP/MPU6050/inv_mpu.o
                0x08003424                myget_ms
 .text.dmp_load_motion_driver_firmware
                0x08003438       0x20 ./APP/MPU6050/inv_mpu_dmp_motion_driver.o
                0x08003438                dmp_load_motion_driver_firmware
 .text.dmp_set_orientation
                0x08003458      0x1d8 ./APP/MPU6050/inv_mpu_dmp_motion_driver.o
                0x08003458                dmp_set_orientation
 .text.dmp_set_gyro_bias
                0x08003630      0x214 ./APP/MPU6050/inv_mpu_dmp_motion_driver.o
                0x08003630                dmp_set_gyro_bias
 .text.dmp_set_accel_bias
                0x08003844      0x204 ./APP/MPU6050/inv_mpu_dmp_motion_driver.o
                0x08003844                dmp_set_accel_bias
 .text.dmp_set_fifo_rate
                0x08003a48       0x90 ./APP/MPU6050/inv_mpu_dmp_motion_driver.o
                0x08003a48                dmp_set_fifo_rate
 .text.dmp_set_tap_thresh
                0x08003ad8      0x26c ./APP/MPU6050/inv_mpu_dmp_motion_driver.o
                0x08003ad8                dmp_set_tap_thresh
 .text.dmp_set_tap_axes
                0x08003d44       0x64 ./APP/MPU6050/inv_mpu_dmp_motion_driver.o
                0x08003d44                dmp_set_tap_axes
 .text.dmp_set_tap_count
                0x08003da8       0x42 ./APP/MPU6050/inv_mpu_dmp_motion_driver.o
                0x08003da8                dmp_set_tap_count
 *fill*         0x08003dea        0x2 
 .text.dmp_set_tap_time
                0x08003dec       0x44 ./APP/MPU6050/inv_mpu_dmp_motion_driver.o
                0x08003dec                dmp_set_tap_time
 .text.dmp_set_tap_time_multi
                0x08003e30       0x44 ./APP/MPU6050/inv_mpu_dmp_motion_driver.o
                0x08003e30                dmp_set_tap_time_multi
 .text.dmp_set_shake_reject_thresh
                0x08003e74       0x60 ./APP/MPU6050/inv_mpu_dmp_motion_driver.o
                0x08003e74                dmp_set_shake_reject_thresh
 .text.dmp_set_shake_reject_time
                0x08003ed4       0x44 ./APP/MPU6050/inv_mpu_dmp_motion_driver.o
                0x08003ed4                dmp_set_shake_reject_time
 .text.dmp_set_shake_reject_timeout
                0x08003f18       0x44 ./APP/MPU6050/inv_mpu_dmp_motion_driver.o
                0x08003f18                dmp_set_shake_reject_timeout
 .text.dmp_enable_feature
                0x08003f5c      0x250 ./APP/MPU6050/inv_mpu_dmp_motion_driver.o
                0x08003f5c                dmp_enable_feature
 .text.dmp_enable_gyro_cal
                0x080041ac       0x60 ./APP/MPU6050/inv_mpu_dmp_motion_driver.o
                0x080041ac                dmp_enable_gyro_cal
 .text.dmp_enable_lp_quat
                0x0800420c       0x4e ./APP/MPU6050/inv_mpu_dmp_motion_driver.o
                0x0800420c                dmp_enable_lp_quat
 .text.dmp_enable_6x_lp_quat
                0x0800425a       0x4e ./APP/MPU6050/inv_mpu_dmp_motion_driver.o
                0x0800425a                dmp_enable_6x_lp_quat
 .text.decode_gesture
                0x080042a8       0x88 ./APP/MPU6050/inv_mpu_dmp_motion_driver.o
 .text.dmp_read_fifo
                0x08004330      0x2e4 ./APP/MPU6050/inv_mpu_dmp_motion_driver.o
                0x08004330                dmp_read_fifo
 .text.run_self_test
                0x08004614       0xd0 ./APP/MPU6050/mpu6050.o
 .text.inv_row_2_scale
                0x080046e4       0x82 ./APP/MPU6050/mpu6050.o
 .text.inv_orientation_matrix_to_scalar
                0x08004766       0x50 ./APP/MPU6050/mpu6050.o
 *fill*         0x080047b6        0x2 
 .text.MPU6050_DMP_Init
                0x080047b8       0xe0 ./APP/MPU6050/mpu6050.o
                0x080047b8                MPU6050_DMP_Init
 .text.MPU6050_DMP_Get_Data
                0x08004898      0x1ec ./APP/MPU6050/mpu6050.o
                0x08004898                MPU6050_DMP_Get_Data
 .text.OLED_I2C_Init
                0x08004a84        0xe ./Core/Src/OLED.o
                0x08004a84                OLED_I2C_Init
 *fill*         0x08004a92        0x2 
 .text.OLED_WriteCommand
                0x08004a94       0x30 ./Core/Src/OLED.o
                0x08004a94                OLED_WriteCommand
 .text.OLED_WriteData
                0x08004ac4       0x30 ./Core/Src/OLED.o
                0x08004ac4                OLED_WriteData
 .text.OLED_SetCursor
                0x08004af4       0x46 ./Core/Src/OLED.o
                0x08004af4                OLED_SetCursor
 .text.OLED_Clear
                0x08004b3a       0x46 ./Core/Src/OLED.o
                0x08004b3a                OLED_Clear
 .text.OLED_Clear_Part
                0x08004b80       0x98 ./Core/Src/OLED.o
                0x08004b80                OLED_Clear_Part
 .text.OLED_ShowChar
                0x08004c18       0xb0 ./Core/Src/OLED.o
                0x08004c18                OLED_ShowChar
 .text.OLED_ShowString
                0x08004cc8       0x4a ./Core/Src/OLED.o
                0x08004cc8                OLED_ShowString
 .text.OLED_Pow
                0x08004d12       0x32 ./Core/Src/OLED.o
                0x08004d12                OLED_Pow
 .text.OLED_ShowNum
                0x08004d44       0x7c ./Core/Src/OLED.o
                0x08004d44                OLED_ShowNum
 .text.OLED_Init
                0x08004dc0       0xac ./Core/Src/OLED.o
                0x08004dc0                OLED_Init
 .text.Servo_Init
                0x08004e6c       0x70 ./Core/Src/Servo.o
                0x08004e6c                Servo_Init
 .text.Servo_SetAngle
                0x08004edc       0x78 ./Core/Src/Servo.o
                0x08004edc                Servo_SetAngle
 .text.Servo_SetPulse
                0x08004f54       0x58 ./Core/Src/Servo.o
                0x08004f54                Servo_SetPulse
 .text.MX_GPIO_Init
                0x08004fac      0x304 ./Core/Src/gpio.o
                0x08004fac                MX_GPIO_Init
 .text.MX_I2C1_Init
                0x080052b0       0x5c ./Core/Src/i2c.o
                0x080052b0                MX_I2C1_Init
 .text.MX_I2C3_Init
                0x0800530c       0x5c ./Core/Src/i2c.o
                0x0800530c                MX_I2C3_Init
 .text.HAL_I2C_MspInit
                0x08005368      0x140 ./Core/Src/i2c.o
                0x08005368                HAL_I2C_MspInit
 .text.HAL_UART_RxCpltCallback
                0x080054a8       0xa4 ./Core/Src/main.o
                0x080054a8                HAL_UART_RxCpltCallback
 .text.smooth_speed_transition
                0x0800554c       0x9a ./Core/Src/main.o
                0x0800554c                smooth_speed_transition
 *fill*         0x080055e6        0x2 
 .text.PID_ResetAll
                0x080055e8       0x30 ./Core/Src/main.o
                0x080055e8                PID_ResetAll
 .text.Rotate_90_Degrees
                0x08005618      0x36c ./Core/Src/main.o
                0x08005618                Rotate_90_Degrees
 .text.Servo_open_red_left
                0x08005984       0x60 ./Core/Src/main.o
                0x08005984                Servo_open_red_left
 .text.Servo_open_red_right
                0x080059e4       0x5c ./Core/Src/main.o
                0x080059e4                Servo_open_red_right
 .text.Servo_open_green_left
                0x08005a40       0x5c ./Core/Src/main.o
                0x08005a40                Servo_open_green_left
 .text.Servo_open_green_right
                0x08005a9c       0x5c ./Core/Src/main.o
                0x08005a9c                Servo_open_green_right
 .text.main     0x08005af8     0x1fe8 ./Core/Src/main.o
                0x08005af8                main
 .text.SystemClock_Config
                0x08007ae0       0xd4 ./Core/Src/main.o
                0x08007ae0                SystemClock_Config
 .text.Error_Handler
                0x08007bb4        0xc ./Core/Src/main.o
                0x08007bb4                Error_Handler
 .text.Motor_Init
                0x08007bc0       0xf8 ./Core/Src/motor.o
                0x08007bc0                Motor_Init
 .text.Motor_SetSpeed
                0x08007cb8      0x224 ./Core/Src/motor.o
                0x08007cb8                Motor_SetSpeed
 .text.Motor_GetEncoder
                0x08007edc       0xbc ./Core/Src/motor.o
                0x08007edc                Motor_GetEncoder
 .text.Reset_Timer
                0x08007f98       0x20 ./Core/Src/motor.o
                0x08007f98                Reset_Timer
 .text.Motor_Straight
                0x08007fb8      0x424 ./Core/Src/motor.o
                0x08007fb8                Motor_Straight
 .text.Adjust_Left_Motors_By_Distance
                0x080083dc      0xf68 ./Core/Src/motor.o
                0x080083dc                Adjust_Left_Motors_By_Distance
 .text.Adjust_Right_Motors_By_Distance
                0x08009344      0xf68 ./Core/Src/motor.o
                0x08009344                Adjust_Right_Motors_By_Distance
 .text.Adjust_Motors_By_Side_Distances
                0x0800a2ac     0x101c ./Core/Src/motor.o
                0x0800a2ac                Adjust_Motors_By_Side_Distances
 .text.PID_Calculate
                0x0800b2c8       0xf8 ./Core/Src/pid_controller.o
                0x0800b2c8                PID_Calculate
 .text.PID_Reset
                0x0800b3c0       0x24 ./Core/Src/pid_controller.o
                0x0800b3c0                PID_Reset
 .text.HAL_MspInit
                0x0800b3e4       0x50 ./Core/Src/stm32f4xx_hal_msp.o
                0x0800b3e4                HAL_MspInit
 .text.NMI_Handler
                0x0800b434        0x8 ./Core/Src/stm32f4xx_it.o
                0x0800b434                NMI_Handler
 .text.HardFault_Handler
                0x0800b43c        0x8 ./Core/Src/stm32f4xx_it.o
                0x0800b43c                HardFault_Handler
 .text.MemManage_Handler
                0x0800b444        0x8 ./Core/Src/stm32f4xx_it.o
                0x0800b444                MemManage_Handler
 .text.BusFault_Handler
                0x0800b44c        0x8 ./Core/Src/stm32f4xx_it.o
                0x0800b44c                BusFault_Handler
 .text.UsageFault_Handler
                0x0800b454        0x8 ./Core/Src/stm32f4xx_it.o
                0x0800b454                UsageFault_Handler
 .text.SVC_Handler
                0x0800b45c        0xe ./Core/Src/stm32f4xx_it.o
                0x0800b45c                SVC_Handler
 .text.DebugMon_Handler
                0x0800b46a        0xe ./Core/Src/stm32f4xx_it.o
                0x0800b46a                DebugMon_Handler
 .text.PendSV_Handler
                0x0800b478        0xe ./Core/Src/stm32f4xx_it.o
                0x0800b478                PendSV_Handler
 .text.SysTick_Handler
                0x0800b486        0xc ./Core/Src/stm32f4xx_it.o
                0x0800b486                SysTick_Handler
 *fill*         0x0800b492        0x2 
 .text.USART1_IRQHandler
                0x0800b494       0x14 ./Core/Src/stm32f4xx_it.o
                0x0800b494                USART1_IRQHandler
 .text.USART2_IRQHandler
                0x0800b4a8       0x14 ./Core/Src/stm32f4xx_it.o
                0x0800b4a8                USART2_IRQHandler
 .text.USART3_IRQHandler
                0x0800b4bc       0x14 ./Core/Src/stm32f4xx_it.o
                0x0800b4bc                USART3_IRQHandler
 .text.UART4_IRQHandler
                0x0800b4d0       0x14 ./Core/Src/stm32f4xx_it.o
                0x0800b4d0                UART4_IRQHandler
 .text.UART5_IRQHandler
                0x0800b4e4       0x14 ./Core/Src/stm32f4xx_it.o
                0x0800b4e4                UART5_IRQHandler
 .text._getpid  0x0800b4f8       0x10 ./Core/Src/syscalls.o
                0x0800b4f8                _getpid
 .text._kill    0x0800b508       0x20 ./Core/Src/syscalls.o
                0x0800b508                _kill
 .text._exit    0x0800b528       0x16 ./Core/Src/syscalls.o
                0x0800b528                _exit
 .text._read    0x0800b53e       0x3a ./Core/Src/syscalls.o
                0x0800b53e                _read
 .text._write   0x0800b578       0x38 ./Core/Src/syscalls.o
                0x0800b578                _write
 .text._close   0x0800b5b0       0x18 ./Core/Src/syscalls.o
                0x0800b5b0                _close
 .text._fstat   0x0800b5c8       0x20 ./Core/Src/syscalls.o
                0x0800b5c8                _fstat
 .text._isatty  0x0800b5e8       0x16 ./Core/Src/syscalls.o
                0x0800b5e8                _isatty
 .text._lseek   0x0800b5fe       0x1a ./Core/Src/syscalls.o
                0x0800b5fe                _lseek
 .text._sbrk    0x0800b618       0x6c ./Core/Src/sysmem.o
                0x0800b618                _sbrk
 .text.SystemInit
                0x0800b684       0x24 ./Core/Src/system_stm32f4xx.o
                0x0800b684                SystemInit
 .text.MX_TIM1_Init
                0x0800b6a8       0xb0 ./Core/Src/tim.o
                0x0800b6a8                MX_TIM1_Init
 .text.MX_TIM2_Init
                0x0800b758       0xa8 ./Core/Src/tim.o
                0x0800b758                MX_TIM2_Init
 .text.MX_TIM3_Init
                0x0800b800       0xa8 ./Core/Src/tim.o
                0x0800b800                MX_TIM3_Init
 .text.MX_TIM4_Init
                0x0800b8a8       0xa8 ./Core/Src/tim.o
                0x0800b8a8                MX_TIM4_Init
 .text.MX_TIM5_Init
                0x0800b950      0x130 ./Core/Src/tim.o
                0x0800b950                MX_TIM5_Init
 .text.MX_TIM6_Init
                0x0800ba80       0x6c ./Core/Src/tim.o
                0x0800ba80                MX_TIM6_Init
 .text.MX_TIM8_Init
                0x0800baec      0x15c ./Core/Src/tim.o
                0x0800baec                MX_TIM8_Init
 .text.MX_TIM9_Init
                0x0800bc48       0xdc ./Core/Src/tim.o
                0x0800bc48                MX_TIM9_Init
 .text.MX_TIM10_Init
                0x0800bd24       0x9c ./Core/Src/tim.o
                0x0800bd24                MX_TIM10_Init
 .text.HAL_TIM_Encoder_MspInit
                0x0800bdc0      0x210 ./Core/Src/tim.o
                0x0800bdc0                HAL_TIM_Encoder_MspInit
 .text.HAL_TIM_Base_MspInit
                0x0800bfd0       0xf4 ./Core/Src/tim.o
                0x0800bfd0                HAL_TIM_Base_MspInit
 .text.HAL_TIM_MspPostInit
                0x0800c0c4      0x164 ./Core/Src/tim.o
                0x0800c0c4                HAL_TIM_MspPostInit
 .text.KalmanFilter_Init
                0x0800c228       0x42 ./Core/Src/us100_uart.o
                0x0800c228                KalmanFilter_Init
 .text.KalmanFilter_Update
                0x0800c26a       0xa2 ./Core/Src/us100_uart.o
                0x0800c26a                KalmanFilter_Update
 .text.SlidingWindowFilter_Init
                0x0800c30c       0x50 ./Core/Src/us100_uart.o
                0x0800c30c                SlidingWindowFilter_Init
 .text.SlidingWindowFilter_Update
                0x0800c35c       0x9a ./Core/Src/us100_uart.o
                0x0800c35c                SlidingWindowFilter_Update
 *fill*         0x0800c3f6        0x2 
 .text.US100_Init
                0x0800c3f8       0xac ./Core/Src/us100_uart.o
                0x0800c3f8                US100_Init
 .text.US100_StartMeasurement
                0x0800c4a4       0x58 ./Core/Src/us100_uart.o
                0x0800c4a4                US100_StartMeasurement
 .text.US100_Update
                0x0800c4fc      0x104 ./Core/Src/us100_uart.o
                0x0800c4fc                US100_Update
 .text.US100_UART_RxCpltCallback
                0x0800c600       0xc8 ./Core/Src/us100_uart.o
                0x0800c600                US100_UART_RxCpltCallback
 .text.US100_GetDistance
                0x0800c6c8       0x64 ./Core/Src/us100_uart.o
                0x0800c6c8                US100_GetDistance
 .text.US100_GetAllValidDistances
                0x0800c72c      0x19c ./Core/Src/us100_uart.o
                0x0800c72c                US100_GetAllValidDistances
 .text.MX_UART4_Init
                0x0800c8c8       0x54 ./Core/Src/usart.o
                0x0800c8c8                MX_UART4_Init
 .text.MX_UART5_Init
                0x0800c91c       0x54 ./Core/Src/usart.o
                0x0800c91c                MX_UART5_Init
 .text.MX_USART1_UART_Init
                0x0800c970       0x54 ./Core/Src/usart.o
                0x0800c970                MX_USART1_UART_Init
 .text.MX_USART2_UART_Init
                0x0800c9c4       0x54 ./Core/Src/usart.o
                0x0800c9c4                MX_USART2_UART_Init
 .text.MX_USART3_UART_Init
                0x0800ca18       0x54 ./Core/Src/usart.o
                0x0800ca18                MX_USART3_UART_Init
 .text.MX_USART6_UART_Init
                0x0800ca6c       0x54 ./Core/Src/usart.o
                0x0800ca6c                MX_USART6_UART_Init
 .text.HAL_UART_MspInit
                0x0800cac0      0x33c ./Core/Src/usart.o
                0x0800cac0                HAL_UART_MspInit
 .text.Reset_Handler
                0x0800cdfc       0x50 ./Core/Startup/startup_stm32f407zetx.o
                0x0800cdfc                Reset_Handler
 .text.Default_Handler
                0x0800ce4c        0x2 ./Core/Startup/startup_stm32f407zetx.o
                0x0800ce4c                RTC_Alarm_IRQHandler
                0x0800ce4c                HASH_RNG_IRQHandler
                0x0800ce4c                EXTI2_IRQHandler
                0x0800ce4c                TIM8_CC_IRQHandler
                0x0800ce4c                TIM1_CC_IRQHandler
                0x0800ce4c                DMA2_Stream5_IRQHandler
                0x0800ce4c                DMA1_Stream5_IRQHandler
                0x0800ce4c                PVD_IRQHandler
                0x0800ce4c                SDIO_IRQHandler
                0x0800ce4c                TAMP_STAMP_IRQHandler
                0x0800ce4c                CAN2_RX1_IRQHandler
                0x0800ce4c                EXTI3_IRQHandler
                0x0800ce4c                TIM8_TRG_COM_TIM14_IRQHandler
                0x0800ce4c                TIM1_UP_TIM10_IRQHandler
                0x0800ce4c                TIM8_UP_TIM13_IRQHandler
                0x0800ce4c                I2C3_ER_IRQHandler
                0x0800ce4c                EXTI0_IRQHandler
                0x0800ce4c                I2C2_EV_IRQHandler
                0x0800ce4c                DMA1_Stream2_IRQHandler
                0x0800ce4c                CAN1_RX0_IRQHandler
                0x0800ce4c                FPU_IRQHandler
                0x0800ce4c                OTG_HS_WKUP_IRQHandler
                0x0800ce4c                CAN2_SCE_IRQHandler
                0x0800ce4c                DMA2_Stream2_IRQHandler
                0x0800ce4c                SPI1_IRQHandler
                0x0800ce4c                TIM6_DAC_IRQHandler
                0x0800ce4c                TIM1_BRK_TIM9_IRQHandler
                0x0800ce4c                DCMI_IRQHandler
                0x0800ce4c                CAN2_RX0_IRQHandler
                0x0800ce4c                DMA2_Stream3_IRQHandler
                0x0800ce4c                USART6_IRQHandler
                0x0800ce4c                CAN1_RX1_IRQHandler
                0x0800ce4c                DMA2_Stream0_IRQHandler
                0x0800ce4c                TIM4_IRQHandler
                0x0800ce4c                I2C1_EV_IRQHandler
                0x0800ce4c                DMA1_Stream6_IRQHandler
                0x0800ce4c                DMA1_Stream1_IRQHandler
                0x0800ce4c                TIM3_IRQHandler
                0x0800ce4c                RCC_IRQHandler
                0x0800ce4c                TIM8_BRK_TIM12_IRQHandler
                0x0800ce4c                Default_Handler
                0x0800ce4c                EXTI15_10_IRQHandler
                0x0800ce4c                ADC_IRQHandler
                0x0800ce4c                DMA1_Stream7_IRQHandler
                0x0800ce4c                TIM7_IRQHandler
                0x0800ce4c                CAN2_TX_IRQHandler
                0x0800ce4c                TIM5_IRQHandler
                0x0800ce4c                DMA2_Stream7_IRQHandler
                0x0800ce4c                I2C3_EV_IRQHandler
                0x0800ce4c                EXTI9_5_IRQHandler
                0x0800ce4c                RTC_WKUP_IRQHandler
                0x0800ce4c                ETH_WKUP_IRQHandler
                0x0800ce4c                SPI2_IRQHandler
                0x0800ce4c                OTG_HS_EP1_IN_IRQHandler
                0x0800ce4c                DMA1_Stream0_IRQHandler
                0x0800ce4c                CAN1_TX_IRQHandler
                0x0800ce4c                EXTI4_IRQHandler
                0x0800ce4c                FSMC_IRQHandler
                0x0800ce4c                ETH_IRQHandler
                0x0800ce4c                OTG_HS_EP1_OUT_IRQHandler
                0x0800ce4c                WWDG_IRQHandler
                0x0800ce4c                TIM2_IRQHandler
                0x0800ce4c                OTG_FS_WKUP_IRQHandler
                0x0800ce4c                TIM1_TRG_COM_TIM11_IRQHandler
                0x0800ce4c                OTG_HS_IRQHandler
                0x0800ce4c                EXTI1_IRQHandler
                0x0800ce4c                I2C2_ER_IRQHandler
                0x0800ce4c                DMA2_Stream1_IRQHandler
                0x0800ce4c                CAN1_SCE_IRQHandler
                0x0800ce4c                FLASH_IRQHandler
                0x0800ce4c                DMA2_Stream4_IRQHandler
                0x0800ce4c                OTG_FS_IRQHandler
                0x0800ce4c                SPI3_IRQHandler
                0x0800ce4c                DMA1_Stream4_IRQHandler
                0x0800ce4c                I2C1_ER_IRQHandler
                0x0800ce4c                DMA2_Stream6_IRQHandler
                0x0800ce4c                DMA1_Stream3_IRQHandler
 *fill*         0x0800ce4e        0x2 
 .text.HAL_Init
                0x0800ce50       0x44 ./Drivers/STM32F4xx_HAL_Driver/Src/stm32f4xx_hal.o
                0x0800ce50                HAL_Init
 .text.HAL_InitTick
                0x0800ce94       0x60 ./Drivers/STM32F4xx_HAL_Driver/Src/stm32f4xx_hal.o
                0x0800ce94                HAL_InitTick
 .text.HAL_IncTick
                0x0800cef4       0x28 ./Drivers/STM32F4xx_HAL_Driver/Src/stm32f4xx_hal.o
                0x0800cef4                HAL_IncTick
 .text.HAL_GetTick
                0x0800cf1c       0x18 ./Drivers/STM32F4xx_HAL_Driver/Src/stm32f4xx_hal.o
                0x0800cf1c                HAL_GetTick
 .text.HAL_Delay
                0x0800cf34       0x48 ./Drivers/STM32F4xx_HAL_Driver/Src/stm32f4xx_hal.o
                0x0800cf34                HAL_Delay
 .text.__NVIC_SetPriorityGrouping
                0x0800cf7c       0x48 ./Drivers/STM32F4xx_HAL_Driver/Src/stm32f4xx_hal_cortex.o
 .text.__NVIC_GetPriorityGrouping
                0x0800cfc4       0x1c ./Drivers/STM32F4xx_HAL_Driver/Src/stm32f4xx_hal_cortex.o
 .text.__NVIC_EnableIRQ
                0x0800cfe0       0x3c ./Drivers/STM32F4xx_HAL_Driver/Src/stm32f4xx_hal_cortex.o
 .text.__NVIC_SetPriority
                0x0800d01c       0x54 ./Drivers/STM32F4xx_HAL_Driver/Src/stm32f4xx_hal_cortex.o
 .text.NVIC_EncodePriority
                0x0800d070       0x66 ./Drivers/STM32F4xx_HAL_Driver/Src/stm32f4xx_hal_cortex.o
 *fill*         0x0800d0d6        0x2 
 .text.SysTick_Config
                0x0800d0d8       0x44 ./Drivers/STM32F4xx_HAL_Driver/Src/stm32f4xx_hal_cortex.o
 .text.HAL_NVIC_SetPriorityGrouping
                0x0800d11c       0x16 ./Drivers/STM32F4xx_HAL_Driver/Src/stm32f4xx_hal_cortex.o
                0x0800d11c                HAL_NVIC_SetPriorityGrouping
 .text.HAL_NVIC_SetPriority
                0x0800d132       0x38 ./Drivers/STM32F4xx_HAL_Driver/Src/stm32f4xx_hal_cortex.o
                0x0800d132                HAL_NVIC_SetPriority
 .text.HAL_NVIC_EnableIRQ
                0x0800d16a       0x1c ./Drivers/STM32F4xx_HAL_Driver/Src/stm32f4xx_hal_cortex.o
                0x0800d16a                HAL_NVIC_EnableIRQ
 .text.HAL_SYSTICK_Config
                0x0800d186       0x18 ./Drivers/STM32F4xx_HAL_Driver/Src/stm32f4xx_hal_cortex.o
                0x0800d186                HAL_SYSTICK_Config
 .text.HAL_DMA_Abort
                0x0800d19e       0xe0 ./Drivers/STM32F4xx_HAL_Driver/Src/stm32f4xx_hal_dma.o
                0x0800d19e                HAL_DMA_Abort
 .text.HAL_DMA_Abort_IT
                0x0800d27e       0x44 ./Drivers/STM32F4xx_HAL_Driver/Src/stm32f4xx_hal_dma.o
                0x0800d27e                HAL_DMA_Abort_IT
 *fill*         0x0800d2c2        0x2 
 .text.HAL_GPIO_Init
                0x0800d2c4      0x338 ./Drivers/STM32F4xx_HAL_Driver/Src/stm32f4xx_hal_gpio.o
                0x0800d2c4                HAL_GPIO_Init
 .text.HAL_GPIO_WritePin
                0x0800d5fc       0x32 ./Drivers/STM32F4xx_HAL_Driver/Src/stm32f4xx_hal_gpio.o
                0x0800d5fc                HAL_GPIO_WritePin
 *fill*         0x0800d62e        0x2 
 .text.HAL_I2C_Init
                0x0800d630      0x288 ./Drivers/STM32F4xx_HAL_Driver/Src/stm32f4xx_hal_i2c.o
                0x0800d630                HAL_I2C_Init
 .text.HAL_I2C_Master_Transmit
                0x0800d8b8      0x1fc ./Drivers/STM32F4xx_HAL_Driver/Src/stm32f4xx_hal_i2c.o
                0x0800d8b8                HAL_I2C_Master_Transmit
 .text.HAL_I2C_Mem_Write
                0x0800dab4      0x1f4 ./Drivers/STM32F4xx_HAL_Driver/Src/stm32f4xx_hal_i2c.o
                0x0800dab4                HAL_I2C_Mem_Write
 .text.HAL_I2C_Mem_Read
                0x0800dca8      0x464 ./Drivers/STM32F4xx_HAL_Driver/Src/stm32f4xx_hal_i2c.o
                0x0800dca8                HAL_I2C_Mem_Read
 .text.I2C_MasterRequestWrite
                0x0800e10c      0x104 ./Drivers/STM32F4xx_HAL_Driver/Src/stm32f4xx_hal_i2c.o
 .text.I2C_RequestMemoryWrite
                0x0800e210      0x12c ./Drivers/STM32F4xx_HAL_Driver/Src/stm32f4xx_hal_i2c.o
 .text.I2C_RequestMemoryRead
                0x0800e33c      0x1d0 ./Drivers/STM32F4xx_HAL_Driver/Src/stm32f4xx_hal_i2c.o
 .text.I2C_WaitOnFlagUntilTimeout
                0x0800e50c       0xf4 ./Drivers/STM32F4xx_HAL_Driver/Src/stm32f4xx_hal_i2c.o
 .text.I2C_WaitOnMasterAddressFlagUntilTimeout
                0x0800e600      0x140 ./Drivers/STM32F4xx_HAL_Driver/Src/stm32f4xx_hal_i2c.o
 .text.I2C_WaitOnTXEFlagUntilTimeout
                0x0800e740       0x90 ./Drivers/STM32F4xx_HAL_Driver/Src/stm32f4xx_hal_i2c.o
 .text.I2C_WaitOnBTFFlagUntilTimeout
                0x0800e7d0       0x90 ./Drivers/STM32F4xx_HAL_Driver/Src/stm32f4xx_hal_i2c.o
 .text.I2C_WaitOnRXNEFlagUntilTimeout
                0x0800e860       0xba ./Drivers/STM32F4xx_HAL_Driver/Src/stm32f4xx_hal_i2c.o
 .text.I2C_IsAcknowledgeFailed
                0x0800e91a       0x5e ./Drivers/STM32F4xx_HAL_Driver/Src/stm32f4xx_hal_i2c.o
 .text.HAL_RCC_OscConfig
                0x0800e978      0x4f0 ./Drivers/STM32F4xx_HAL_Driver/Src/stm32f4xx_hal_rcc.o
                0x0800e978                HAL_RCC_OscConfig
 .text.HAL_RCC_ClockConfig
                0x0800ee68      0x1cc ./Drivers/STM32F4xx_HAL_Driver/Src/stm32f4xx_hal_rcc.o
                0x0800ee68                HAL_RCC_ClockConfig
 .text.HAL_RCC_GetSysClockFreq
                0x0800f034      0x18c ./Drivers/STM32F4xx_HAL_Driver/Src/stm32f4xx_hal_rcc.o
                0x0800f034                HAL_RCC_GetSysClockFreq
 .text.HAL_RCC_GetHCLKFreq
                0x0800f1c0       0x18 ./Drivers/STM32F4xx_HAL_Driver/Src/stm32f4xx_hal_rcc.o
                0x0800f1c0                HAL_RCC_GetHCLKFreq
 .text.HAL_RCC_GetPCLK1Freq
                0x0800f1d8       0x28 ./Drivers/STM32F4xx_HAL_Driver/Src/stm32f4xx_hal_rcc.o
                0x0800f1d8                HAL_RCC_GetPCLK1Freq
 .text.HAL_RCC_GetPCLK2Freq
                0x0800f200       0x28 ./Drivers/STM32F4xx_HAL_Driver/Src/stm32f4xx_hal_rcc.o
                0x0800f200                HAL_RCC_GetPCLK2Freq
 .text.HAL_TIM_Base_Init
                0x0800f228       0x9e ./Drivers/STM32F4xx_HAL_Driver/Src/stm32f4xx_hal_tim.o
                0x0800f228                HAL_TIM_Base_Init
 *fill*         0x0800f2c6        0x2 
 .text.HAL_TIM_Base_Start
                0x0800f2c8       0xd0 ./Drivers/STM32F4xx_HAL_Driver/Src/stm32f4xx_hal_tim.o
                0x0800f2c8                HAL_TIM_Base_Start
 .text.HAL_TIM_PWM_Init
                0x0800f398       0x9e ./Drivers/STM32F4xx_HAL_Driver/Src/stm32f4xx_hal_tim.o
                0x0800f398                HAL_TIM_PWM_Init
 .text.HAL_TIM_PWM_MspInit
                0x0800f436       0x14 ./Drivers/STM32F4xx_HAL_Driver/Src/stm32f4xx_hal_tim.o
                0x0800f436                HAL_TIM_PWM_MspInit
 *fill*         0x0800f44a        0x2 
 .text.HAL_TIM_PWM_Start
                0x0800f44c      0x190 ./Drivers/STM32F4xx_HAL_Driver/Src/stm32f4xx_hal_tim.o
                0x0800f44c                HAL_TIM_PWM_Start
 .text.HAL_TIM_Encoder_Init
                0x0800f5dc      0x14c ./Drivers/STM32F4xx_HAL_Driver/Src/stm32f4xx_hal_tim.o
                0x0800f5dc                HAL_TIM_Encoder_Init
 .text.HAL_TIM_Encoder_Start
                0x0800f728      0x11c ./Drivers/STM32F4xx_HAL_Driver/Src/stm32f4xx_hal_tim.o
                0x0800f728                HAL_TIM_Encoder_Start
 .text.HAL_TIM_PWM_ConfigChannel
                0x0800f844      0x184 ./Drivers/STM32F4xx_HAL_Driver/Src/stm32f4xx_hal_tim.o
                0x0800f844                HAL_TIM_PWM_ConfigChannel
 .text.HAL_TIM_ConfigClockSource
                0x0800f9c8      0x18e ./Drivers/STM32F4xx_HAL_Driver/Src/stm32f4xx_hal_tim.o
                0x0800f9c8                HAL_TIM_ConfigClockSource
 *fill*         0x0800fb56        0x2 
 .text.TIM_Base_SetConfig
                0x0800fb58      0x158 ./Drivers/STM32F4xx_HAL_Driver/Src/stm32f4xx_hal_tim.o
                0x0800fb58                TIM_Base_SetConfig
 .text.TIM_OC1_SetConfig
                0x0800fcb0       0xe0 ./Drivers/STM32F4xx_HAL_Driver/Src/stm32f4xx_hal_tim.o
 .text.TIM_OC2_SetConfig
                0x0800fd90       0xec ./Drivers/STM32F4xx_HAL_Driver/Src/stm32f4xx_hal_tim.o
                0x0800fd90                TIM_OC2_SetConfig
 .text.TIM_OC3_SetConfig
                0x0800fe7c       0xe8 ./Drivers/STM32F4xx_HAL_Driver/Src/stm32f4xx_hal_tim.o
 .text.TIM_OC4_SetConfig
                0x0800ff64       0xac ./Drivers/STM32F4xx_HAL_Driver/Src/stm32f4xx_hal_tim.o
 .text.TIM_TI1_ConfigInputStage
                0x08010010       0x5e ./Drivers/STM32F4xx_HAL_Driver/Src/stm32f4xx_hal_tim.o
 .text.TIM_TI2_ConfigInputStage
                0x0801006e       0x60 ./Drivers/STM32F4xx_HAL_Driver/Src/stm32f4xx_hal_tim.o
 .text.TIM_ITRx_SetConfig
                0x080100ce       0x36 ./Drivers/STM32F4xx_HAL_Driver/Src/stm32f4xx_hal_tim.o
 .text.TIM_ETR_SetConfig
                0x08010104       0x40 ./Drivers/STM32F4xx_HAL_Driver/Src/stm32f4xx_hal_tim.o
                0x08010104                TIM_ETR_SetConfig
 .text.TIM_CCxChannelCmd
                0x08010144       0x4a ./Drivers/STM32F4xx_HAL_Driver/Src/stm32f4xx_hal_tim.o
                0x08010144                TIM_CCxChannelCmd
 *fill*         0x0801018e        0x2 
 .text.HAL_TIMEx_MasterConfigSynchronization
                0x08010190       0xf8 ./Drivers/STM32F4xx_HAL_Driver/Src/stm32f4xx_hal_tim_ex.o
                0x08010190                HAL_TIMEx_MasterConfigSynchronization
 .text.HAL_TIMEx_ConfigBreakDeadTime
                0x08010288       0xa4 ./Drivers/STM32F4xx_HAL_Driver/Src/stm32f4xx_hal_tim_ex.o
                0x08010288                HAL_TIMEx_ConfigBreakDeadTime
 .text.HAL_UART_Init
                0x0801032c       0xa0 ./Drivers/STM32F4xx_HAL_Driver/Src/stm32f4xx_hal_uart.o
                0x0801032c                HAL_UART_Init
 .text.HAL_UART_Transmit
                0x080103cc      0x116 ./Drivers/STM32F4xx_HAL_Driver/Src/stm32f4xx_hal_uart.o
                0x080103cc                HAL_UART_Transmit
 .text.HAL_UART_Receive_IT
                0x080104e2       0x4a ./Drivers/STM32F4xx_HAL_Driver/Src/stm32f4xx_hal_uart.o
                0x080104e2                HAL_UART_Receive_IT
 .text.HAL_UART_IRQHandler
                0x0801052c      0x524 ./Drivers/STM32F4xx_HAL_Driver/Src/stm32f4xx_hal_uart.o
                0x0801052c                HAL_UART_IRQHandler
 .text.HAL_UART_TxCpltCallback
                0x08010a50       0x14 ./Drivers/STM32F4xx_HAL_Driver/Src/stm32f4xx_hal_uart.o
                0x08010a50                HAL_UART_TxCpltCallback
 .text.HAL_UART_ErrorCallback
                0x08010a64       0x14 ./Drivers/STM32F4xx_HAL_Driver/Src/stm32f4xx_hal_uart.o
                0x08010a64                HAL_UART_ErrorCallback
 .text.HAL_UARTEx_RxEventCallback
                0x08010a78       0x18 ./Drivers/STM32F4xx_HAL_Driver/Src/stm32f4xx_hal_uart.o
                0x08010a78                HAL_UARTEx_RxEventCallback
 .text.HAL_UART_GetState
                0x08010a90       0x3c ./Drivers/STM32F4xx_HAL_Driver/Src/stm32f4xx_hal_uart.o
                0x08010a90                HAL_UART_GetState
 .text.UART_WaitOnFlagUntilTimeout
                0x08010acc       0xb2 ./Drivers/STM32F4xx_HAL_Driver/Src/stm32f4xx_hal_uart.o
 .text.UART_Start_Receive_IT
                0x08010b7e       0x74 ./Drivers/STM32F4xx_HAL_Driver/Src/stm32f4xx_hal_uart.o
                0x08010b7e                UART_Start_Receive_IT
 .text.UART_EndRxTransfer
                0x08010bf2       0xc6 ./Drivers/STM32F4xx_HAL_Driver/Src/stm32f4xx_hal_uart.o
 .text.UART_DMAAbortOnError
                0x08010cb8       0x28 ./Drivers/STM32F4xx_HAL_Driver/Src/stm32f4xx_hal_uart.o
 .text.UART_Transmit_IT
                0x08010ce0       0xa0 ./Drivers/STM32F4xx_HAL_Driver/Src/stm32f4xx_hal_uart.o
 .text.UART_EndTransmit_IT
                0x08010d80       0x30 ./Drivers/STM32F4xx_HAL_Driver/Src/stm32f4xx_hal_uart.o
 .text.UART_Receive_IT
                0x08010db0      0x17c ./Drivers/STM32F4xx_HAL_Driver/Src/stm32f4xx_hal_uart.o
 .text.UART_SetConfig
                0x08010f2c      0x4e8 ./Drivers/STM32F4xx_HAL_Driver/Src/stm32f4xx_hal_uart.o
 .text.malloc   0x08011414       0x10 C:/ST/STM32CubeIDE_1.18.1/STM32CubeIDE/plugins/com.st.stm32cube.ide.mcu.externaltools.gnu-tools-for-stm32.13.3.rel1.win32_1.0.0.202411081344/tools/bin/../lib/gcc/arm-none-eabi/13.3.1/../../../../arm-none-eabi/lib/thumb/v7e-m+fp/hard\libc_nano.a(libc_a-malloc.o)
                0x08011414                malloc
 .text.sbrk_aligned
                0x08011424       0x44 C:/ST/STM32CubeIDE_1.18.1/STM32CubeIDE/plugins/com.st.stm32cube.ide.mcu.externaltools.gnu-tools-for-stm32.13.3.rel1.win32_1.0.0.202411081344/tools/bin/../lib/gcc/arm-none-eabi/13.3.1/../../../../arm-none-eabi/lib/thumb/v7e-m+fp/hard\libc_nano.a(libc_a-mallocr.o)
 .text._malloc_r
                0x08011468      0x100 C:/ST/STM32CubeIDE_1.18.1/STM32CubeIDE/plugins/com.st.stm32cube.ide.mcu.externaltools.gnu-tools-for-stm32.13.3.rel1.win32_1.0.0.202411081344/tools/bin/../lib/gcc/arm-none-eabi/13.3.1/../../../../arm-none-eabi/lib/thumb/v7e-m+fp/hard\libc_nano.a(libc_a-mallocr.o)
                0x08011468                _malloc_r
 .text.__malloc_lock
                0x08011568        0xc C:/ST/STM32CubeIDE_1.18.1/STM32CubeIDE/plugins/com.st.stm32cube.ide.mcu.externaltools.gnu-tools-for-stm32.13.3.rel1.win32_1.0.0.202411081344/tools/bin/../lib/gcc/arm-none-eabi/13.3.1/../../../../arm-none-eabi/lib/thumb/v7e-m+fp/hard\libc_nano.a(libc_a-mlock.o)
                0x08011568                __malloc_lock
 .text.__malloc_unlock
                0x08011574        0xc C:/ST/STM32CubeIDE_1.18.1/STM32CubeIDE/plugins/com.st.stm32cube.ide.mcu.externaltools.gnu-tools-for-stm32.13.3.rel1.win32_1.0.0.202411081344/tools/bin/../lib/gcc/arm-none-eabi/13.3.1/../../../../arm-none-eabi/lib/thumb/v7e-m+fp/hard\libc_nano.a(libc_a-mlock.o)
                0x08011574                __malloc_unlock
 .text.__cvt    0x08011580       0xca C:/ST/STM32CubeIDE_1.18.1/STM32CubeIDE/plugins/com.st.stm32cube.ide.mcu.externaltools.gnu-tools-for-stm32.13.3.rel1.win32_1.0.0.202411081344/tools/bin/../lib/gcc/arm-none-eabi/13.3.1/../../../../arm-none-eabi/lib/thumb/v7e-m+fp/hard\libc_nano.a(libc_a-nano-vfprintf_float.o)
                0x08011580                __cvt
 .text.__exponent
                0x0801164a       0x74 C:/ST/STM32CubeIDE_1.18.1/STM32CubeIDE/plugins/com.st.stm32cube.ide.mcu.externaltools.gnu-tools-for-stm32.13.3.rel1.win32_1.0.0.202411081344/tools/bin/../lib/gcc/arm-none-eabi/13.3.1/../../../../arm-none-eabi/lib/thumb/v7e-m+fp/hard\libc_nano.a(libc_a-nano-vfprintf_float.o)
                0x0801164a                __exponent
 *fill*         0x080116be        0x2 
 .text._printf_float
                0x080116c0      0x454 C:/ST/STM32CubeIDE_1.18.1/STM32CubeIDE/plugins/com.st.stm32cube.ide.mcu.externaltools.gnu-tools-for-stm32.13.3.rel1.win32_1.0.0.202411081344/tools/bin/../lib/gcc/arm-none-eabi/13.3.1/../../../../arm-none-eabi/lib/thumb/v7e-m+fp/hard\libc_nano.a(libc_a-nano-vfprintf_float.o)
                0x080116c0                _printf_float
 .text._printf_common
                0x08011b14       0xda C:/ST/STM32CubeIDE_1.18.1/STM32CubeIDE/plugins/com.st.stm32cube.ide.mcu.externaltools.gnu-tools-for-stm32.13.3.rel1.win32_1.0.0.202411081344/tools/bin/../lib/gcc/arm-none-eabi/13.3.1/../../../../arm-none-eabi/lib/thumb/v7e-m+fp/hard\libc_nano.a(libc_a-nano-vfprintf_i.o)
                0x08011b14                _printf_common
 *fill*         0x08011bee        0x2 
 .text._printf_i
                0x08011bf0      0x23c C:/ST/STM32CubeIDE_1.18.1/STM32CubeIDE/plugins/com.st.stm32cube.ide.mcu.externaltools.gnu-tools-for-stm32.13.3.rel1.win32_1.0.0.202411081344/tools/bin/../lib/gcc/arm-none-eabi/13.3.1/../../../../arm-none-eabi/lib/thumb/v7e-m+fp/hard\libc_nano.a(libc_a-nano-vfprintf_i.o)
                0x08011bf0                _printf_i
 .text.std      0x08011e2c       0x6c C:/ST/STM32CubeIDE_1.18.1/STM32CubeIDE/plugins/com.st.stm32cube.ide.mcu.externaltools.gnu-tools-for-stm32.13.3.rel1.win32_1.0.0.202411081344/tools/bin/../lib/gcc/arm-none-eabi/13.3.1/../../../../arm-none-eabi/lib/thumb/v7e-m+fp/hard\libc_nano.a(libc_a-findfp.o)
 .text.stdio_exit_handler
                0x08011e98       0x18 C:/ST/STM32CubeIDE_1.18.1/STM32CubeIDE/plugins/com.st.stm32cube.ide.mcu.externaltools.gnu-tools-for-stm32.13.3.rel1.win32_1.0.0.202411081344/tools/bin/../lib/gcc/arm-none-eabi/13.3.1/../../../../arm-none-eabi/lib/thumb/v7e-m+fp/hard\libc_nano.a(libc_a-findfp.o)
 .text.cleanup_stdio
                0x08011eb0       0x40 C:/ST/STM32CubeIDE_1.18.1/STM32CubeIDE/plugins/com.st.stm32cube.ide.mcu.externaltools.gnu-tools-for-stm32.13.3.rel1.win32_1.0.0.202411081344/tools/bin/../lib/gcc/arm-none-eabi/13.3.1/../../../../arm-none-eabi/lib/thumb/v7e-m+fp/hard\libc_nano.a(libc_a-findfp.o)
 .text.global_stdio_init.part.0
                0x08011ef0       0x3c C:/ST/STM32CubeIDE_1.18.1/STM32CubeIDE/plugins/com.st.stm32cube.ide.mcu.externaltools.gnu-tools-for-stm32.13.3.rel1.win32_1.0.0.202411081344/tools/bin/../lib/gcc/arm-none-eabi/13.3.1/../../../../arm-none-eabi/lib/thumb/v7e-m+fp/hard\libc_nano.a(libc_a-findfp.o)
 .text.__sfp_lock_acquire
                0x08011f2c        0xc C:/ST/STM32CubeIDE_1.18.1/STM32CubeIDE/plugins/com.st.stm32cube.ide.mcu.externaltools.gnu-tools-for-stm32.13.3.rel1.win32_1.0.0.202411081344/tools/bin/../lib/gcc/arm-none-eabi/13.3.1/../../../../arm-none-eabi/lib/thumb/v7e-m+fp/hard\libc_nano.a(libc_a-findfp.o)
                0x08011f2c                __sfp_lock_acquire
 .text.__sfp_lock_release
                0x08011f38        0xc C:/ST/STM32CubeIDE_1.18.1/STM32CubeIDE/plugins/com.st.stm32cube.ide.mcu.externaltools.gnu-tools-for-stm32.13.3.rel1.win32_1.0.0.202411081344/tools/bin/../lib/gcc/arm-none-eabi/13.3.1/../../../../arm-none-eabi/lib/thumb/v7e-m+fp/hard\libc_nano.a(libc_a-findfp.o)
                0x08011f38                __sfp_lock_release
 .text.__sinit  0x08011f44       0x30 C:/ST/STM32CubeIDE_1.18.1/STM32CubeIDE/plugins/com.st.stm32cube.ide.mcu.externaltools.gnu-tools-for-stm32.13.3.rel1.win32_1.0.0.202411081344/tools/bin/../lib/gcc/arm-none-eabi/13.3.1/../../../../arm-none-eabi/lib/thumb/v7e-m+fp/hard\libc_nano.a(libc_a-findfp.o)
                0x08011f44                __sinit
 .text._fwalk_sglue
                0x08011f74       0x3c C:/ST/STM32CubeIDE_1.18.1/STM32CubeIDE/plugins/com.st.stm32cube.ide.mcu.externaltools.gnu-tools-for-stm32.13.3.rel1.win32_1.0.0.202411081344/tools/bin/../lib/gcc/arm-none-eabi/13.3.1/../../../../arm-none-eabi/lib/thumb/v7e-m+fp/hard\libc_nano.a(libc_a-fwalk.o)
                0x08011f74                _fwalk_sglue
 .text.printf   0x08011fb0       0x24 C:/ST/STM32CubeIDE_1.18.1/STM32CubeIDE/plugins/com.st.stm32cube.ide.mcu.externaltools.gnu-tools-for-stm32.13.3.rel1.win32_1.0.0.202411081344/tools/bin/../lib/gcc/arm-none-eabi/13.3.1/../../../../arm-none-eabi/lib/thumb/v7e-m+fp/hard\libc_nano.a(libc_a-printf.o)
                0x08011fb0                iprintf
                0x08011fb0                printf
 .text._puts_r  0x08011fd4       0xaa C:/ST/STM32CubeIDE_1.18.1/STM32CubeIDE/plugins/com.st.stm32cube.ide.mcu.externaltools.gnu-tools-for-stm32.13.3.rel1.win32_1.0.0.202411081344/tools/bin/../lib/gcc/arm-none-eabi/13.3.1/../../../../arm-none-eabi/lib/thumb/v7e-m+fp/hard\libc_nano.a(libc_a-puts.o)
                0x08011fd4                _puts_r
 *fill*         0x0801207e        0x2 
 .text.puts     0x08012080       0x10 C:/ST/STM32CubeIDE_1.18.1/STM32CubeIDE/plugins/com.st.stm32cube.ide.mcu.externaltools.gnu-tools-for-stm32.13.3.rel1.win32_1.0.0.202411081344/tools/bin/../lib/gcc/arm-none-eabi/13.3.1/../../../../arm-none-eabi/lib/thumb/v7e-m+fp/hard\libc_nano.a(libc_a-puts.o)
                0x08012080                puts
 .text.__sread  0x08012090       0x22 C:/ST/STM32CubeIDE_1.18.1/STM32CubeIDE/plugins/com.st.stm32cube.ide.mcu.externaltools.gnu-tools-for-stm32.13.3.rel1.win32_1.0.0.202411081344/tools/bin/../lib/gcc/arm-none-eabi/13.3.1/../../../../arm-none-eabi/lib/thumb/v7e-m+fp/hard\libc_nano.a(libc_a-stdio.o)
                0x08012090                __sread
 .text.__swrite
                0x080120b2       0x38 C:/ST/STM32CubeIDE_1.18.1/STM32CubeIDE/plugins/com.st.stm32cube.ide.mcu.externaltools.gnu-tools-for-stm32.13.3.rel1.win32_1.0.0.202411081344/tools/bin/../lib/gcc/arm-none-eabi/13.3.1/../../../../arm-none-eabi/lib/thumb/v7e-m+fp/hard\libc_nano.a(libc_a-stdio.o)
                0x080120b2                __swrite
 .text.__sseek  0x080120ea       0x24 C:/ST/STM32CubeIDE_1.18.1/STM32CubeIDE/plugins/com.st.stm32cube.ide.mcu.externaltools.gnu-tools-for-stm32.13.3.rel1.win32_1.0.0.202411081344/tools/bin/../lib/gcc/arm-none-eabi/13.3.1/../../../../arm-none-eabi/lib/thumb/v7e-m+fp/hard\libc_nano.a(libc_a-stdio.o)
                0x080120ea                __sseek
 .text.__sclose
                0x0801210e        0x8 C:/ST/STM32CubeIDE_1.18.1/STM32CubeIDE/plugins/com.st.stm32cube.ide.mcu.externaltools.gnu-tools-for-stm32.13.3.rel1.win32_1.0.0.202411081344/tools/bin/../lib/gcc/arm-none-eabi/13.3.1/../../../../arm-none-eabi/lib/thumb/v7e-m+fp/hard\libc_nano.a(libc_a-stdio.o)
                0x0801210e                __sclose
 .text.__swbuf_r
                0x08012116       0x7c C:/ST/STM32CubeIDE_1.18.1/STM32CubeIDE/plugins/com.st.stm32cube.ide.mcu.externaltools.gnu-tools-for-stm32.13.3.rel1.win32_1.0.0.202411081344/tools/bin/../lib/gcc/arm-none-eabi/13.3.1/../../../../arm-none-eabi/lib/thumb/v7e-m+fp/hard\libc_nano.a(libc_a-wbuf.o)
                0x08012116                __swbuf_r
 *fill*         0x08012192        0x2 
 .text.__swsetup_r
                0x08012194       0xac C:/ST/STM32CubeIDE_1.18.1/STM32CubeIDE/plugins/com.st.stm32cube.ide.mcu.externaltools.gnu-tools-for-stm32.13.3.rel1.win32_1.0.0.202411081344/tools/bin/../lib/gcc/arm-none-eabi/13.3.1/../../../../arm-none-eabi/lib/thumb/v7e-m+fp/hard\libc_nano.a(libc_a-wsetup.o)
                0x08012194                __swsetup_r
 .text.memcmp   0x08012240       0x20 C:/ST/STM32CubeIDE_1.18.1/STM32CubeIDE/plugins/com.st.stm32cube.ide.mcu.externaltools.gnu-tools-for-stm32.13.3.rel1.win32_1.0.0.202411081344/tools/bin/../lib/gcc/arm-none-eabi/13.3.1/../../../../arm-none-eabi/lib/thumb/v7e-m+fp/hard\libc_nano.a(libc_a-memcmp.o)
                0x08012240                memcmp
 .text.memset   0x08012260       0x10 C:/ST/STM32CubeIDE_1.18.1/STM32CubeIDE/plugins/com.st.stm32cube.ide.mcu.externaltools.gnu-tools-for-stm32.13.3.rel1.win32_1.0.0.202411081344/tools/bin/../lib/gcc/arm-none-eabi/13.3.1/../../../../arm-none-eabi/lib/thumb/v7e-m+fp/hard\libc_nano.a(libc_a-memset.o)
                0x08012260                memset
 .text._localeconv_r
                0x08012270        0x8 C:/ST/STM32CubeIDE_1.18.1/STM32CubeIDE/plugins/com.st.stm32cube.ide.mcu.externaltools.gnu-tools-for-stm32.13.3.rel1.win32_1.0.0.202411081344/tools/bin/../lib/gcc/arm-none-eabi/13.3.1/../../../../arm-none-eabi/lib/thumb/v7e-m+fp/hard\libc_nano.a(libc_a-localeconv.o)
                0x08012270                _localeconv_r
 .text._close_r
                0x08012278       0x20 C:/ST/STM32CubeIDE_1.18.1/STM32CubeIDE/plugins/com.st.stm32cube.ide.mcu.externaltools.gnu-tools-for-stm32.13.3.rel1.win32_1.0.0.202411081344/tools/bin/../lib/gcc/arm-none-eabi/13.3.1/../../../../arm-none-eabi/lib/thumb/v7e-m+fp/hard\libc_nano.a(libc_a-closer.o)
                0x08012278                _close_r
 .text._lseek_r
                0x08012298       0x24 C:/ST/STM32CubeIDE_1.18.1/STM32CubeIDE/plugins/com.st.stm32cube.ide.mcu.externaltools.gnu-tools-for-stm32.13.3.rel1.win32_1.0.0.202411081344/tools/bin/../lib/gcc/arm-none-eabi/13.3.1/../../../../arm-none-eabi/lib/thumb/v7e-m+fp/hard\libc_nano.a(libc_a-lseekr.o)
                0x08012298                _lseek_r
 .text._read_r  0x080122bc       0x24 C:/ST/STM32CubeIDE_1.18.1/STM32CubeIDE/plugins/com.st.stm32cube.ide.mcu.externaltools.gnu-tools-for-stm32.13.3.rel1.win32_1.0.0.202411081344/tools/bin/../lib/gcc/arm-none-eabi/13.3.1/../../../../arm-none-eabi/lib/thumb/v7e-m+fp/hard\libc_nano.a(libc_a-readr.o)
                0x080122bc                _read_r
 .text._sbrk_r  0x080122e0       0x20 C:/ST/STM32CubeIDE_1.18.1/STM32CubeIDE/plugins/com.st.stm32cube.ide.mcu.externaltools.gnu-tools-for-stm32.13.3.rel1.win32_1.0.0.202411081344/tools/bin/../lib/gcc/arm-none-eabi/13.3.1/../../../../arm-none-eabi/lib/thumb/v7e-m+fp/hard\libc_nano.a(libc_a-sbrkr.o)
                0x080122e0                _sbrk_r
 .text._write_r
                0x08012300       0x24 C:/ST/STM32CubeIDE_1.18.1/STM32CubeIDE/plugins/com.st.stm32cube.ide.mcu.externaltools.gnu-tools-for-stm32.13.3.rel1.win32_1.0.0.202411081344/tools/bin/../lib/gcc/arm-none-eabi/13.3.1/../../../../arm-none-eabi/lib/thumb/v7e-m+fp/hard\libc_nano.a(libc_a-writer.o)
                0x08012300                _write_r
 .text.__errno  0x08012324        0xc C:/ST/STM32CubeIDE_1.18.1/STM32CubeIDE/plugins/com.st.stm32cube.ide.mcu.externaltools.gnu-tools-for-stm32.13.3.rel1.win32_1.0.0.202411081344/tools/bin/../lib/gcc/arm-none-eabi/13.3.1/../../../../arm-none-eabi/lib/thumb/v7e-m+fp/hard\libc_nano.a(libc_a-errno.o)
                0x08012324                __errno
 .text.__libc_init_array
                0x08012330       0x48 C:/ST/STM32CubeIDE_1.18.1/STM32CubeIDE/plugins/com.st.stm32cube.ide.mcu.externaltools.gnu-tools-for-stm32.13.3.rel1.win32_1.0.0.202411081344/tools/bin/../lib/gcc/arm-none-eabi/13.3.1/../../../../arm-none-eabi/lib/thumb/v7e-m+fp/hard\libc_nano.a(libc_a-init.o)
                0x08012330                __libc_init_array
 .text.__retarget_lock_init_recursive
                0x08012378        0x2 C:/ST/STM32CubeIDE_1.18.1/STM32CubeIDE/plugins/com.st.stm32cube.ide.mcu.externaltools.gnu-tools-for-stm32.13.3.rel1.win32_1.0.0.202411081344/tools/bin/../lib/gcc/arm-none-eabi/13.3.1/../../../../arm-none-eabi/lib/thumb/v7e-m+fp/hard\libc_nano.a(libc_a-lock.o)
                0x08012378                __retarget_lock_init_recursive
 .text.__retarget_lock_acquire_recursive
                0x0801237a        0x2 C:/ST/STM32CubeIDE_1.18.1/STM32CubeIDE/plugins/com.st.stm32cube.ide.mcu.externaltools.gnu-tools-for-stm32.13.3.rel1.win32_1.0.0.202411081344/tools/bin/../lib/gcc/arm-none-eabi/13.3.1/../../../../arm-none-eabi/lib/thumb/v7e-m+fp/hard\libc_nano.a(libc_a-lock.o)
                0x0801237a                __retarget_lock_acquire_recursive
 .text.__retarget_lock_release_recursive
                0x0801237c        0x2 C:/ST/STM32CubeIDE_1.18.1/STM32CubeIDE/plugins/com.st.stm32cube.ide.mcu.externaltools.gnu-tools-for-stm32.13.3.rel1.win32_1.0.0.202411081344/tools/bin/../lib/gcc/arm-none-eabi/13.3.1/../../../../arm-none-eabi/lib/thumb/v7e-m+fp/hard\libc_nano.a(libc_a-lock.o)
                0x0801237c                __retarget_lock_release_recursive
 .text.quorem   0x0801237e      0x110 C:/ST/STM32CubeIDE_1.18.1/STM32CubeIDE/plugins/com.st.stm32cube.ide.mcu.externaltools.gnu-tools-for-stm32.13.3.rel1.win32_1.0.0.202411081344/tools/bin/../lib/gcc/arm-none-eabi/13.3.1/../../../../arm-none-eabi/lib/thumb/v7e-m+fp/hard\libc_nano.a(libc_a-dtoa.o)
 *fill*         0x0801248e        0x2 
 .text._dtoa_r  0x08012490      0xba0 C:/ST/STM32CubeIDE_1.18.1/STM32CubeIDE/plugins/com.st.stm32cube.ide.mcu.externaltools.gnu-tools-for-stm32.13.3.rel1.win32_1.0.0.202411081344/tools/bin/../lib/gcc/arm-none-eabi/13.3.1/../../../../arm-none-eabi/lib/thumb/v7e-m+fp/hard\libc_nano.a(libc_a-dtoa.o)
                0x08012490                _dtoa_r
 .text._free_r  0x08013030       0x94 C:/ST/STM32CubeIDE_1.18.1/STM32CubeIDE/plugins/com.st.stm32cube.ide.mcu.externaltools.gnu-tools-for-stm32.13.3.rel1.win32_1.0.0.202411081344/tools/bin/../lib/gcc/arm-none-eabi/13.3.1/../../../../arm-none-eabi/lib/thumb/v7e-m+fp/hard\libc_nano.a(libc_a-freer.o)
                0x08013030                _free_r
 .text._Balloc  0x080130c4       0x80 C:/ST/STM32CubeIDE_1.18.1/STM32CubeIDE/plugins/com.st.stm32cube.ide.mcu.externaltools.gnu-tools-for-stm32.13.3.rel1.win32_1.0.0.202411081344/tools/bin/../lib/gcc/arm-none-eabi/13.3.1/../../../../arm-none-eabi/lib/thumb/v7e-m+fp/hard\libc_nano.a(libc_a-mprec.o)
                0x080130c4                _Balloc
 .text._Bfree   0x08013144       0x44 C:/ST/STM32CubeIDE_1.18.1/STM32CubeIDE/plugins/com.st.stm32cube.ide.mcu.externaltools.gnu-tools-for-stm32.13.3.rel1.win32_1.0.0.202411081344/tools/bin/../lib/gcc/arm-none-eabi/13.3.1/../../../../arm-none-eabi/lib/thumb/v7e-m+fp/hard\libc_nano.a(libc_a-mprec.o)
                0x08013144                _Bfree
 .text.__multadd
                0x08013188       0x8c C:/ST/STM32CubeIDE_1.18.1/STM32CubeIDE/plugins/com.st.stm32cube.ide.mcu.externaltools.gnu-tools-for-stm32.13.3.rel1.win32_1.0.0.202411081344/tools/bin/../lib/gcc/arm-none-eabi/13.3.1/../../../../arm-none-eabi/lib/thumb/v7e-m+fp/hard\libc_nano.a(libc_a-mprec.o)
                0x08013188                __multadd
 .text.__hi0bits
                0x08013214       0x3e C:/ST/STM32CubeIDE_1.18.1/STM32CubeIDE/plugins/com.st.stm32cube.ide.mcu.externaltools.gnu-tools-for-stm32.13.3.rel1.win32_1.0.0.202411081344/tools/bin/../lib/gcc/arm-none-eabi/13.3.1/../../../../arm-none-eabi/lib/thumb/v7e-m+fp/hard\libc_nano.a(libc_a-mprec.o)
                0x08013214                __hi0bits
 .text.__lo0bits
                0x08013252       0x5a C:/ST/STM32CubeIDE_1.18.1/STM32CubeIDE/plugins/com.st.stm32cube.ide.mcu.externaltools.gnu-tools-for-stm32.13.3.rel1.win32_1.0.0.202411081344/tools/bin/../lib/gcc/arm-none-eabi/13.3.1/../../../../arm-none-eabi/lib/thumb/v7e-m+fp/hard\libc_nano.a(libc_a-mprec.o)
                0x08013252                __lo0bits
 .text.__i2b    0x080132ac       0x2c C:/ST/STM32CubeIDE_1.18.1/STM32CubeIDE/plugins/com.st.stm32cube.ide.mcu.externaltools.gnu-tools-for-stm32.13.3.rel1.win32_1.0.0.202411081344/tools/bin/../lib/gcc/arm-none-eabi/13.3.1/../../../../arm-none-eabi/lib/thumb/v7e-m+fp/hard\libc_nano.a(libc_a-mprec.o)
                0x080132ac                __i2b
 .text.__multiply
                0x080132d8      0x144 C:/ST/STM32CubeIDE_1.18.1/STM32CubeIDE/plugins/com.st.stm32cube.ide.mcu.externaltools.gnu-tools-for-stm32.13.3.rel1.win32_1.0.0.202411081344/tools/bin/../lib/gcc/arm-none-eabi/13.3.1/../../../../arm-none-eabi/lib/thumb/v7e-m+fp/hard\libc_nano.a(libc_a-mprec.o)
                0x080132d8                __multiply
 .text.__pow5mult
                0x0801341c       0xb4 C:/ST/STM32CubeIDE_1.18.1/STM32CubeIDE/plugins/com.st.stm32cube.ide.mcu.externaltools.gnu-tools-for-stm32.13.3.rel1.win32_1.0.0.202411081344/tools/bin/../lib/gcc/arm-none-eabi/13.3.1/../../../../arm-none-eabi/lib/thumb/v7e-m+fp/hard\libc_nano.a(libc_a-mprec.o)
                0x0801341c                __pow5mult
 .text.__lshift
                0x080134d0       0xd8 C:/ST/STM32CubeIDE_1.18.1/STM32CubeIDE/plugins/com.st.stm32cube.ide.mcu.externaltools.gnu-tools-for-stm32.13.3.rel1.win32_1.0.0.202411081344/tools/bin/../lib/gcc/arm-none-eabi/13.3.1/../../../../arm-none-eabi/lib/thumb/v7e-m+fp/hard\libc_nano.a(libc_a-mprec.o)
                0x080134d0                __lshift
 .text.__mcmp   0x080135a8       0x36 C:/ST/STM32CubeIDE_1.18.1/STM32CubeIDE/plugins/com.st.stm32cube.ide.mcu.externaltools.gnu-tools-for-stm32.13.3.rel1.win32_1.0.0.202411081344/tools/bin/../lib/gcc/arm-none-eabi/13.3.1/../../../../arm-none-eabi/lib/thumb/v7e-m+fp/hard\libc_nano.a(libc_a-mprec.o)
                0x080135a8                __mcmp
 *fill*         0x080135de        0x2 
 .text.__mdiff  0x080135e0      0x128 C:/ST/STM32CubeIDE_1.18.1/STM32CubeIDE/plugins/com.st.stm32cube.ide.mcu.externaltools.gnu-tools-for-stm32.13.3.rel1.win32_1.0.0.202411081344/tools/bin/../lib/gcc/arm-none-eabi/13.3.1/../../../../arm-none-eabi/lib/thumb/v7e-m+fp/hard\libc_nano.a(libc_a-mprec.o)
                0x080135e0                __mdiff
 .text.__d2b    0x08013708       0xb0 C:/ST/STM32CubeIDE_1.18.1/STM32CubeIDE/plugins/com.st.stm32cube.ide.mcu.externaltools.gnu-tools-for-stm32.13.3.rel1.win32_1.0.0.202411081344/tools/bin/../lib/gcc/arm-none-eabi/13.3.1/../../../../arm-none-eabi/lib/thumb/v7e-m+fp/hard\libc_nano.a(libc_a-mprec.o)
                0x08013708                __d2b
 .text.__sfputc_r
                0x080137b8       0x2e C:/ST/STM32CubeIDE_1.18.1/STM32CubeIDE/plugins/com.st.stm32cube.ide.mcu.externaltools.gnu-tools-for-stm32.13.3.rel1.win32_1.0.0.202411081344/tools/bin/../lib/gcc/arm-none-eabi/13.3.1/../../../../arm-none-eabi/lib/thumb/v7e-m+fp/hard\libc_nano.a(libc_a-nano-vfprintf.o)
 .text.__sfputs_r
                0x080137e6       0x24 C:/ST/STM32CubeIDE_1.18.1/STM32CubeIDE/plugins/com.st.stm32cube.ide.mcu.externaltools.gnu-tools-for-stm32.13.3.rel1.win32_1.0.0.202411081344/tools/bin/../lib/gcc/arm-none-eabi/13.3.1/../../../../arm-none-eabi/lib/thumb/v7e-m+fp/hard\libc_nano.a(libc_a-nano-vfprintf.o)
                0x080137e6                __sfputs_r
 *fill*         0x0801380a        0x2 
 .text._vfprintf_r
                0x0801380c      0x230 C:/ST/STM32CubeIDE_1.18.1/STM32CubeIDE/plugins/com.st.stm32cube.ide.mcu.externaltools.gnu-tools-for-stm32.13.3.rel1.win32_1.0.0.202411081344/tools/bin/../lib/gcc/arm-none-eabi/13.3.1/../../../../arm-none-eabi/lib/thumb/v7e-m+fp/hard\libc_nano.a(libc_a-nano-vfprintf.o)
                0x0801380c                _vfprintf_r
                0x0801380c                _vfiprintf_r
 .text.__sflush_r
                0x08013a3c      0x108 C:/ST/STM32CubeIDE_1.18.1/STM32CubeIDE/plugins/com.st.stm32cube.ide.mcu.externaltools.gnu-tools-for-stm32.13.3.rel1.win32_1.0.0.202411081344/tools/bin/../lib/gcc/arm-none-eabi/13.3.1/../../../../arm-none-eabi/lib/thumb/v7e-m+fp/hard\libc_nano.a(libc_a-fflush.o)
                0x08013a3c                __sflush_r
 .text._fflush_r
                0x08013b44       0x50 C:/ST/STM32CubeIDE_1.18.1/STM32CubeIDE/plugins/com.st.stm32cube.ide.mcu.externaltools.gnu-tools-for-stm32.13.3.rel1.win32_1.0.0.202411081344/tools/bin/../lib/gcc/arm-none-eabi/13.3.1/../../../../arm-none-eabi/lib/thumb/v7e-m+fp/hard\libc_nano.a(libc_a-fflush.o)
                0x08013b44                _fflush_r
 .text.__swhatbuf_r
                0x08013b94       0x4c C:/ST/STM32CubeIDE_1.18.1/STM32CubeIDE/plugins/com.st.stm32cube.ide.mcu.externaltools.gnu-tools-for-stm32.13.3.rel1.win32_1.0.0.202411081344/tools/bin/../lib/gcc/arm-none-eabi/13.3.1/../../../../arm-none-eabi/lib/thumb/v7e-m+fp/hard\libc_nano.a(libc_a-makebuf.o)
                0x08013b94                __swhatbuf_r
 .text.__smakebuf_r
                0x08013be0       0x78 C:/ST/STM32CubeIDE_1.18.1/STM32CubeIDE/plugins/com.st.stm32cube.ide.mcu.externaltools.gnu-tools-for-stm32.13.3.rel1.win32_1.0.0.202411081344/tools/bin/../lib/gcc/arm-none-eabi/13.3.1/../../../../arm-none-eabi/lib/thumb/v7e-m+fp/hard\libc_nano.a(libc_a-makebuf.o)
                0x08013be0                __smakebuf_r
 .text._fstat_r
                0x08013c58       0x24 C:/ST/STM32CubeIDE_1.18.1/STM32CubeIDE/plugins/com.st.stm32cube.ide.mcu.externaltools.gnu-tools-for-stm32.13.3.rel1.win32_1.0.0.202411081344/tools/bin/../lib/gcc/arm-none-eabi/13.3.1/../../../../arm-none-eabi/lib/thumb/v7e-m+fp/hard\libc_nano.a(libc_a-fstatr.o)
                0x08013c58                _fstat_r
 .text._isatty_r
                0x08013c7c       0x20 C:/ST/STM32CubeIDE_1.18.1/STM32CubeIDE/plugins/com.st.stm32cube.ide.mcu.externaltools.gnu-tools-for-stm32.13.3.rel1.win32_1.0.0.202411081344/tools/bin/../lib/gcc/arm-none-eabi/13.3.1/../../../../arm-none-eabi/lib/thumb/v7e-m+fp/hard\libc_nano.a(libc_a-isattyr.o)
                0x08013c7c                _isatty_r
 .text.memcpy   0x08013c9c       0x1c C:/ST/STM32CubeIDE_1.18.1/STM32CubeIDE/plugins/com.st.stm32cube.ide.mcu.externaltools.gnu-tools-for-stm32.13.3.rel1.win32_1.0.0.202411081344/tools/bin/../lib/gcc/arm-none-eabi/13.3.1/../../../../arm-none-eabi/lib/thumb/v7e-m+fp/hard\libc_nano.a(libc_a-memcpy-stub.o)
                0x08013c9c                memcpy
 .text.__assert_func
                0x08013cb8       0x3c C:/ST/STM32CubeIDE_1.18.1/STM32CubeIDE/plugins/com.st.stm32cube.ide.mcu.externaltools.gnu-tools-for-stm32.13.3.rel1.win32_1.0.0.202411081344/tools/bin/../lib/gcc/arm-none-eabi/13.3.1/../../../../arm-none-eabi/lib/thumb/v7e-m+fp/hard\libc_nano.a(libc_a-assert.o)
                0x08013cb8                __assert_func
 .text._calloc_r
                0x08013cf4       0x28 C:/ST/STM32CubeIDE_1.18.1/STM32CubeIDE/plugins/com.st.stm32cube.ide.mcu.externaltools.gnu-tools-for-stm32.13.3.rel1.win32_1.0.0.202411081344/tools/bin/../lib/gcc/arm-none-eabi/13.3.1/../../../../arm-none-eabi/lib/thumb/v7e-m+fp/hard\libc_nano.a(libc_a-callocr.o)
                0x08013cf4                _calloc_r
 .text.__ascii_mbtowc
                0x08013d1c       0x24 C:/ST/STM32CubeIDE_1.18.1/STM32CubeIDE/plugins/com.st.stm32cube.ide.mcu.externaltools.gnu-tools-for-stm32.13.3.rel1.win32_1.0.0.202411081344/tools/bin/../lib/gcc/arm-none-eabi/13.3.1/../../../../arm-none-eabi/lib/thumb/v7e-m+fp/hard\libc_nano.a(libc_a-mbtowc_r.o)
                0x08013d1c                __ascii_mbtowc
 .text.__ascii_wctomb
                0x08013d40       0x1a C:/ST/STM32CubeIDE_1.18.1/STM32CubeIDE/plugins/com.st.stm32cube.ide.mcu.externaltools.gnu-tools-for-stm32.13.3.rel1.win32_1.0.0.202411081344/tools/bin/../lib/gcc/arm-none-eabi/13.3.1/../../../../arm-none-eabi/lib/thumb/v7e-m+fp/hard\libc_nano.a(libc_a-wctomb_r.o)
                0x08013d40                __ascii_wctomb
 *fill*         0x08013d5a        0x2 
 .text.fprintf  0x08013d5c       0x24 C:/ST/STM32CubeIDE_1.18.1/STM32CubeIDE/plugins/com.st.stm32cube.ide.mcu.externaltools.gnu-tools-for-stm32.13.3.rel1.win32_1.0.0.202411081344/tools/bin/../lib/gcc/arm-none-eabi/13.3.1/../../../../arm-none-eabi/lib/thumb/v7e-m+fp/hard\libc_nano.a(libc_a-fprintf.o)
                0x08013d5c                fiprintf
                0x08013d5c                fprintf
 .text.abort    0x08013d80        0xe C:/ST/STM32CubeIDE_1.18.1/STM32CubeIDE/plugins/com.st.stm32cube.ide.mcu.externaltools.gnu-tools-for-stm32.13.3.rel1.win32_1.0.0.202411081344/tools/bin/../lib/gcc/arm-none-eabi/13.3.1/../../../../arm-none-eabi/lib/thumb/v7e-m+fp/hard\libc_nano.a(libc_a-abort.o)
                0x08013d80                abort
 .text._raise_r
                0x08013d8e       0x50 C:/ST/STM32CubeIDE_1.18.1/STM32CubeIDE/plugins/com.st.stm32cube.ide.mcu.externaltools.gnu-tools-for-stm32.13.3.rel1.win32_1.0.0.202411081344/tools/bin/../lib/gcc/arm-none-eabi/13.3.1/../../../../arm-none-eabi/lib/thumb/v7e-m+fp/hard\libc_nano.a(libc_a-signal.o)
                0x08013d8e                _raise_r
 *fill*         0x08013dde        0x2 
 .text.raise    0x08013de0       0x10 C:/ST/STM32CubeIDE_1.18.1/STM32CubeIDE/plugins/com.st.stm32cube.ide.mcu.externaltools.gnu-tools-for-stm32.13.3.rel1.win32_1.0.0.202411081344/tools/bin/../lib/gcc/arm-none-eabi/13.3.1/../../../../arm-none-eabi/lib/thumb/v7e-m+fp/hard\libc_nano.a(libc_a-signal.o)
                0x08013de0                raise
 .text._kill_r  0x08013df0       0x24 C:/ST/STM32CubeIDE_1.18.1/STM32CubeIDE/plugins/com.st.stm32cube.ide.mcu.externaltools.gnu-tools-for-stm32.13.3.rel1.win32_1.0.0.202411081344/tools/bin/../lib/gcc/arm-none-eabi/13.3.1/../../../../arm-none-eabi/lib/thumb/v7e-m+fp/hard\libc_nano.a(libc_a-signalr.o)
                0x08013df0                _kill_r
 .text._getpid_r
                0x08013e14        0x4 C:/ST/STM32CubeIDE_1.18.1/STM32CubeIDE/plugins/com.st.stm32cube.ide.mcu.externaltools.gnu-tools-for-stm32.13.3.rel1.win32_1.0.0.202411081344/tools/bin/../lib/gcc/arm-none-eabi/13.3.1/../../../../arm-none-eabi/lib/thumb/v7e-m+fp/hard\libc_nano.a(libc_a-signalr.o)
                0x08013e14                _getpid_r
 .text.asin     0x08013e18       0x68 C:/ST/STM32CubeIDE_1.18.1/STM32CubeIDE/plugins/com.st.stm32cube.ide.mcu.externaltools.gnu-tools-for-stm32.13.3.rel1.win32_1.0.0.202411081344/tools/bin/../lib/gcc/arm-none-eabi/13.3.1/../../../../arm-none-eabi/lib/thumb/v7e-m+fp/hard\libm.a(libm_a-w_asin.o)
                0x08013e18                asin
 .text.atan2    0x08013e80        0x4 C:/ST/STM32CubeIDE_1.18.1/STM32CubeIDE/plugins/com.st.stm32cube.ide.mcu.externaltools.gnu-tools-for-stm32.13.3.rel1.win32_1.0.0.202411081344/tools/bin/../lib/gcc/arm-none-eabi/13.3.1/../../../../arm-none-eabi/lib/thumb/v7e-m+fp/hard\libm.a(libm_a-w_atan2.o)
                0x08013e80                atan2
 .text.fabs     0x08013e84       0x10 C:/ST/STM32CubeIDE_1.18.1/STM32CubeIDE/plugins/com.st.stm32cube.ide.mcu.externaltools.gnu-tools-for-stm32.13.3.rel1.win32_1.0.0.202411081344/tools/bin/../lib/gcc/arm-none-eabi/13.3.1/../../../../arm-none-eabi/lib/thumb/v7e-m+fp/hard\libm.a(libm_a-s_fabs.o)
                0x08013e84                fabs
 *fill*         0x08013e94        0x4 
 .text.nan      0x08013e98       0x10 C:/ST/STM32CubeIDE_1.18.1/STM32CubeIDE/plugins/com.st.stm32cube.ide.mcu.externaltools.gnu-tools-for-stm32.13.3.rel1.win32_1.0.0.202411081344/tools/bin/../lib/gcc/arm-none-eabi/13.3.1/../../../../arm-none-eabi/lib/thumb/v7e-m+fp/hard\libm.a(libm_a-s_nan.o)
                0x08013e98                nan
 .text.fmax     0x08013ea8       0x54 C:/ST/STM32CubeIDE_1.18.1/STM32CubeIDE/plugins/com.st.stm32cube.ide.mcu.externaltools.gnu-tools-for-stm32.13.3.rel1.win32_1.0.0.202411081344/tools/bin/../lib/gcc/arm-none-eabi/13.3.1/../../../../arm-none-eabi/lib/thumb/v7e-m+fp/hard\libm.a(libm_a-s_fmax.o)
                0x08013ea8                fmax
 .text.fmin     0x08013efc       0x54 C:/ST/STM32CubeIDE_1.18.1/STM32CubeIDE/plugins/com.st.stm32cube.ide.mcu.externaltools.gnu-tools-for-stm32.13.3.rel1.win32_1.0.0.202411081344/tools/bin/../lib/gcc/arm-none-eabi/13.3.1/../../../../arm-none-eabi/lib/thumb/v7e-m+fp/hard\libm.a(libm_a-s_fmin.o)
                0x08013efc                fmin
 .text.__fpclassifyd
                0x08013f50       0x48 C:/ST/STM32CubeIDE_1.18.1/STM32CubeIDE/plugins/com.st.stm32cube.ide.mcu.externaltools.gnu-tools-for-stm32.13.3.rel1.win32_1.0.0.202411081344/tools/bin/../lib/gcc/arm-none-eabi/13.3.1/../../../../arm-none-eabi/lib/thumb/v7e-m+fp/hard\libm.a(libm_a-s_fpclassify.o)
                0x08013f50                __fpclassifyd
 .text.fmaxf    0x08013f98       0x3a C:/ST/STM32CubeIDE_1.18.1/STM32CubeIDE/plugins/com.st.stm32cube.ide.mcu.externaltools.gnu-tools-for-stm32.13.3.rel1.win32_1.0.0.202411081344/tools/bin/../lib/gcc/arm-none-eabi/13.3.1/../../../../arm-none-eabi/lib/thumb/v7e-m+fp/hard\libm.a(libm_a-sf_fmax.o)
                0x08013f98                fmaxf
 .text.fminf    0x08013fd2       0x3a C:/ST/STM32CubeIDE_1.18.1/STM32CubeIDE/plugins/com.st.stm32cube.ide.mcu.externaltools.gnu-tools-for-stm32.13.3.rel1.win32_1.0.0.202411081344/tools/bin/../lib/gcc/arm-none-eabi/13.3.1/../../../../arm-none-eabi/lib/thumb/v7e-m+fp/hard\libm.a(libm_a-sf_fmin.o)
                0x08013fd2                fminf
 .text.__fpclassifyf
                0x0801400c       0x38 C:/ST/STM32CubeIDE_1.18.1/STM32CubeIDE/plugins/com.st.stm32cube.ide.mcu.externaltools.gnu-tools-for-stm32.13.3.rel1.win32_1.0.0.202411081344/tools/bin/../lib/gcc/arm-none-eabi/13.3.1/../../../../arm-none-eabi/lib/thumb/v7e-m+fp/hard\libm.a(libm_a-sf_fpclassify.o)
                0x0801400c                __fpclassifyf
 *fill*         0x08014044        0x4 
 .text.__ieee754_asin
                0x08014048      0x408 C:/ST/STM32CubeIDE_1.18.1/STM32CubeIDE/plugins/com.st.stm32cube.ide.mcu.externaltools.gnu-tools-for-stm32.13.3.rel1.win32_1.0.0.202411081344/tools/bin/../lib/gcc/arm-none-eabi/13.3.1/../../../../arm-none-eabi/lib/thumb/v7e-m+fp/hard\libm.a(libm_a-e_asin.o)
                0x08014048                __ieee754_asin
 .text.__ieee754_atan2
                0x08014450      0x18c C:/ST/STM32CubeIDE_1.18.1/STM32CubeIDE/plugins/com.st.stm32cube.ide.mcu.externaltools.gnu-tools-for-stm32.13.3.rel1.win32_1.0.0.202411081344/tools/bin/../lib/gcc/arm-none-eabi/13.3.1/../../../../arm-none-eabi/lib/thumb/v7e-m+fp/hard\libm.a(libm_a-e_atan2.o)
                0x08014450                __ieee754_atan2
 *fill*         0x080145dc        0x4 
 .text.atan     0x080145e0      0x330 C:/ST/STM32CubeIDE_1.18.1/STM32CubeIDE/plugins/com.st.stm32cube.ide.mcu.externaltools.gnu-tools-for-stm32.13.3.rel1.win32_1.0.0.202411081344/tools/bin/../lib/gcc/arm-none-eabi/13.3.1/../../../../arm-none-eabi/lib/thumb/v7e-m+fp/hard\libm.a(libm_a-s_atan.o)
                0x080145e0                atan
 .text.__ieee754_sqrt
                0x08014910      0x1ac C:/ST/STM32CubeIDE_1.18.1/STM32CubeIDE/plugins/com.st.stm32cube.ide.mcu.externaltools.gnu-tools-for-stm32.13.3.rel1.win32_1.0.0.202411081344/tools/bin/../lib/gcc/arm-none-eabi/13.3.1/../../../../arm-none-eabi/lib/thumb/v7e-m+fp/hard\libm.a(libm_a-e_sqrt.o)
                0x08014910                __ieee754_sqrt
 *(.glue_7)
 .glue_7        0x08014abc        0x0 linker stubs
 *(.glue_7t)
 .glue_7t       0x08014abc        0x0 linker stubs
 *(.eh_frame)
 .eh_frame      0x08014abc        0x0 C:/ST/STM32CubeIDE_1.18.1/STM32CubeIDE/plugins/com.st.stm32cube.ide.mcu.externaltools.gnu-tools-for-stm32.13.3.rel1.win32_1.0.0.202411081344/tools/bin/../lib/gcc/arm-none-eabi/13.3.1/thumb/v7e-m+fp/hard/crtbegin.o
 *(.init)
 .init          0x08014abc        0x4 C:/ST/STM32CubeIDE_1.18.1/STM32CubeIDE/plugins/com.st.stm32cube.ide.mcu.externaltools.gnu-tools-for-stm32.13.3.rel1.win32_1.0.0.202411081344/tools/bin/../lib/gcc/arm-none-eabi/13.3.1/thumb/v7e-m+fp/hard/crti.o
                0x08014abc                _init
 .init          0x08014ac0        0x8 C:/ST/STM32CubeIDE_1.18.1/STM32CubeIDE/plugins/com.st.stm32cube.ide.mcu.externaltools.gnu-tools-for-stm32.13.3.rel1.win32_1.0.0.202411081344/tools/bin/../lib/gcc/arm-none-eabi/13.3.1/thumb/v7e-m+fp/hard/crtn.o
 *(.fini)
 .fini          0x08014ac8        0x4 C:/ST/STM32CubeIDE_1.18.1/STM32CubeIDE/plugins/com.st.stm32cube.ide.mcu.externaltools.gnu-tools-for-stm32.13.3.rel1.win32_1.0.0.202411081344/tools/bin/../lib/gcc/arm-none-eabi/13.3.1/thumb/v7e-m+fp/hard/crti.o
                0x08014ac8                _fini
 .fini          0x08014acc        0x8 C:/ST/STM32CubeIDE_1.18.1/STM32CubeIDE/plugins/com.st.stm32cube.ide.mcu.externaltools.gnu-tools-for-stm32.13.3.rel1.win32_1.0.0.202411081344/tools/bin/../lib/gcc/arm-none-eabi/13.3.1/thumb/v7e-m+fp/hard/crtn.o
                0x08014ad4                        . = ALIGN (0x4)
                0x08014ad4                        _etext = .

.vfp11_veneer   0x08014ad4        0x0
 .vfp11_veneer  0x08014ad4        0x0 linker stubs

.v4_bx          0x08014ad4        0x0
 .v4_bx         0x08014ad4        0x0 linker stubs

.iplt           0x08014ad4        0x0
 .iplt          0x08014ad4        0x0 C:/ST/STM32CubeIDE_1.18.1/STM32CubeIDE/plugins/com.st.stm32cube.ide.mcu.externaltools.gnu-tools-for-stm32.13.3.rel1.win32_1.0.0.202411081344/tools/bin/../lib/gcc/arm-none-eabi/13.3.1/thumb/v7e-m+fp/hard/crtbegin.o

.rodata         0x08014ad8     0x17a8
                0x08014ad8                        . = ALIGN (0x4)
 *(.rodata)
 .rodata        0x08014ad8       0x96 ./APP/MPU6050/inv_mpu.o
 *fill*         0x08014b6e        0x2 
 .rodata        0x08014b70       0x4b ./APP/MPU6050/inv_mpu_dmp_motion_driver.o
 *fill*         0x08014bbb        0x1 
 .rodata        0x08014bbc       0x21 ./APP/MPU6050/mpu6050.o
 *fill*         0x08014bdd        0x3 
 .rodata        0x08014be0       0x49 ./Core/Src/main.o
 *(.rodata*)
 *fill*         0x08014c29        0x3 
 .rodata.hw     0x08014c2c        0xc ./APP/MPU6050/inv_mpu.o
                0x08014c2c                hw
 .rodata.reg    0x08014c38       0x1b ./APP/MPU6050/inv_mpu.o
                0x08014c38                reg
 *fill*         0x08014c53        0x1 
 .rodata.test   0x08014c54       0x28 ./APP/MPU6050/inv_mpu.o
                0x08014c54                test
 .rodata.dmp_memory
                0x08014c7c      0xbf6 ./APP/MPU6050/inv_mpu_dmp_motion_driver.o
 *fill*         0x08015872        0x2 
 .rodata.OLED_F8x16
                0x08015874      0x5f0 ./Core/Src/OLED.o
                0x08015874                OLED_F8x16
 .rodata.ROTATION_SPEED_max.17
                0x08015e64        0x4 ./Core/Src/main.o
 .rodata.ANGLE_TOLERANCE.16
                0x08015e68        0x4 ./Core/Src/main.o
 .rodata.AHBPrescTable
                0x08015e6c       0x10 ./Core/Src/system_stm32f4xx.o
                0x08015e6c                AHBPrescTable
 .rodata.APBPrescTable
                0x08015e7c        0x8 ./Core/Src/system_stm32f4xx.o
                0x08015e7c                APBPrescTable
 .rodata._printf_float.str1.1
                0x08015e84      0x171 C:/ST/STM32CubeIDE_1.18.1/STM32CubeIDE/plugins/com.st.stm32cube.ide.mcu.externaltools.gnu-tools-for-stm32.13.3.rel1.win32_1.0.0.202411081344/tools/bin/../lib/gcc/arm-none-eabi/13.3.1/../../../../arm-none-eabi/lib/thumb/v7e-m+fp/hard\libc_nano.a(libc_a-nano-vfprintf_float.o)
                                 0x12 (size before relaxing)
 .rodata._printf_i.str1.1
                0x08015ff5       0x22 C:/ST/STM32CubeIDE_1.18.1/STM32CubeIDE/plugins/com.st.stm32cube.ide.mcu.externaltools.gnu-tools-for-stm32.13.3.rel1.win32_1.0.0.202411081344/tools/bin/../lib/gcc/arm-none-eabi/13.3.1/../../../../arm-none-eabi/lib/thumb/v7e-m+fp/hard\libc_nano.a(libc_a-nano-vfprintf_i.o)
 .rodata._dtoa_r.str1.1
                0x08015ff5       0x8f C:/ST/STM32CubeIDE_1.18.1/STM32CubeIDE/plugins/com.st.stm32cube.ide.mcu.externaltools.gnu-tools-for-stm32.13.3.rel1.win32_1.0.0.202411081344/tools/bin/../lib/gcc/arm-none-eabi/13.3.1/../../../../arm-none-eabi/lib/thumb/v7e-m+fp/hard\libc_nano.a(libc_a-dtoa.o)
 .rodata._Balloc.str1.1
                0x08015ff5       0x70 C:/ST/STM32CubeIDE_1.18.1/STM32CubeIDE/plugins/com.st.stm32cube.ide.mcu.externaltools.gnu-tools-for-stm32.13.3.rel1.win32_1.0.0.202411081344/tools/bin/../lib/gcc/arm-none-eabi/13.3.1/../../../../arm-none-eabi/lib/thumb/v7e-m+fp/hard\libc_nano.a(libc_a-mprec.o)
 .rodata.__multadd.str1.1
                0x08015ff5       0x11 C:/ST/STM32CubeIDE_1.18.1/STM32CubeIDE/plugins/com.st.stm32cube.ide.mcu.externaltools.gnu-tools-for-stm32.13.3.rel1.win32_1.0.0.202411081344/tools/bin/../lib/gcc/arm-none-eabi/13.3.1/../../../../arm-none-eabi/lib/thumb/v7e-m+fp/hard\libc_nano.a(libc_a-mprec.o)
 *fill*         0x08015ff5        0x3 
 .rodata.p05.0  0x08015ff8        0xc C:/ST/STM32CubeIDE_1.18.1/STM32CubeIDE/plugins/com.st.stm32cube.ide.mcu.externaltools.gnu-tools-for-stm32.13.3.rel1.win32_1.0.0.202411081344/tools/bin/../lib/gcc/arm-none-eabi/13.3.1/../../../../arm-none-eabi/lib/thumb/v7e-m+fp/hard\libc_nano.a(libc_a-mprec.o)
 *fill*         0x08016004        0x4 
 .rodata.__mprec_bigtens
                0x08016008       0x28 C:/ST/STM32CubeIDE_1.18.1/STM32CubeIDE/plugins/com.st.stm32cube.ide.mcu.externaltools.gnu-tools-for-stm32.13.3.rel1.win32_1.0.0.202411081344/tools/bin/../lib/gcc/arm-none-eabi/13.3.1/../../../../arm-none-eabi/lib/thumb/v7e-m+fp/hard\libc_nano.a(libc_a-mprec.o)
                0x08016008                __mprec_bigtens
 .rodata.__mprec_tens
                0x08016030       0xc8 C:/ST/STM32CubeIDE_1.18.1/STM32CubeIDE/plugins/com.st.stm32cube.ide.mcu.externaltools.gnu-tools-for-stm32.13.3.rel1.win32_1.0.0.202411081344/tools/bin/../lib/gcc/arm-none-eabi/13.3.1/../../../../arm-none-eabi/lib/thumb/v7e-m+fp/hard\libc_nano.a(libc_a-mprec.o)
                0x08016030                __mprec_tens
 .rodata._vfprintf_r.str1.1
                0x080160f8       0x11 C:/ST/STM32CubeIDE_1.18.1/STM32CubeIDE/plugins/com.st.stm32cube.ide.mcu.externaltools.gnu-tools-for-stm32.13.3.rel1.win32_1.0.0.202411081344/tools/bin/../lib/gcc/arm-none-eabi/13.3.1/../../../../arm-none-eabi/lib/thumb/v7e-m+fp/hard\libc_nano.a(libc_a-nano-vfprintf.o)
 .rodata._setlocale_r.str1.1
                0x080160f8        0x9 C:/ST/STM32CubeIDE_1.18.1/STM32CubeIDE/plugins/com.st.stm32cube.ide.mcu.externaltools.gnu-tools-for-stm32.13.3.rel1.win32_1.0.0.202411081344/tools/bin/../lib/gcc/arm-none-eabi/13.3.1/../../../../arm-none-eabi/lib/thumb/v7e-m+fp/hard\libc_nano.a(libc_a-locale.o)
 .rodata.str1.1
                0x080160f8        0x2 C:/ST/STM32CubeIDE_1.18.1/STM32CubeIDE/plugins/com.st.stm32cube.ide.mcu.externaltools.gnu-tools-for-stm32.13.3.rel1.win32_1.0.0.202411081344/tools/bin/../lib/gcc/arm-none-eabi/13.3.1/../../../../arm-none-eabi/lib/thumb/v7e-m+fp/hard\libc_nano.a(libc_a-locale.o)
 .rodata.__assert_func.str1.1
                0x080160f8       0x3d C:/ST/STM32CubeIDE_1.18.1/STM32CubeIDE/plugins/com.st.stm32cube.ide.mcu.externaltools.gnu-tools-for-stm32.13.3.rel1.win32_1.0.0.202411081344/tools/bin/../lib/gcc/arm-none-eabi/13.3.1/../../../../arm-none-eabi/lib/thumb/v7e-m+fp/hard\libc_nano.a(libc_a-assert.o)
 .rodata._ctype_
                0x080160f8      0x101 C:/ST/STM32CubeIDE_1.18.1/STM32CubeIDE/plugins/com.st.stm32cube.ide.mcu.externaltools.gnu-tools-for-stm32.13.3.rel1.win32_1.0.0.202411081344/tools/bin/../lib/gcc/arm-none-eabi/13.3.1/../../../../arm-none-eabi/lib/thumb/v7e-m+fp/hard\libc_nano.a(libc_a-ctype_.o)
                0x080160f8                _ctype_
 .rodata.asin.str1.1
                0x080161f9        0x1 C:/ST/STM32CubeIDE_1.18.1/STM32CubeIDE/plugins/com.st.stm32cube.ide.mcu.externaltools.gnu-tools-for-stm32.13.3.rel1.win32_1.0.0.202411081344/tools/bin/../lib/gcc/arm-none-eabi/13.3.1/../../../../arm-none-eabi/lib/thumb/v7e-m+fp/hard\libm.a(libm_a-w_asin.o)
 *fill*         0x080161f9        0x7 
 .rodata.CSWTCH.9
                0x08016200       0x18 C:/ST/STM32CubeIDE_1.18.1/STM32CubeIDE/plugins/com.st.stm32cube.ide.mcu.externaltools.gnu-tools-for-stm32.13.3.rel1.win32_1.0.0.202411081344/tools/bin/../lib/gcc/arm-none-eabi/13.3.1/../../../../arm-none-eabi/lib/thumb/v7e-m+fp/hard\libm.a(libm_a-e_atan2.o)
 .rodata.CSWTCH.8
                0x08016218       0x18 C:/ST/STM32CubeIDE_1.18.1/STM32CubeIDE/plugins/com.st.stm32cube.ide.mcu.externaltools.gnu-tools-for-stm32.13.3.rel1.win32_1.0.0.202411081344/tools/bin/../lib/gcc/arm-none-eabi/13.3.1/../../../../arm-none-eabi/lib/thumb/v7e-m+fp/hard\libm.a(libm_a-e_atan2.o)
 .rodata.atanlo
                0x08016230       0x20 C:/ST/STM32CubeIDE_1.18.1/STM32CubeIDE/plugins/com.st.stm32cube.ide.mcu.externaltools.gnu-tools-for-stm32.13.3.rel1.win32_1.0.0.202411081344/tools/bin/../lib/gcc/arm-none-eabi/13.3.1/../../../../arm-none-eabi/lib/thumb/v7e-m+fp/hard\libm.a(libm_a-s_atan.o)
 .rodata.atanhi
                0x08016250       0x20 C:/ST/STM32CubeIDE_1.18.1/STM32CubeIDE/plugins/com.st.stm32cube.ide.mcu.externaltools.gnu-tools-for-stm32.13.3.rel1.win32_1.0.0.202411081344/tools/bin/../lib/gcc/arm-none-eabi/13.3.1/../../../../arm-none-eabi/lib/thumb/v7e-m+fp/hard\libm.a(libm_a-s_atan.o)
 .rodata.tiny   0x08016270        0x8 C:/ST/STM32CubeIDE_1.18.1/STM32CubeIDE/plugins/com.st.stm32cube.ide.mcu.externaltools.gnu-tools-for-stm32.13.3.rel1.win32_1.0.0.202411081344/tools/bin/../lib/gcc/arm-none-eabi/13.3.1/../../../../arm-none-eabi/lib/thumb/v7e-m+fp/hard\libm.a(libm_a-e_sqrt.o)
 .rodata.one    0x08016278        0x8 C:/ST/STM32CubeIDE_1.18.1/STM32CubeIDE/plugins/com.st.stm32cube.ide.mcu.externaltools.gnu-tools-for-stm32.13.3.rel1.win32_1.0.0.202411081344/tools/bin/../lib/gcc/arm-none-eabi/13.3.1/../../../../arm-none-eabi/lib/thumb/v7e-m+fp/hard\libm.a(libm_a-e_sqrt.o)
                0x08016280                        . = ALIGN (0x4)

.ARM.extab      0x08016280        0x0
                0x08016280                        . = ALIGN (0x4)
 *(.ARM.extab* .gnu.linkonce.armextab.*)
                0x08016280                        . = ALIGN (0x4)

.ARM            0x08016280        0x8
                0x08016280                        . = ALIGN (0x4)
                0x08016280                        __exidx_start = .
 *(.ARM.exidx*)
 .ARM.exidx     0x08016280        0x8 C:/ST/STM32CubeIDE_1.18.1/STM32CubeIDE/plugins/com.st.stm32cube.ide.mcu.externaltools.gnu-tools-for-stm32.13.3.rel1.win32_1.0.0.202411081344/tools/bin/../lib/gcc/arm-none-eabi/13.3.1/../../../../arm-none-eabi/lib/thumb/v7e-m+fp/hard\libc_nano.a(libc_a-memchr.o)