../Core/Src/main.c:102:6:HAL_UART_RxCpltCallback	16	static
../Core/Src/main.c:135:9:smooth_speed_transition	24	static
../Core/Src/main.c:144:6:PID_ResetAll	8	static
../Core/Src/main.c:152:6:Rotate_90_Degrees	72	static
../Core/Src/main.c:237:6:Servo_open_red_left	8	static
../Core/Src/main.c:247:6:Servo_open_red_right	8	static
../Core/Src/main.c:257:6:Servo_open_green_left	8	static
../Core/Src/main.c:267:6:Servo_open_green_right	8	static
../Core/Src/main.c:277:6:Servo_close	8	static
../Core/Src/main.c:295:5:main	336	static
../Core/Src/main.c:1217:6:SystemClock_Config	88	static
../Core/Src/main.c:1267:6:Error_Handler	4	static,ignoring_inline_asm
