../Core/Src/main.c:102:6:HAL_UART_RxCpltCallback	16	static
../Core/Src/main.c:135:9:smooth_speed_transition	24	static
../Core/Src/main.c:144:6:PID_ResetAll	8	static
../Core/Src/main.c:152:6:Rotate_90_Degrees	72	static
../Core/Src/main.c:245:6:Servo_open_red_left	8	static
../Core/Src/main.c:255:6:Servo_open_red_right	8	static
../Core/Src/main.c:265:6:Servo_open_green_left	8	static
../Core/Src/main.c:275:6:Servo_open_green_right	8	static
../Core/Src/main.c:285:6:Servo_close	8	static
../Core/Src/main.c:303:5:main	368	static
../Core/Src/main.c:1222:6:SystemClock_Config	88	static
../Core/Src/main.c:1272:6:Error_Handler	4	static,ignoring_inline_asm
