../Core/Src/OLED.c:13:6:OLED_I2C_Init	32	static
../Core/Src/OLED.c:39:6:OLED_I2C_Start	8	static
../Core/Src/OLED.c:52:6:OLED_I2C_Stop	8	static
../Core/Src/OLED.c:64:6:OLED_I2C_SendByte	24	static
../Core/Src/OLED.c:83:6:OLED_WriteCommand	16	static
../Core/Src/OLED.c:97:6:OLED_WriteData	16	static
../Core/Src/OLED.c:112:6:OLED_SetCursor	16	static
../Core/Src/OLED.c:124:6:OLED_Clear	16	static
../Core/Src/OLED.c:144:6:OLED_Clear_Part	24	static
../Core/Src/OLED.c:169:6:OLED_ShowChar	24	static
../Core/Src/OLED.c:191:6:OLED_ShowString	24	static
../Core/Src/OLED.c:207:6:OLED_ShowWord	24	static
../Core/Src/OLED.c:240:6:OLED_ShowChinese	24	static
../Core/Src/OLED.c:254:10:OLED_Pow	24	static
../Core/Src/OLED.c:272:6:OLED_ShowNum	32	static
../Core/Src/OLED.c:289:6:OLED_ShowSignedNum	32	static
../Core/Src/OLED.c:317:6:OLED_ShowHexNum	24	static
../Core/Src/OLED.c:342:6:OLED_ShowBinNum	32	static
../Core/Src/OLED.c:356:6:OLED_Init	16	static
