../Core/Src/OLED.c:18:6:OLED_I2C_Init	4	static
../Core/Src/OLED.c:29:6:OLED_I2C_Start	4	static
../Core/Src/OLED.c:39:6:OLED_I2C_Stop	4	static
../Core/Src/OLED.c:49:6:OLED_I2C_SendByte	24	static
../Core/Src/OLED.c:59:6:OLED_WriteCommand	32	static
../Core/Src/OLED.c:70:6:OLED_WriteData	32	static
../Core/Src/OLED.c:82:6:OLED_SetCursor	16	static
../Core/Src/OLED.c:94:6:OLED_Clear	16	static
../Core/Src/OLED.c:114:6:OLED_Clear_Part	24	static
../Core/Src/OLED.c:139:6:OLED_ShowChar	24	static
../Core/Src/OLED.c:161:6:OLED_ShowString	24	static
../Core/Src/OLED.c:177:6:OLED_ShowWord	24	static
../Core/Src/OLED.c:210:6:OLED_ShowChinese	24	static
../Core/Src/OLED.c:224:10:OLED_Pow	24	static
../Core/Src/OLED.c:242:6:OLED_ShowNum	32	static
../Core/Src/OLED.c:259:6:OLED_ShowSignedNum	32	static
../Core/Src/OLED.c:287:6:OLED_ShowHexNum	24	static
../Core/Src/OLED.c:312:6:OLED_ShowBinNum	32	static
../Core/Src/OLED.c:326:6:OLED_Init	8	static
