../APP/MPU6050/inv_mpu.c:689:12:set_int_enable	40	static
../APP/MPU6050/inv_mpu.c:722:5:mpu_reg_dump	32	static
../APP/MPU6050/inv_mpu.c:744:5:mpu_read_reg	32	static
../APP/MPU6050/inv_mpu.c:766:5:mpu_init	32	static
../APP/MPU6050/inv_mpu.c:896:5:mpu_lp_accel_mode	40	static
../APP/MPU6050/inv_mpu.c:980:5:mpu_get_gyro_reg	40	static
../APP/MPU6050/inv_mpu.c:1003:5:mpu_get_accel_reg	40	static
../APP/MPU6050/inv_mpu.c:1026:5:mpu_get_temperature	40	static
../APP/MPU6050/inv_mpu.c:1051:5:mpu_set_accel_bias	64	static
../APP/MPU6050/inv_mpu.c:1100:5:mpu_reset_fifo	32	static
../APP/MPU6050/inv_mpu.c:1162:5:mpu_get_gyro_fsr	16	static
../APP/MPU6050/inv_mpu.c:1189:5:mpu_set_gyro_fsr	40	static
../APP/MPU6050/inv_mpu.c:1226:5:mpu_get_accel_fsr	16	static
../APP/MPU6050/inv_mpu.c:1254:5:mpu_set_accel_fsr	40	static
../APP/MPU6050/inv_mpu.c:1291:5:mpu_get_lpf	16	static
../APP/MPU6050/inv_mpu.c:1327:5:mpu_set_lpf	40	static
../APP/MPU6050/inv_mpu.c:1360:5:mpu_get_sample_rate	16	static
../APP/MPU6050/inv_mpu.c:1375:5:mpu_set_sample_rate	40	static
../APP/MPU6050/inv_mpu.c:1422:5:mpu_get_compass_sample_rate	16	static
../APP/MPU6050/inv_mpu.c:1444:5:mpu_set_compass_sample_rate	16	static
../APP/MPU6050/inv_mpu.c:1466:5:mpu_get_gyro_sens	16	static
../APP/MPU6050/inv_mpu.c:1492:5:mpu_get_accel_sens	16	static
../APP/MPU6050/inv_mpu.c:1524:5:mpu_get_fifo_config	16	static
../APP/MPU6050/inv_mpu.c:1539:5:mpu_configure_fifo	24	static
../APP/MPU6050/inv_mpu.c:1581:5:mpu_get_power_state	16	static
../APP/MPU6050/inv_mpu.c:1600:5:mpu_set_sensors	40	static
../APP/MPU6050/inv_mpu.c:1677:5:mpu_get_int_status	40	static
../APP/MPU6050/inv_mpu.c:1706:5:mpu_read_fifo	64	static
../APP/MPU6050/inv_mpu.c:1787:5:mpu_read_fifo_stream	48	static
../APP/MPU6050/inv_mpu.c:1825:5:mpu_set_bypass	40	static
../APP/MPU6050/inv_mpu.c:1875:5:mpu_set_int_level	16	static
../APP/MPU6050/inv_mpu.c:1887:5:mpu_set_int_latched	40	static
../APP/MPU6050/inv_mpu.c:1908:12:get_accel_prod_shift	48	static
../APP/MPU6050/inv_mpu.c:1933:12:accel_self_test	48	static
../APP/MPU6050/inv_mpu.c:1953:12:gyro_self_test	56	static
../APP/MPU6050/inv_mpu.c:2037:12:get_st_biases	272	static
../APP/MPU6050/inv_mpu.c:2177:5:mpu_run_self_test	64	static
../APP/MPU6050/inv_mpu.c:2279:5:mpu_write_mem	40	static
../APP/MPU6050/inv_mpu.c:2312:5:mpu_read_mem	40	static
../APP/MPU6050/inv_mpu.c:2344:5:mpu_load_firmware	64	static
../APP/MPU6050/inv_mpu.c:2385:5:mpu_set_dmp_state	40	static
../APP/MPU6050/inv_mpu.c:2424:5:mpu_get_dmp_state	16	static
../APP/MPU6050/inv_mpu.c:2543:5:mpu_get_compass_reg	16	static
../APP/MPU6050/inv_mpu.c:2596:5:mpu_get_compass_fsr	16	static
../APP/MPU6050/inv_mpu.c:2650:5:mpu_lp_motion_interrupt	48	static
../APP/MPU6050/inv_mpu.c:2857:6:myget_ms	16	static
